
Discarded input sections

 .data          0x0000000000000000        0x0 build/obj/crt0_v6m.o
 .bss           0x0000000000000000        0x0 build/obj/crt0_v6m.o
 .data          0x0000000000000000        0x0 build/obj/chcoreasm_v6m.o
 .bss           0x0000000000000000        0x0 build/obj/chcoreasm_v6m.o
 .text          0x0000000000000000        0x0 /var/folders/qd/4mxf5pkd0zdf0b9dd1hp39180000gn/T//ccmmtKW1.ltrans0.ltrans.o
 .data          0x0000000000000000        0x0 /var/folders/qd/4mxf5pkd0zdf0b9dd1hp39180000gn/T//ccmmtKW1.ltrans0.ltrans.o
 .bss           0x0000000000000000        0x0 /var/folders/qd/4mxf5pkd0zdf0b9dd1hp39180000gn/T//ccmmtKW1.ltrans0.ltrans.o

Memory Configuration

Name             Origin             Length             Attributes
flash            0x0000000008000000 0x0000000000010000
ram0             0x0000000020000000 0x0000000000002000
ram1             0x0000000000000000 0x0000000000000000
ram2             0x0000000000000000 0x0000000000000000
ram3             0x0000000000000000 0x0000000000000000
ram4             0x0000000000000000 0x0000000000000000
ram5             0x0000000000000000 0x0000000000000000
ram6             0x0000000000000000 0x0000000000000000
ram7             0x0000000000000000 0x0000000000000000
*default*        0x0000000000000000 0xffffffffffffffff

Linker script and memory map

LOAD build/obj/crt0_v6m.o
LOAD build/obj/chcoreasm_v6m.o
LOAD /var/folders/qd/4mxf5pkd0zdf0b9dd1hp39180000gn/T//ccmmtKW1.ltrans0.ltrans.o
                0x0000000020000000                __ram0_start__ = ORIGIN (ram0)
                0x0000000000002000                __ram0_size__ = LENGTH (ram0)
                0x0000000020002000                __ram0_end__ = (__ram0_start__ + __ram0_size__)
                0x0000000000000000                __ram1_start__ = ORIGIN (ram1)
                0x0000000000000000                __ram1_size__ = LENGTH (ram1)
                0x0000000000000000                __ram1_end__ = (__ram1_start__ + __ram1_size__)
                0x0000000000000000                __ram2_start__ = ORIGIN (ram2)
                0x0000000000000000                __ram2_size__ = LENGTH (ram2)
                0x0000000000000000                __ram2_end__ = (__ram2_start__ + __ram2_size__)
                0x0000000000000000                __ram3_start__ = ORIGIN (ram3)
                0x0000000000000000                __ram3_size__ = LENGTH (ram3)
                0x0000000000000000                __ram3_end__ = (__ram3_start__ + __ram3_size__)
                0x0000000000000000                __ram4_start__ = ORIGIN (ram4)
                0x0000000000000000                __ram4_size__ = LENGTH (ram4)
                0x0000000000000000                __ram4_end__ = (__ram4_start__ + __ram4_size__)
                0x0000000000000000                __ram5_start__ = ORIGIN (ram5)
                0x0000000000000000                __ram5_size__ = LENGTH (ram5)
                0x0000000000000000                __ram5_end__ = (__ram5_start__ + __ram5_size__)
                0x0000000000000000                __ram6_start__ = ORIGIN (ram6)
                0x0000000000000000                __ram6_size__ = LENGTH (ram6)
                0x0000000000000000                __ram6_end__ = (__ram6_start__ + __ram6_size__)
                0x0000000000000000                __ram7_start__ = ORIGIN (ram7)
                0x0000000000000000                __ram7_size__ = LENGTH (ram7)
                0x0000000000000000                __ram7_end__ = (__ram7_start__ + __ram7_size__)
                0x0000000000000000                . = 0x0
                0x0000000000000000                _text = .

startup         0x0000000008000000       0xc0
 *(.vectors)
 .vectors       0x0000000008000000       0xc0 /var/folders/qd/4mxf5pkd0zdf0b9dd1hp39180000gn/T//ccmmtKW1.ltrans0.ltrans.o
                0x0000000008000000                _vectors

constructors    0x00000000080000c0        0x0
                0x00000000080000c0                PROVIDE (__init_array_start, .)
 *(SORT_BY_NAME(.init_array.*))
 *(.init_array)
                0x00000000080000c0                PROVIDE (__init_array_end, .)

destructors     0x00000000080000c0        0x0
                0x00000000080000c0                PROVIDE (__fini_array_start, .)
 *(.fini_array)
 *(SORT_BY_NAME(.fini_array.*))
                0x00000000080000c0                PROVIDE (__fini_array_end, .)

.text           0x00000000080000c0     0x1790
 *(.text)
 .text          0x00000000080000c0       0xc0 build/obj/crt0_v6m.o
                0x00000000080000c0                Reset_Handler
 .text          0x0000000008000180       0x4c build/obj/chcoreasm_v6m.o
                0x0000000008000180                _port_switch
                0x00000000080001a0                _port_thread_start
                0x00000000080001b0                _port_switch_from_isr
                0x00000000080001bc                _port_exit_from_isr
 *(.text.*)
 *fill*         0x00000000080001cc        0x4 
 .text.adc_lld_start_conversion.constprop.5
                0x00000000080001d0       0x68 /var/folders/qd/4mxf5pkd0zdf0b9dd1hp39180000gn/T//ccmmtKW1.ltrans0.ltrans.o
 *fill*         0x0000000008000238        0x8 
 .text._idle_thread
                0x0000000008000240        0x4 /var/folders/qd/4mxf5pkd0zdf0b9dd1hp39180000gn/T//ccmmtKW1.ltrans0.ltrans.o
 *fill*         0x0000000008000244        0xc 
 .text.adcerrorcallback
                0x0000000008000250        0x4 /var/folders/qd/4mxf5pkd0zdf0b9dd1hp39180000gn/T//ccmmtKW1.ltrans0.ltrans.o
 *fill*         0x0000000008000254        0xc 
 .text.adccallback
                0x0000000008000260       0x2c /var/folders/qd/4mxf5pkd0zdf0b9dd1hp39180000gn/T//ccmmtKW1.ltrans0.ltrans.o
 *fill*         0x000000000800028c        0x4 
 .text.adc_lld_stop_conversion
                0x0000000008000290       0x30 /var/folders/qd/4mxf5pkd0zdf0b9dd1hp39180000gn/T//ccmmtKW1.ltrans0.ltrans.o
 .text.stSetAlarm
                0x00000000080002c0       0x20 /var/folders/qd/4mxf5pkd0zdf0b9dd1hp39180000gn/T//ccmmtKW1.ltrans0.ltrans.o
 .text._port_irq_epilogue.part.0
                0x00000000080002e0       0x40 /var/folders/qd/4mxf5pkd0zdf0b9dd1hp39180000gn/T//ccmmtKW1.ltrans0.ltrans.o
 .text.NMI_Handler
                0x0000000008000320       0x14 /var/folders/qd/4mxf5pkd0zdf0b9dd1hp39180000gn/T//ccmmtKW1.ltrans0.ltrans.o
 *fill*         0x0000000008000334        0xc 
 .text._dbg_trace
                0x0000000008000340       0x34 /var/folders/qd/4mxf5pkd0zdf0b9dd1hp39180000gn/T//ccmmtKW1.ltrans0.ltrans.o
 *fill*         0x0000000008000374        0xc 
 .text.chDbgCheckClassS
                0x0000000008000380       0x20 /var/folders/qd/4mxf5pkd0zdf0b9dd1hp39180000gn/T//ccmmtKW1.ltrans0.ltrans.o
 .text.chDbgCheckClassI
                0x00000000080003a0       0x20 /var/folders/qd/4mxf5pkd0zdf0b9dd1hp39180000gn/T//ccmmtKW1.ltrans0.ltrans.o
 .text.chSchReadyI
                0x00000000080003c0       0x54 /var/folders/qd/4mxf5pkd0zdf0b9dd1hp39180000gn/T//ccmmtKW1.ltrans0.ltrans.o
 *fill*         0x0000000008000414        0xc 
 .text.chThdResumeI
                0x0000000008000420       0x30 /var/folders/qd/4mxf5pkd0zdf0b9dd1hp39180000gn/T//ccmmtKW1.ltrans0.ltrans.o
 .text._dbg_check_leave_isr
                0x0000000008000450       0x28 /var/folders/qd/4mxf5pkd0zdf0b9dd1hp39180000gn/T//ccmmtKW1.ltrans0.ltrans.o
 *fill*         0x0000000008000478        0x8 
 .text._dbg_check_enter_isr
                0x0000000008000480       0x28 /var/folders/qd/4mxf5pkd0zdf0b9dd1hp39180000gn/T//ccmmtKW1.ltrans0.ltrans.o
 *fill*         0x00000000080004a8        0x8 
 .text._dbg_check_unlock_from_isr
                0x00000000080004b0       0x24 /var/folders/qd/4mxf5pkd0zdf0b9dd1hp39180000gn/T//ccmmtKW1.ltrans0.ltrans.o
 *fill*         0x00000000080004d4        0xc 
 .text._dbg_check_lock_from_isr
                0x00000000080004e0       0x24 /var/folders/qd/4mxf5pkd0zdf0b9dd1hp39180000gn/T//ccmmtKW1.ltrans0.ltrans.o
 *fill*         0x0000000008000504        0xc 
 .text.adc_lld_serve_rx_interrupt
                0x0000000008000510       0xd0 /var/folders/qd/4mxf5pkd0zdf0b9dd1hp39180000gn/T//ccmmtKW1.ltrans0.ltrans.o
 .text.wakeup   0x00000000080005e0       0x5c /var/folders/qd/4mxf5pkd0zdf0b9dd1hp39180000gn/T//ccmmtKW1.ltrans0.ltrans.o
 *fill*         0x000000000800063c        0x4 
 .text._unhandled_exception
                0x0000000008000640       0x14 /var/folders/qd/4mxf5pkd0zdf0b9dd1hp39180000gn/T//ccmmtKW1.ltrans0.ltrans.o
 *fill*         0x0000000008000654        0xc 
 .text.Vector70
                0x0000000008000660       0xc4 /var/folders/qd/4mxf5pkd0zdf0b9dd1hp39180000gn/T//ccmmtKW1.ltrans0.ltrans.o
 *fill*         0x0000000008000724        0xc 
 .text.Vector7C
                0x0000000008000730       0xdc /var/folders/qd/4mxf5pkd0zdf0b9dd1hp39180000gn/T//ccmmtKW1.ltrans0.ltrans.o
 *fill*         0x000000000800080c        0x4 
 .text.Vector6C
                0x0000000008000810       0x54 /var/folders/qd/4mxf5pkd0zdf0b9dd1hp39180000gn/T//ccmmtKW1.ltrans0.ltrans.o
 *fill*         0x0000000008000864        0xc 
 .text.Vector68
                0x0000000008000870       0x54 /var/folders/qd/4mxf5pkd0zdf0b9dd1hp39180000gn/T//ccmmtKW1.ltrans0.ltrans.o
 *fill*         0x00000000080008c4        0xc 
 .text.Vector64
                0x00000000080008d0       0x34 /var/folders/qd/4mxf5pkd0zdf0b9dd1hp39180000gn/T//ccmmtKW1.ltrans0.ltrans.o
 *fill*         0x0000000008000904        0xc 
 .text.chSchWakeupS
                0x0000000008000910       0x58 /var/folders/qd/4mxf5pkd0zdf0b9dd1hp39180000gn/T//ccmmtKW1.ltrans0.ltrans.o
 *fill*         0x0000000008000968        0x8 
 .text.chSchGoSleepS
                0x0000000008000970       0x4c /var/folders/qd/4mxf5pkd0zdf0b9dd1hp39180000gn/T//ccmmtKW1.ltrans0.ltrans.o
 *fill*         0x00000000080009bc        0x4 
 .text.__early_init
                0x00000000080009c0       0xa4 /var/folders/qd/4mxf5pkd0zdf0b9dd1hp39180000gn/T//ccmmtKW1.ltrans0.ltrans.o
                0x00000000080009c0                __early_init
 *fill*         0x0000000008000a64        0xc 
 .text.chSchDoReschedule
                0x0000000008000a70       0x5c /var/folders/qd/4mxf5pkd0zdf0b9dd1hp39180000gn/T//ccmmtKW1.ltrans0.ltrans.o
                0x0000000008000a70                chSchDoReschedule
 *fill*         0x0000000008000acc        0x4 
 .text._dbg_check_unlock
                0x0000000008000ad0       0x24 /var/folders/qd/4mxf5pkd0zdf0b9dd1hp39180000gn/T//ccmmtKW1.ltrans0.ltrans.o
                0x0000000008000ad0                _dbg_check_unlock
 *fill*         0x0000000008000af4        0xc 
 .text.chSysUnlock.lto_priv.22
                0x0000000008000b00       0x2c /var/folders/qd/4mxf5pkd0zdf0b9dd1hp39180000gn/T//ccmmtKW1.ltrans0.ltrans.o
 *fill*         0x0000000008000b2c        0x4 
 .text.chSysUnlock.lto_priv.20
                0x0000000008000b30       0x2c /var/folders/qd/4mxf5pkd0zdf0b9dd1hp39180000gn/T//ccmmtKW1.ltrans0.ltrans.o
 *fill*         0x0000000008000b5c        0x4 
 .text._dbg_check_lock
                0x0000000008000b60       0x24 /var/folders/qd/4mxf5pkd0zdf0b9dd1hp39180000gn/T//ccmmtKW1.ltrans0.ltrans.o
                0x0000000008000b60                _dbg_check_lock
 *fill*         0x0000000008000b84        0xc 
 .text.chCoreAlloc
                0x0000000008000b90       0x60 /var/folders/qd/4mxf5pkd0zdf0b9dd1hp39180000gn/T//ccmmtKW1.ltrans0.ltrans.o
 .text.chThdExit
                0x0000000008000bf0       0x50 /var/folders/qd/4mxf5pkd0zdf0b9dd1hp39180000gn/T//ccmmtKW1.ltrans0.ltrans.o
                0x0000000008000bf0                chThdExit
 .text.chThdSleep
                0x0000000008000c40      0x140 /var/folders/qd/4mxf5pkd0zdf0b9dd1hp39180000gn/T//ccmmtKW1.ltrans0.ltrans.o
 .text.startup.main
                0x0000000008000d80      0x780 /var/folders/qd/4mxf5pkd0zdf0b9dd1hp39180000gn/T//ccmmtKW1.ltrans0.ltrans.o
                0x0000000008000d80                main
 .text.Thread1  0x0000000008001500       0x34 /var/folders/qd/4mxf5pkd0zdf0b9dd1hp39180000gn/T//ccmmtKW1.ltrans0.ltrans.o
 *fill*         0x0000000008001534        0xc 
 .text.__default_exit
                0x0000000008001540        0x4 /var/folders/qd/4mxf5pkd0zdf0b9dd1hp39180000gn/T//ccmmtKW1.ltrans0.ltrans.o
                0x0000000008001540                __default_exit
 *fill*         0x0000000008001544        0xc 
 .text.__late_init
                0x0000000008001550        0x4 /var/folders/qd/4mxf5pkd0zdf0b9dd1hp39180000gn/T//ccmmtKW1.ltrans0.ltrans.o
                0x0000000008001550                __late_init
 *(.rodata)
 *(.rodata.*)
 *fill*         0x0000000008001554        0xc 
 .rodata.wakeup
                0x0000000008001560       0x20 /var/folders/qd/4mxf5pkd0zdf0b9dd1hp39180000gn/T//ccmmtKW1.ltrans0.ltrans.o
 .rodata.Thread1.str1.4
                0x0000000008001580        0x8 /var/folders/qd/4mxf5pkd0zdf0b9dd1hp39180000gn/T//ccmmtKW1.ltrans0.ltrans.o
 *fill*         0x0000000008001588        0x8 
 .rodata.__func__.5058.lto_priv.23
                0x0000000008001590        0xc /var/folders/qd/4mxf5pkd0zdf0b9dd1hp39180000gn/T//ccmmtKW1.ltrans0.ltrans.o
 *fill*         0x000000000800159c        0x4 
 .rodata.__func__.5058.lto_priv.24
                0x00000000080015a0        0xc /var/folders/qd/4mxf5pkd0zdf0b9dd1hp39180000gn/T//ccmmtKW1.ltrans0.ltrans.o
 *fill*         0x00000000080015ac        0x4 
 .rodata.__func__.5058.lto_priv.25
                0x00000000080015b0        0xc /var/folders/qd/4mxf5pkd0zdf0b9dd1hp39180000gn/T//ccmmtKW1.ltrans0.ltrans.o
 *fill*         0x00000000080015bc        0x4 
 .rodata.__func__.5144
                0x00000000080015c0        0xc /var/folders/qd/4mxf5pkd0zdf0b9dd1hp39180000gn/T//ccmmtKW1.ltrans0.ltrans.o
 *fill*         0x00000000080015cc        0x4 
 .rodata.__func__.5758
                0x00000000080015d0        0xc /var/folders/qd/4mxf5pkd0zdf0b9dd1hp39180000gn/T//ccmmtKW1.ltrans0.ltrans.o
 *fill*         0x00000000080015dc        0x4 
 .rodata.__func__.5814
                0x00000000080015e0        0xb /var/folders/qd/4mxf5pkd0zdf0b9dd1hp39180000gn/T//ccmmtKW1.ltrans0.ltrans.o
 *fill*         0x00000000080015eb        0x5 
 .rodata.__func__.5824
                0x00000000080015f0        0xe /var/folders/qd/4mxf5pkd0zdf0b9dd1hp39180000gn/T//ccmmtKW1.ltrans0.ltrans.o
 *fill*         0x00000000080015fe        0x2 
 .rodata.__func__.5836
                0x0000000008001600        0xd /var/folders/qd/4mxf5pkd0zdf0b9dd1hp39180000gn/T//ccmmtKW1.ltrans0.ltrans.o
 *fill*         0x000000000800160d        0x3 
 .rodata.__func__.5842
                0x0000000008001610        0xd /var/folders/qd/4mxf5pkd0zdf0b9dd1hp39180000gn/T//ccmmtKW1.ltrans0.ltrans.o
 *fill*         0x000000000800161d        0x3 
 .rodata.__func__.6182
                0x0000000008001620        0xd /var/folders/qd/4mxf5pkd0zdf0b9dd1hp39180000gn/T//ccmmtKW1.ltrans0.ltrans.o
 *fill*         0x000000000800162d        0x3 
 .rodata.__func__.6186
                0x0000000008001630        0x9 /var/folders/qd/4mxf5pkd0zdf0b9dd1hp39180000gn/T//ccmmtKW1.ltrans0.ltrans.o
 *fill*         0x0000000008001639        0x7 
 .rodata.__func__.6189
                0x0000000008001640        0xb /var/folders/qd/4mxf5pkd0zdf0b9dd1hp39180000gn/T//ccmmtKW1.ltrans0.ltrans.o
 *fill*         0x000000000800164b        0x5 
 .rodata.__func__.6197
                0x0000000008001650        0xd /var/folders/qd/4mxf5pkd0zdf0b9dd1hp39180000gn/T//ccmmtKW1.ltrans0.ltrans.o
 *fill*         0x000000000800165d        0x3 
 .rodata.__func__.6203
                0x0000000008001660       0x14 /var/folders/qd/4mxf5pkd0zdf0b9dd1hp39180000gn/T//ccmmtKW1.ltrans0.ltrans.o
 *fill*         0x0000000008001674        0xc 
 .rodata.__func__.6205
                0x0000000008001680        0xe /var/folders/qd/4mxf5pkd0zdf0b9dd1hp39180000gn/T//ccmmtKW1.ltrans0.ltrans.o
 *fill*         0x000000000800168e        0x2 
 .rodata.__func__.6207
                0x0000000008001690       0x12 /var/folders/qd/4mxf5pkd0zdf0b9dd1hp39180000gn/T//ccmmtKW1.ltrans0.ltrans.o
 *fill*         0x00000000080016a2        0xe 
 .rodata.__func__.6211
                0x00000000080016b0       0x12 /var/folders/qd/4mxf5pkd0zdf0b9dd1hp39180000gn/T//ccmmtKW1.ltrans0.ltrans.o
 *fill*         0x00000000080016c2        0xe 
 .rodata.__func__.6219
                0x00000000080016d0        0xb /var/folders/qd/4mxf5pkd0zdf0b9dd1hp39180000gn/T//ccmmtKW1.ltrans0.ltrans.o
 *fill*         0x00000000080016db        0x5 
 .rodata._dbg_check_enter_isr.str1.4
                0x00000000080016e0        0x5 /var/folders/qd/4mxf5pkd0zdf0b9dd1hp39180000gn/T//ccmmtKW1.ltrans0.ltrans.o
 *fill*         0x00000000080016e5        0xb 
 .rodata._dbg_check_leave_isr.str1.4
                0x00000000080016f0        0x5 /var/folders/qd/4mxf5pkd0zdf0b9dd1hp39180000gn/T//ccmmtKW1.ltrans0.ltrans.o
 *fill*         0x00000000080016f5        0xb 
 .rodata._dbg_check_lock.str1.4
                0x0000000008001700        0x5 /var/folders/qd/4mxf5pkd0zdf0b9dd1hp39180000gn/T//ccmmtKW1.ltrans0.ltrans.o
 *fill*         0x0000000008001705        0xb 
 .rodata._dbg_check_lock_from_isr.str1.4
                0x0000000008001710        0x5 /var/folders/qd/4mxf5pkd0zdf0b9dd1hp39180000gn/T//ccmmtKW1.ltrans0.ltrans.o
 *fill*         0x0000000008001715        0xb 
 .rodata._dbg_check_unlock.str1.4
                0x0000000008001720        0x5 /var/folders/qd/4mxf5pkd0zdf0b9dd1hp39180000gn/T//ccmmtKW1.ltrans0.ltrans.o
 *fill*         0x0000000008001725        0xb 
 .rodata._dbg_check_unlock_from_isr.str1.4
                0x0000000008001730        0x5 /var/folders/qd/4mxf5pkd0zdf0b9dd1hp39180000gn/T//ccmmtKW1.ltrans0.ltrans.o
 *fill*         0x0000000008001735        0xb 
 .rodata._stm32_dma_streams
                0x0000000008001740       0x50 /var/folders/qd/4mxf5pkd0zdf0b9dd1hp39180000gn/T//ccmmtKW1.ltrans0.ltrans.o
 .rodata._unhandled_exception.str1.4
                0x0000000008001790       0x14 /var/folders/qd/4mxf5pkd0zdf0b9dd1hp39180000gn/T//ccmmtKW1.ltrans0.ltrans.o
 *fill*         0x00000000080017a4        0xc 
 .rodata.adcgrpcfg1
                0x00000000080017b0       0x1c /var/folders/qd/4mxf5pkd0zdf0b9dd1hp39180000gn/T//ccmmtKW1.ltrans0.ltrans.o
 *fill*         0x00000000080017cc        0x4 
 .rodata.adcgrpcfg2
                0x00000000080017d0       0x1c /var/folders/qd/4mxf5pkd0zdf0b9dd1hp39180000gn/T//ccmmtKW1.ltrans0.ltrans.o
 *fill*         0x00000000080017ec        0x4 
 .rodata.chDbgCheckClassI.str1.4
                0x00000000080017f0        0x6 /var/folders/qd/4mxf5pkd0zdf0b9dd1hp39180000gn/T//ccmmtKW1.ltrans0.ltrans.o
 *fill*         0x00000000080017f6        0xa 
 .rodata.chDbgCheckClassS.str1.4
                0x0000000008001800        0x6 /var/folders/qd/4mxf5pkd0zdf0b9dd1hp39180000gn/T//ccmmtKW1.ltrans0.ltrans.o
 *fill*         0x0000000008001806        0xa 
 .rodata.chSchWakeupS.str1.4
                0x0000000008001810        0xf /var/folders/qd/4mxf5pkd0zdf0b9dd1hp39180000gn/T//ccmmtKW1.ltrans0.ltrans.o
 *fill*         0x000000000800181f        0x1 
 .rodata.ch_debug
                0x0000000008001820       0x16 /var/folders/qd/4mxf5pkd0zdf0b9dd1hp39180000gn/T//ccmmtKW1.ltrans0.ltrans.o
 *fill*         0x0000000008001836        0xa 
 .rodata.main.str1.4
                0x0000000008001840       0x10 /var/folders/qd/4mxf5pkd0zdf0b9dd1hp39180000gn/T//ccmmtKW1.ltrans0.ltrans.o
                                          0xd (size before relaxing)
 *(.glue_7t)
 .glue_7t       0x0000000008001850        0x0 linker stubs
 *(.glue_7)
 .glue_7        0x0000000008001850        0x0 linker stubs
 *(.gcc*)

.vfp11_veneer   0x0000000008001850        0x0
 .vfp11_veneer  0x0000000008001850        0x0 linker stubs

.v4_bx          0x0000000008001850        0x0
 .v4_bx         0x0000000008001850        0x0 linker stubs

.iplt           0x0000000008001850        0x0
 .iplt          0x0000000008001850        0x0 build/obj/crt0_v6m.o

.rel.dyn        0x0000000008001850        0x0
 .rel.iplt      0x0000000008001850        0x0 build/obj/crt0_v6m.o

.ARM.extab
 *(.ARM.extab* .gnu.linkonce.armextab.*)

.ARM.exidx      0x0000000008001850        0x0
                [!provide]                        PROVIDE (__exidx_start, .)
 *(.ARM.exidx* .gnu.linkonce.armexidx.*)
                [!provide]                        PROVIDE (__exidx_end, .)

.eh_frame_hdr
 *(.eh_frame_hdr)

.eh_frame
 *(.eh_frame)

.textalign      0x0000000008001850        0x0
                0x0000000008001850                . = ALIGN (0x8)
                0x0000000008001850                . = ALIGN (0x4)
                0x0000000008001850                _etext = .
                0x0000000008001850                _textdata = _etext

.mstack         0x0000000020000000      0x400
                0x0000000020000000                . = ALIGN (0x8)
                0x0000000020000000                __main_stack_base__ = .
                0x0000000020000400                . = (. + __main_stack_size__)
 *fill*         0x0000000020000000      0x400 
                0x0000000020000400                . = ALIGN (0x8)
                0x0000000020000400                __main_stack_end__ = .

.pstack         0x0000000020000400      0x200
                0x0000000020000400                __process_stack_base__ = .
                0x0000000020000400                __main_thread_stack_base__ = .
                0x0000000020000600                . = (. + __process_stack_size__)
 *fill*         0x0000000020000400      0x200 
                0x0000000020000600                . = ALIGN (0x8)
                0x0000000020000600                __process_stack_end__ = .
                0x0000000020000600                __main_thread_stack_end__ = .

.data           0x0000000020000600        0x0 load address 0x0000000008001850
                0x0000000020000600                . = ALIGN (0x4)
                0x0000000020000600                PROVIDE (_data, .)
 *(.data)
 *(.data.*)
 *(.ramtext)
                0x0000000020000600                . = ALIGN (0x4)
                0x0000000020000600                PROVIDE (_edata, .)

.igot.plt       0x0000000020000600        0x0 load address 0x0000000008001850
 .igot.plt      0x0000000020000600        0x0 build/obj/crt0_v6m.o

.bss            0x0000000020000600      0x7e0 load address 0x0000000008001850
                0x0000000020000600                . = ALIGN (0x4)
                0x0000000020000600                PROVIDE (_bss_start, .)
 *(.bss)
 *(.bss.*)
 .bss.ADCD1     0x0000000020000600       0x34 /var/folders/qd/4mxf5pkd0zdf0b9dd1hp39180000gn/T//ccmmtKW1.ltrans0.ltrans.o
 *fill*         0x0000000020000634        0x4 
 .bss.ch        0x0000000020000638      0x568 /var/folders/qd/4mxf5pkd0zdf0b9dd1hp39180000gn/T//ccmmtKW1.ltrans0.ltrans.o
 .bss.default_heap
                0x0000000020000ba0       0x20 /var/folders/qd/4mxf5pkd0zdf0b9dd1hp39180000gn/T//ccmmtKW1.ltrans0.ltrans.o
 .bss.dma_isr_redir
                0x0000000020000bc0       0x28 /var/folders/qd/4mxf5pkd0zdf0b9dd1hp39180000gn/T//ccmmtKW1.ltrans0.ltrans.o
 .bss.dma_streams_mask
                0x0000000020000be8        0x4 /var/folders/qd/4mxf5pkd0zdf0b9dd1hp39180000gn/T//ccmmtKW1.ltrans0.ltrans.o
 .bss.endmem    0x0000000020000bec        0x4 /var/folders/qd/4mxf5pkd0zdf0b9dd1hp39180000gn/T//ccmmtKW1.ltrans0.ltrans.o
 .bss.nextmem   0x0000000020000bf0        0x4 /var/folders/qd/4mxf5pkd0zdf0b9dd1hp39180000gn/T//ccmmtKW1.ltrans0.ltrans.o
 .bss.nx        0x0000000020000bf4        0x4 /var/folders/qd/4mxf5pkd0zdf0b9dd1hp39180000gn/T//ccmmtKW1.ltrans0.ltrans.o
 .bss.ny        0x0000000020000bf8        0x4 /var/folders/qd/4mxf5pkd0zdf0b9dd1hp39180000gn/T//ccmmtKW1.ltrans0.ltrans.o
 .bss.samples1  0x0000000020000bfc       0x10 /var/folders/qd/4mxf5pkd0zdf0b9dd1hp39180000gn/T//ccmmtKW1.ltrans0.ltrans.o
 .bss.samples2  0x0000000020000c0c       0x80 /var/folders/qd/4mxf5pkd0zdf0b9dd1hp39180000gn/T//ccmmtKW1.ltrans0.ltrans.o
 *fill*         0x0000000020000c8c        0x4 
 .bss.waThread1
                0x0000000020000c90      0x150 /var/folders/qd/4mxf5pkd0zdf0b9dd1hp39180000gn/T//ccmmtKW1.ltrans0.ltrans.o
 *(COMMON)
                0x0000000020000de0                . = ALIGN (0x4)
                0x0000000020000de0                PROVIDE (_bss_end, .)
                [!provide]                        PROVIDE (end, .)

.ram0           0x0000000020000de0        0x0 load address 0x0000000008001850
                0x0000000020000de0                . = ALIGN (0x4)
 *(.ram0)
 *(.ram0.*)
                0x0000000020000de0                . = ALIGN (0x4)
                0x0000000020000de0                __ram0_free__ = .

.ram1           0x0000000000000000        0x0
                0x0000000000000000                . = ALIGN (0x4)
 *(.ram1)
 *(.ram1.*)
                0x0000000000000000                . = ALIGN (0x4)
                0x0000000000000000                __ram1_free__ = .

.ram2           0x0000000000000000        0x0
                0x0000000000000000                . = ALIGN (0x4)
 *(.ram2)
 *(.ram2.*)
                0x0000000000000000                . = ALIGN (0x4)
                0x0000000000000000                __ram2_free__ = .

.ram3           0x0000000000000000        0x0
                0x0000000000000000                . = ALIGN (0x4)
 *(.ram3)
 *(.ram3.*)
                0x0000000000000000                . = ALIGN (0x4)
                0x0000000000000000                __ram3_free__ = .

.ram4           0x0000000000000000        0x0
                0x0000000000000000                . = ALIGN (0x4)
 *(.ram4)
 *(.ram4.*)
                0x0000000000000000                . = ALIGN (0x4)
                0x0000000000000000                __ram4_free__ = .

.ram5           0x0000000000000000        0x0
                0x0000000000000000                . = ALIGN (0x4)
 *(.ram5)
 *(.ram5.*)
                0x0000000000000000                . = ALIGN (0x4)
                0x0000000000000000                __ram5_free__ = .

.ram6           0x0000000000000000        0x0
                0x0000000000000000                . = ALIGN (0x4)
 *(.ram6)
 *(.ram6.*)
                0x0000000000000000                . = ALIGN (0x4)
                0x0000000000000000                __ram6_free__ = .

.ram7           0x0000000000000000        0x0
                0x0000000000000000                . = ALIGN (0x4)
 *(.ram7)
 *(.ram7.*)
                0x0000000000000000                . = ALIGN (0x4)
                0x0000000000000000                __ram7_free__ = .
                0x0000000020000de0                __heap_base__ = __ram0_free__
                0x0000000020002000                __heap_end__ = __ram0_end__
                0x0000000000000200                __process_stack_size__ = 0x200
                0x0000000000000400                __main_stack_size__ = 0x400
START GROUP
LOAD /Applications/Eclipse_e-puck2.app/Contents/Eclipse_e-puck2/Tools/gcc-arm-none-eabi-7-2017-q4-major/bin/../lib/gcc/arm-none-eabi/7.2.1/thumb/v6-m/libgcc.a
LOAD /Applications/Eclipse_e-puck2.app/Contents/Eclipse_e-puck2/Tools/gcc-arm-none-eabi-7-2017-q4-major/bin/../lib/gcc/arm-none-eabi/7.2.1/../../../../arm-none-eabi/lib/thumb/v6-m/libg.a
LOAD /Applications/Eclipse_e-puck2.app/Contents/Eclipse_e-puck2/Tools/gcc-arm-none-eabi-7-2017-q4-major/bin/../lib/gcc/arm-none-eabi/7.2.1/../../../../arm-none-eabi/lib/thumb/v6-m/libc.a
END GROUP
OUTPUT(build/ch.elf elf32-littlearm)

.ARM.attributes
                0x0000000000000000       0x2b
 .ARM.attributes
                0x0000000000000000       0x21 build/obj/crt0_v6m.o
 .ARM.attributes
                0x0000000000000021       0x21 build/obj/chcoreasm_v6m.o
 .ARM.attributes
                0x0000000000000042       0x2f /var/folders/qd/4mxf5pkd0zdf0b9dd1hp39180000gn/T//ccmmtKW1.ltrans0.ltrans.o

.comment        0x0000000000000000       0x7e
 .comment       0x0000000000000000       0x7e /var/folders/qd/4mxf5pkd0zdf0b9dd1hp39180000gn/T//ccmmtKW1.ltrans0.ltrans.o
                                         0x7f (size before relaxing)

.debug_info     0x0000000000000000     0x552c
 .debug_info    0x0000000000000000     0x552c /var/folders/qd/4mxf5pkd0zdf0b9dd1hp39180000gn/T//ccmmtKW1.ltrans0.ltrans.o

.debug_abbrev   0x0000000000000000      0x6ff
 .debug_abbrev  0x0000000000000000      0x6ff /var/folders/qd/4mxf5pkd0zdf0b9dd1hp39180000gn/T//ccmmtKW1.ltrans0.ltrans.o

.debug_loc      0x0000000000000000     0x1944
 .debug_loc     0x0000000000000000     0x1944 /var/folders/qd/4mxf5pkd0zdf0b9dd1hp39180000gn/T//ccmmtKW1.ltrans0.ltrans.o

.debug_aranges  0x0000000000000000      0x158
 .debug_aranges
                0x0000000000000000      0x158 /var/folders/qd/4mxf5pkd0zdf0b9dd1hp39180000gn/T//ccmmtKW1.ltrans0.ltrans.o

.debug_ranges   0x0000000000000000      0x990
 .debug_ranges  0x0000000000000000      0x990 /var/folders/qd/4mxf5pkd0zdf0b9dd1hp39180000gn/T//ccmmtKW1.ltrans0.ltrans.o

.debug_line     0x0000000000000000     0x1449
 .debug_line    0x0000000000000000     0x1449 /var/folders/qd/4mxf5pkd0zdf0b9dd1hp39180000gn/T//ccmmtKW1.ltrans0.ltrans.o

.debug_str      0x0000000000000000     0x1828
 .debug_str     0x0000000000000000     0x1828 /var/folders/qd/4mxf5pkd0zdf0b9dd1hp39180000gn/T//ccmmtKW1.ltrans0.ltrans.o
                                       0x18f6 (size before relaxing)

.debug_frame    0x0000000000000000      0x3a0
 .debug_frame   0x0000000000000000      0x3a0 /var/folders/qd/4mxf5pkd0zdf0b9dd1hp39180000gn/T//ccmmtKW1.ltrans0.ltrans.o

Cross Reference Table

Symbol                                            File
ADCD1                                             build/obj/adc_lld.o (symbol from plugin)
                                                  build/obj/main.o (symbol from plugin)
BusFault_Handler                                  build/obj/vectors.o (symbol from plugin)
DebugMon_Handler                                  build/obj/vectors.o (symbol from plugin)
HardFault_Handler                                 build/obj/vectors.o (symbol from plugin)
MemManage_Handler                                 build/obj/vectors.o (symbol from plugin)
NMI_Handler                                       build/obj/chcore_v6m.o (symbol from plugin)
                                                  build/obj/vectors.o (symbol from plugin)
PendSV_Handler                                    build/obj/vectors.o (symbol from plugin)
Reset_Handler                                     build/obj/crt0_v6m.o
                                                  /var/folders/qd/4mxf5pkd0zdf0b9dd1hp39180000gn/T//ccmmtKW1.ltrans0.ltrans.o
SVC_Handler                                       build/obj/vectors.o (symbol from plugin)
SysTick_Handler                                   build/obj/vectors.o (symbol from plugin)
SystemCoreClock                                   build/obj/hal_lld.o (symbol from plugin)
UsageFault_Handler                                build/obj/vectors.o (symbol from plugin)
Vector1C                                          build/obj/vectors.o (symbol from plugin)
Vector20                                          build/obj/vectors.o (symbol from plugin)
Vector24                                          build/obj/vectors.o (symbol from plugin)
Vector28                                          build/obj/vectors.o (symbol from plugin)
Vector34                                          build/obj/vectors.o (symbol from plugin)
Vector40                                          build/obj/vectors.o (symbol from plugin)
Vector44                                          build/obj/vectors.o (symbol from plugin)
Vector48                                          build/obj/vectors.o (symbol from plugin)
Vector4C                                          build/obj/vectors.o (symbol from plugin)
Vector50                                          build/obj/vectors.o (symbol from plugin)
Vector54                                          build/obj/vectors.o (symbol from plugin)
Vector58                                          build/obj/vectors.o (symbol from plugin)
Vector5C                                          build/obj/vectors.o (symbol from plugin)
Vector60                                          build/obj/vectors.o (symbol from plugin)
Vector64                                          build/obj/stm32_dma.o (symbol from plugin)
                                                  build/obj/vectors.o (symbol from plugin)
Vector68                                          build/obj/stm32_dma.o (symbol from plugin)
                                                  build/obj/vectors.o (symbol from plugin)
Vector6C                                          build/obj/stm32_dma.o (symbol from plugin)
                                                  build/obj/vectors.o (symbol from plugin)
Vector70                                          build/obj/adc_lld.o (symbol from plugin)
                                                  build/obj/vectors.o (symbol from plugin)
Vector74                                          build/obj/vectors.o (symbol from plugin)
Vector78                                          build/obj/vectors.o (symbol from plugin)
Vector7C                                          build/obj/st_lld.o (symbol from plugin)
                                                  build/obj/vectors.o (symbol from plugin)
Vector80                                          build/obj/vectors.o (symbol from plugin)
Vector84                                          build/obj/vectors.o (symbol from plugin)
Vector88                                          build/obj/vectors.o (symbol from plugin)
Vector8C                                          build/obj/vectors.o (symbol from plugin)
Vector90                                          build/obj/vectors.o (symbol from plugin)
Vector94                                          build/obj/vectors.o (symbol from plugin)
Vector98                                          build/obj/vectors.o (symbol from plugin)
Vector9C                                          build/obj/vectors.o (symbol from plugin)
VectorA0                                          build/obj/vectors.o (symbol from plugin)
VectorA4                                          build/obj/vectors.o (symbol from plugin)
VectorA8                                          build/obj/vectors.o (symbol from plugin)
VectorAC                                          build/obj/vectors.o (symbol from plugin)
VectorB0                                          build/obj/vectors.o (symbol from plugin)
VectorB4                                          build/obj/vectors.o (symbol from plugin)
VectorB8                                          build/obj/vectors.o (symbol from plugin)
VectorBC                                          build/obj/vectors.o (symbol from plugin)
__default_exit                                    /var/folders/qd/4mxf5pkd0zdf0b9dd1hp39180000gn/T//ccmmtKW1.ltrans0.ltrans.o
                                                  build/obj/crt1.o (symbol from plugin)
                                                  build/obj/crt0_v6m.o
__early_init                                      /var/folders/qd/4mxf5pkd0zdf0b9dd1hp39180000gn/T//ccmmtKW1.ltrans0.ltrans.o
                                                  build/obj/board.o (symbol from plugin)
                                                  build/obj/crt1.o (symbol from plugin)
                                                  build/obj/crt0_v6m.o
__fini_array_end                                  build/obj/crt0_v6m.o
__fini_array_start                                build/obj/crt0_v6m.o
__heap_base__                                     /var/folders/qd/4mxf5pkd0zdf0b9dd1hp39180000gn/T//ccmmtKW1.ltrans0.ltrans.o
                                                  build/obj/chmemcore.o (symbol from plugin)
__heap_end__                                      /var/folders/qd/4mxf5pkd0zdf0b9dd1hp39180000gn/T//ccmmtKW1.ltrans0.ltrans.o
                                                  build/obj/chmemcore.o (symbol from plugin)
__init_array_end                                  build/obj/crt0_v6m.o
__init_array_start                                build/obj/crt0_v6m.o
__late_init                                       /var/folders/qd/4mxf5pkd0zdf0b9dd1hp39180000gn/T//ccmmtKW1.ltrans0.ltrans.o
                                                  build/obj/crt1.o (symbol from plugin)
                                                  build/obj/crt0_v6m.o
__main_stack_base__                               build/obj/crt0_v6m.o
__main_stack_end__                                /var/folders/qd/4mxf5pkd0zdf0b9dd1hp39180000gn/T//ccmmtKW1.ltrans0.ltrans.o
                                                  build/obj/vectors.o (symbol from plugin)
                                                  build/obj/crt0_v6m.o
__main_thread_stack_base__                        /var/folders/qd/4mxf5pkd0zdf0b9dd1hp39180000gn/T//ccmmtKW1.ltrans0.ltrans.o
                                                  build/obj/chsys.o (symbol from plugin)
__process_stack_base__                            build/obj/crt0_v6m.o
__process_stack_end__                             build/obj/crt0_v6m.o
_bss_end                                          build/obj/crt0_v6m.o
_bss_start                                        build/obj/crt0_v6m.o
_core_init                                        build/obj/chmemcore.o (symbol from plugin)
                                                  build/obj/chsys.o (symbol from plugin)
_data                                             build/obj/crt0_v6m.o
_dbg_check_disable                                build/obj/chdebug.o (symbol from plugin)
_dbg_check_enable                                 build/obj/chdebug.o (symbol from plugin)
                                                  build/obj/chsys.o (symbol from plugin)
_dbg_check_enter_isr                              build/obj/chdebug.o (symbol from plugin)
                                                  build/obj/adc_lld.o (symbol from plugin)
                                                  build/obj/st_lld.o (symbol from plugin)
                                                  build/obj/stm32_dma.o (symbol from plugin)
_dbg_check_leave_isr                              build/obj/chdebug.o (symbol from plugin)
                                                  build/obj/adc_lld.o (symbol from plugin)
                                                  build/obj/st_lld.o (symbol from plugin)
                                                  build/obj/stm32_dma.o (symbol from plugin)
_dbg_check_lock                                   /var/folders/qd/4mxf5pkd0zdf0b9dd1hp39180000gn/T//ccmmtKW1.ltrans0.ltrans.o
                                                  build/obj/chdebug.o (symbol from plugin)
                                                  build/obj/adc.o (symbol from plugin)
                                                  build/obj/chmempools.o (symbol from plugin)
                                                  build/obj/chmemcore.o (symbol from plugin)
                                                  build/obj/chqueues.o (symbol from plugin)
                                                  build/obj/chmboxes.o (symbol from plugin)
                                                  build/obj/chmsg.o (symbol from plugin)
                                                  build/obj/chevents.o (symbol from plugin)
                                                  build/obj/chcond.o (symbol from plugin)
                                                  build/obj/chmtx.o (symbol from plugin)
                                                  build/obj/chsem.o (symbol from plugin)
                                                  build/obj/chregistry.o (symbol from plugin)
                                                  build/obj/chdynamic.o (symbol from plugin)
                                                  build/obj/chthreads.o (symbol from plugin)
                                                  build/obj/chsys.o (symbol from plugin)
                                                  build/obj/chcoreasm_v6m.o
_dbg_check_lock_from_isr                          build/obj/chdebug.o (symbol from plugin)
                                                  build/obj/adc_lld.o (symbol from plugin)
                                                  build/obj/st_lld.o (symbol from plugin)
                                                  build/obj/chschd.o (symbol from plugin)
                                                  build/obj/chsys.o (symbol from plugin)
_dbg_check_suspend                                build/obj/chdebug.o (symbol from plugin)
_dbg_check_unlock                                 /var/folders/qd/4mxf5pkd0zdf0b9dd1hp39180000gn/T//ccmmtKW1.ltrans0.ltrans.o
                                                  build/obj/chdebug.o (symbol from plugin)
                                                  build/obj/adc.o (symbol from plugin)
                                                  build/obj/chmempools.o (symbol from plugin)
                                                  build/obj/chmemcore.o (symbol from plugin)
                                                  build/obj/chqueues.o (symbol from plugin)
                                                  build/obj/chmboxes.o (symbol from plugin)
                                                  build/obj/chmsg.o (symbol from plugin)
                                                  build/obj/chevents.o (symbol from plugin)
                                                  build/obj/chcond.o (symbol from plugin)
                                                  build/obj/chmtx.o (symbol from plugin)
                                                  build/obj/chsem.o (symbol from plugin)
                                                  build/obj/chregistry.o (symbol from plugin)
                                                  build/obj/chdynamic.o (symbol from plugin)
                                                  build/obj/chthreads.o (symbol from plugin)
                                                  build/obj/chsys.o (symbol from plugin)
                                                  build/obj/chcoreasm_v6m.o
_dbg_check_unlock_from_isr                        build/obj/chdebug.o (symbol from plugin)
                                                  build/obj/adc_lld.o (symbol from plugin)
                                                  build/obj/st_lld.o (symbol from plugin)
                                                  build/obj/chschd.o (symbol from plugin)
                                                  build/obj/chsys.o (symbol from plugin)
_dbg_trace                                        build/obj/chdebug.o (symbol from plugin)
                                                  build/obj/chschd.o (symbol from plugin)
_dbg_trace_init                                   build/obj/chdebug.o (symbol from plugin)
                                                  build/obj/chsys.o (symbol from plugin)
_edata                                            build/obj/crt0_v6m.o
_heap_init                                        build/obj/chheap.o (symbol from plugin)
                                                  build/obj/chsys.o (symbol from plugin)
_pal_lld_init                                     build/obj/pal_lld.o (symbol from plugin)
                                                  build/obj/hal.o (symbol from plugin)
_pal_lld_setgroupmode                             build/obj/pal_lld.o (symbol from plugin)
                                                  build/obj/main.o (symbol from plugin)
                                                  build/obj/pal.o (symbol from plugin)
_port_exit_from_isr                               build/obj/chcoreasm_v6m.o
                                                  /var/folders/qd/4mxf5pkd0zdf0b9dd1hp39180000gn/T//ccmmtKW1.ltrans0.ltrans.o
                                                  build/obj/chcore_v6m.o (symbol from plugin)
_port_irq_epilogue                                build/obj/chcore_v6m.o (symbol from plugin)
                                                  build/obj/adc_lld.o (symbol from plugin)
                                                  build/obj/st_lld.o (symbol from plugin)
                                                  build/obj/stm32_dma.o (symbol from plugin)
_port_switch                                      build/obj/chcoreasm_v6m.o
                                                  /var/folders/qd/4mxf5pkd0zdf0b9dd1hp39180000gn/T//ccmmtKW1.ltrans0.ltrans.o
                                                  build/obj/chschd.o (symbol from plugin)
_port_switch_from_isr                             build/obj/chcoreasm_v6m.o
                                                  /var/folders/qd/4mxf5pkd0zdf0b9dd1hp39180000gn/T//ccmmtKW1.ltrans0.ltrans.o
                                                  build/obj/chcore_v6m.o (symbol from plugin)
_port_thread_start                                build/obj/chcoreasm_v6m.o
                                                  /var/folders/qd/4mxf5pkd0zdf0b9dd1hp39180000gn/T//ccmmtKW1.ltrans0.ltrans.o
                                                  build/obj/chthreads.o (symbol from plugin)
_scheduler_init                                   build/obj/chschd.o (symbol from plugin)
                                                  build/obj/chsys.o (symbol from plugin)
_stm32_dma_streams                                build/obj/stm32_dma.o (symbol from plugin)
                                                  build/obj/adc_lld.o (symbol from plugin)
_textdata                                         build/obj/crt0_v6m.o
_thread_init                                      build/obj/chthreads.o (symbol from plugin)
                                                  build/obj/chsys.o (symbol from plugin)
_thread_memfill                                   build/obj/chthreads.o (symbol from plugin)
                                                  build/obj/chdynamic.o (symbol from plugin)
_unhandled_exception                              build/obj/vectors.o (symbol from plugin)
_vectors                                          /var/folders/qd/4mxf5pkd0zdf0b9dd1hp39180000gn/T//ccmmtKW1.ltrans0.ltrans.o
                                                  build/obj/vectors.o (symbol from plugin)
_vt_init                                          build/obj/chvt.o (symbol from plugin)
                                                  build/obj/chsys.o (symbol from plugin)
adcAcquireBus                                     build/obj/adc.o (symbol from plugin)
adcConvert                                        build/obj/adc.o (symbol from plugin)
                                                  build/obj/main.o (symbol from plugin)
adcInit                                           build/obj/adc.o (symbol from plugin)
                                                  build/obj/hal.o (symbol from plugin)
adcObjectInit                                     build/obj/adc.o (symbol from plugin)
                                                  build/obj/adc_lld.o (symbol from plugin)
adcReleaseBus                                     build/obj/adc.o (symbol from plugin)
adcStart                                          build/obj/adc.o (symbol from plugin)
                                                  build/obj/main.o (symbol from plugin)
adcStartConversion                                build/obj/adc.o (symbol from plugin)
                                                  build/obj/main.o (symbol from plugin)
adcStartConversionI                               build/obj/adc.o (symbol from plugin)
adcStop                                           build/obj/adc.o (symbol from plugin)
adcStopConversion                                 build/obj/adc.o (symbol from plugin)
                                                  build/obj/main.o (symbol from plugin)
adcStopConversionI                                build/obj/adc.o (symbol from plugin)
adc_lld_init                                      build/obj/adc_lld.o (symbol from plugin)
                                                  build/obj/adc.o (symbol from plugin)
adc_lld_start                                     build/obj/adc_lld.o (symbol from plugin)
                                                  build/obj/adc.o (symbol from plugin)
adc_lld_start_conversion                          build/obj/adc_lld.o (symbol from plugin)
                                                  build/obj/adc.o (symbol from plugin)
adc_lld_stop                                      build/obj/adc_lld.o (symbol from plugin)
                                                  build/obj/adc.o (symbol from plugin)
adc_lld_stop_conversion                           build/obj/adc_lld.o (symbol from plugin)
                                                  build/obj/adc.o (symbol from plugin)
boardInit                                         build/obj/board.o (symbol from plugin)
                                                  build/obj/hal.o (symbol from plugin)
ch                                                build/obj/chschd.o (symbol from plugin)
                                                  build/obj/main.o (symbol from plugin)
                                                  build/obj/adc.o (symbol from plugin)
                                                  build/obj/chmempools.o (symbol from plugin)
                                                  build/obj/chmemcore.o (symbol from plugin)
                                                  build/obj/chqueues.o (symbol from plugin)
                                                  build/obj/chmboxes.o (symbol from plugin)
                                                  build/obj/chmsg.o (symbol from plugin)
                                                  build/obj/chevents.o (symbol from plugin)
                                                  build/obj/chcond.o (symbol from plugin)
                                                  build/obj/chmtx.o (symbol from plugin)
                                                  build/obj/chsem.o (symbol from plugin)
                                                  build/obj/chregistry.o (symbol from plugin)
                                                  build/obj/chdynamic.o (symbol from plugin)
                                                  build/obj/chthreads.o (symbol from plugin)
                                                  build/obj/chvt.o (symbol from plugin)
                                                  build/obj/chdebug.o (symbol from plugin)
                                                  build/obj/chsys.o (symbol from plugin)
chCondBroadcast                                   build/obj/chcond.o (symbol from plugin)
chCondBroadcastI                                  build/obj/chcond.o (symbol from plugin)
chCondObjectInit                                  build/obj/chcond.o (symbol from plugin)
chCondSignal                                      build/obj/chcond.o (symbol from plugin)
chCondSignalI                                     build/obj/chcond.o (symbol from plugin)
chCondWait                                        build/obj/chcond.o (symbol from plugin)
chCondWaitS                                       build/obj/chcond.o (symbol from plugin)
chCondWaitTimeout                                 build/obj/chcond.o (symbol from plugin)
chCondWaitTimeoutS                                build/obj/chcond.o (symbol from plugin)
chCoreAlloc                                       build/obj/chmemcore.o (symbol from plugin)
                                                  build/obj/chheap.o (symbol from plugin)
chCoreAllocI                                      build/obj/chmemcore.o (symbol from plugin)
chCoreGetStatusX                                  build/obj/chmemcore.o (symbol from plugin)
chDbgCheckClassI                                  build/obj/chdebug.o (symbol from plugin)
                                                  build/obj/adc.o (symbol from plugin)
                                                  build/obj/chmempools.o (symbol from plugin)
                                                  build/obj/chmemcore.o (symbol from plugin)
                                                  build/obj/chqueues.o (symbol from plugin)
                                                  build/obj/chmboxes.o (symbol from plugin)
                                                  build/obj/chmsg.o (symbol from plugin)
                                                  build/obj/chevents.o (symbol from plugin)
                                                  build/obj/chcond.o (symbol from plugin)
                                                  build/obj/chsem.o (symbol from plugin)
                                                  build/obj/chthreads.o (symbol from plugin)
                                                  build/obj/chschd.o (symbol from plugin)
                                                  build/obj/chvt.o (symbol from plugin)
                                                  build/obj/chsys.o (symbol from plugin)
chDbgCheckClassS                                  build/obj/chdebug.o (symbol from plugin)
                                                  build/obj/chmboxes.o (symbol from plugin)
                                                  build/obj/chmsg.o (symbol from plugin)
                                                  build/obj/chcond.o (symbol from plugin)
                                                  build/obj/chmtx.o (symbol from plugin)
                                                  build/obj/chsem.o (symbol from plugin)
                                                  build/obj/chthreads.o (symbol from plugin)
                                                  build/obj/chschd.o (symbol from plugin)
chEvtAddEvents                                    build/obj/chevents.o (symbol from plugin)
chEvtBroadcastFlags                               build/obj/chevents.o (symbol from plugin)
chEvtBroadcastFlagsI                              build/obj/chevents.o (symbol from plugin)
chEvtDispatch                                     build/obj/chevents.o (symbol from plugin)
chEvtGetAndClearEvents                            build/obj/chevents.o (symbol from plugin)
chEvtGetAndClearFlags                             build/obj/chevents.o (symbol from plugin)
chEvtGetAndClearFlagsI                            build/obj/chevents.o (symbol from plugin)
chEvtRegisterMaskWithFlags                        build/obj/chevents.o (symbol from plugin)
chEvtSignal                                       build/obj/chevents.o (symbol from plugin)
chEvtSignalI                                      build/obj/chevents.o (symbol from plugin)
chEvtUnregister                                   build/obj/chevents.o (symbol from plugin)
chEvtWaitAll                                      build/obj/chevents.o (symbol from plugin)
chEvtWaitAllTimeout                               build/obj/chevents.o (symbol from plugin)
chEvtWaitAny                                      build/obj/chevents.o (symbol from plugin)
chEvtWaitAnyTimeout                               build/obj/chevents.o (symbol from plugin)
chEvtWaitOne                                      build/obj/chevents.o (symbol from plugin)
chEvtWaitOneTimeout                               build/obj/chevents.o (symbol from plugin)
chHeapAlloc                                       build/obj/chheap.o (symbol from plugin)
                                                  build/obj/chdynamic.o (symbol from plugin)
chHeapFree                                        build/obj/chheap.o (symbol from plugin)
                                                  build/obj/chdynamic.o (symbol from plugin)
chHeapObjectInit                                  build/obj/chheap.o (symbol from plugin)
chHeapStatus                                      build/obj/chheap.o (symbol from plugin)
chIQGetTimeout                                    build/obj/chqueues.o (symbol from plugin)
chIQObjectInit                                    build/obj/chqueues.o (symbol from plugin)
chIQPutI                                          build/obj/chqueues.o (symbol from plugin)
chIQReadTimeout                                   build/obj/chqueues.o (symbol from plugin)
chIQResetI                                        build/obj/chqueues.o (symbol from plugin)
chMBFetch                                         build/obj/chmboxes.o (symbol from plugin)
chMBFetchI                                        build/obj/chmboxes.o (symbol from plugin)
chMBFetchS                                        build/obj/chmboxes.o (symbol from plugin)
chMBObjectInit                                    build/obj/chmboxes.o (symbol from plugin)
chMBPost                                          build/obj/chmboxes.o (symbol from plugin)
chMBPostAhead                                     build/obj/chmboxes.o (symbol from plugin)
chMBPostAheadI                                    build/obj/chmboxes.o (symbol from plugin)
chMBPostAheadS                                    build/obj/chmboxes.o (symbol from plugin)
chMBPostI                                         build/obj/chmboxes.o (symbol from plugin)
chMBPostS                                         build/obj/chmboxes.o (symbol from plugin)
chMBReset                                         build/obj/chmboxes.o (symbol from plugin)
chMBResetI                                        build/obj/chmboxes.o (symbol from plugin)
chMsgRelease                                      build/obj/chmsg.o (symbol from plugin)
chMsgSend                                         build/obj/chmsg.o (symbol from plugin)
chMsgWait                                         build/obj/chmsg.o (symbol from plugin)
chMtxLock                                         build/obj/chmtx.o (symbol from plugin)
                                                  build/obj/adc.o (symbol from plugin)
                                                  build/obj/chheap.o (symbol from plugin)
chMtxLockS                                        build/obj/chmtx.o (symbol from plugin)
                                                  build/obj/chcond.o (symbol from plugin)
chMtxObjectInit                                   build/obj/chmtx.o (symbol from plugin)
                                                  build/obj/adc.o (symbol from plugin)
                                                  build/obj/chheap.o (symbol from plugin)
chMtxTryLock                                      build/obj/chmtx.o (symbol from plugin)
chMtxTryLockS                                     build/obj/chmtx.o (symbol from plugin)
chMtxUnlock                                       build/obj/chmtx.o (symbol from plugin)
                                                  build/obj/adc.o (symbol from plugin)
                                                  build/obj/chheap.o (symbol from plugin)
chMtxUnlockAll                                    build/obj/chmtx.o (symbol from plugin)
chMtxUnlockS                                      build/obj/chmtx.o (symbol from plugin)
                                                  build/obj/chcond.o (symbol from plugin)
chOQGetI                                          build/obj/chqueues.o (symbol from plugin)
chOQObjectInit                                    build/obj/chqueues.o (symbol from plugin)
chOQPutTimeout                                    build/obj/chqueues.o (symbol from plugin)
chOQResetI                                        build/obj/chqueues.o (symbol from plugin)
chOQWriteTimeout                                  build/obj/chqueues.o (symbol from plugin)
chPoolAlloc                                       build/obj/chmempools.o (symbol from plugin)
                                                  build/obj/chdynamic.o (symbol from plugin)
chPoolAllocI                                      build/obj/chmempools.o (symbol from plugin)
chPoolFree                                        build/obj/chmempools.o (symbol from plugin)
                                                  build/obj/chdynamic.o (symbol from plugin)
chPoolFreeI                                       build/obj/chmempools.o (symbol from plugin)
chPoolLoadArray                                   build/obj/chmempools.o (symbol from plugin)
chPoolObjectInit                                  build/obj/chmempools.o (symbol from plugin)
chRegFirstThread                                  build/obj/chregistry.o (symbol from plugin)
chRegNextThread                                   build/obj/chregistry.o (symbol from plugin)
chSchDoReschedule                                 /var/folders/qd/4mxf5pkd0zdf0b9dd1hp39180000gn/T//ccmmtKW1.ltrans0.ltrans.o
                                                  build/obj/chschd.o (symbol from plugin)
                                                  build/obj/chcoreasm_v6m.o
chSchDoRescheduleAhead                            build/obj/chschd.o (symbol from plugin)
chSchDoRescheduleBehind                           build/obj/chschd.o (symbol from plugin)
                                                  build/obj/chthreads.o (symbol from plugin)
chSchGoSleepS                                     build/obj/chschd.o (symbol from plugin)
                                                  build/obj/chmsg.o (symbol from plugin)
                                                  build/obj/chevents.o (symbol from plugin)
                                                  build/obj/chcond.o (symbol from plugin)
                                                  build/obj/chmtx.o (symbol from plugin)
                                                  build/obj/chsem.o (symbol from plugin)
                                                  build/obj/chthreads.o (symbol from plugin)
chSchGoSleepTimeoutS                              build/obj/chschd.o (symbol from plugin)
                                                  build/obj/chevents.o (symbol from plugin)
                                                  build/obj/chcond.o (symbol from plugin)
                                                  build/obj/chsem.o (symbol from plugin)
                                                  build/obj/chthreads.o (symbol from plugin)
chSchIsPreemptionRequired                         build/obj/chschd.o (symbol from plugin)
                                                  build/obj/chcore_v6m.o (symbol from plugin)
chSchReadyI                                       build/obj/chschd.o (symbol from plugin)
                                                  build/obj/chmsg.o (symbol from plugin)
                                                  build/obj/chevents.o (symbol from plugin)
                                                  build/obj/chcond.o (symbol from plugin)
                                                  build/obj/chmtx.o (symbol from plugin)
                                                  build/obj/chsem.o (symbol from plugin)
                                                  build/obj/chthreads.o (symbol from plugin)
chSchRescheduleS                                  build/obj/chschd.o (symbol from plugin)
                                                  build/obj/chmboxes.o (symbol from plugin)
                                                  build/obj/chevents.o (symbol from plugin)
                                                  build/obj/chcond.o (symbol from plugin)
                                                  build/obj/chmtx.o (symbol from plugin)
                                                  build/obj/chsem.o (symbol from plugin)
                                                  build/obj/chthreads.o (symbol from plugin)
                                                  build/obj/chsys.o (symbol from plugin)
chSchWakeupS                                      build/obj/chschd.o (symbol from plugin)
                                                  build/obj/chmsg.o (symbol from plugin)
                                                  build/obj/chcond.o (symbol from plugin)
                                                  build/obj/chmtx.o (symbol from plugin)
                                                  build/obj/chsem.o (symbol from plugin)
                                                  build/obj/chdynamic.o (symbol from plugin)
                                                  build/obj/chthreads.o (symbol from plugin)
chSemAddCounterI                                  build/obj/chsem.o (symbol from plugin)
chSemObjectInit                                   build/obj/chsem.o (symbol from plugin)
                                                  build/obj/chmboxes.o (symbol from plugin)
chSemReset                                        build/obj/chsem.o (symbol from plugin)
chSemResetI                                       build/obj/chsem.o (symbol from plugin)
                                                  build/obj/chmboxes.o (symbol from plugin)
chSemSignal                                       build/obj/chsem.o (symbol from plugin)
chSemSignalI                                      build/obj/chsem.o (symbol from plugin)
                                                  build/obj/chmboxes.o (symbol from plugin)
chSemSignalWait                                   build/obj/chsem.o (symbol from plugin)
chSemWait                                         build/obj/chsem.o (symbol from plugin)
chSemWaitS                                        build/obj/chsem.o (symbol from plugin)
chSemWaitTimeout                                  build/obj/chsem.o (symbol from plugin)
chSemWaitTimeoutS                                 build/obj/chsem.o (symbol from plugin)
                                                  build/obj/chmboxes.o (symbol from plugin)
chSysGetStatusAndLockX                            build/obj/chsys.o (symbol from plugin)
chSysHalt                                         build/obj/chsys.o (symbol from plugin)
                                                  build/obj/adc_lld.o (symbol from plugin)
                                                  build/obj/stm32_dma.o (symbol from plugin)
                                                  build/obj/nvic.o (symbol from plugin)
                                                  build/obj/pal.o (symbol from plugin)
                                                  build/obj/adc.o (symbol from plugin)
                                                  build/obj/st.o (symbol from plugin)
                                                  build/obj/chmempools.o (symbol from plugin)
                                                  build/obj/chheap.o (symbol from plugin)
                                                  build/obj/chmemcore.o (symbol from plugin)
                                                  build/obj/chqueues.o (symbol from plugin)
                                                  build/obj/chmboxes.o (symbol from plugin)
                                                  build/obj/chmsg.o (symbol from plugin)
                                                  build/obj/chevents.o (symbol from plugin)
                                                  build/obj/chcond.o (symbol from plugin)
                                                  build/obj/chmtx.o (symbol from plugin)
                                                  build/obj/chsem.o (symbol from plugin)
                                                  build/obj/chregistry.o (symbol from plugin)
                                                  build/obj/chdynamic.o (symbol from plugin)
                                                  build/obj/chthreads.o (symbol from plugin)
                                                  build/obj/chschd.o (symbol from plugin)
                                                  build/obj/chvt.o (symbol from plugin)
                                                  build/obj/chdebug.o (symbol from plugin)
                                                  build/obj/vectors.o (symbol from plugin)
chSysInit                                         build/obj/chsys.o (symbol from plugin)
                                                  build/obj/main.o (symbol from plugin)
chSysIntegrityCheckI                              build/obj/chsys.o (symbol from plugin)
chSysRestoreStatusX                               build/obj/chsys.o (symbol from plugin)
chSysTimerHandlerI                                build/obj/chsys.o (symbol from plugin)
                                                  build/obj/st_lld.o (symbol from plugin)
chThdAddRef                                       build/obj/chdynamic.o (symbol from plugin)
chThdCreateFromHeap                               build/obj/chdynamic.o (symbol from plugin)
chThdCreateFromMemoryPool                         build/obj/chdynamic.o (symbol from plugin)
chThdCreateI                                      build/obj/chthreads.o (symbol from plugin)
                                                  build/obj/chdynamic.o (symbol from plugin)
chThdCreateStatic                                 build/obj/chthreads.o (symbol from plugin)
                                                  build/obj/main.o (symbol from plugin)
                                                  build/obj/chsys.o (symbol from plugin)
chThdDequeueAllI                                  build/obj/chthreads.o (symbol from plugin)
                                                  build/obj/chqueues.o (symbol from plugin)
chThdDequeueNextI                                 build/obj/chthreads.o (symbol from plugin)
                                                  build/obj/chqueues.o (symbol from plugin)
chThdEnqueueTimeoutS                              build/obj/chthreads.o (symbol from plugin)
                                                  build/obj/chqueues.o (symbol from plugin)
chThdExit                                         /var/folders/qd/4mxf5pkd0zdf0b9dd1hp39180000gn/T//ccmmtKW1.ltrans0.ltrans.o
                                                  build/obj/chthreads.o (symbol from plugin)
                                                  build/obj/chcoreasm_v6m.o
chThdExitS                                        build/obj/chthreads.o (symbol from plugin)
chThdRelease                                      build/obj/chdynamic.o (symbol from plugin)
                                                  build/obj/chregistry.o (symbol from plugin)
                                                  build/obj/chthreads.o (symbol from plugin)
chThdResume                                       build/obj/chthreads.o (symbol from plugin)
chThdResumeI                                      build/obj/chthreads.o (symbol from plugin)
                                                  build/obj/adc_lld.o (symbol from plugin)
                                                  build/obj/adc.o (symbol from plugin)
chThdResumeS                                      build/obj/chthreads.o (symbol from plugin)
                                                  build/obj/adc.o (symbol from plugin)
chThdSetPriority                                  build/obj/chthreads.o (symbol from plugin)
chThdSleep                                        build/obj/chthreads.o (symbol from plugin)
                                                  build/obj/main.o (symbol from plugin)
chThdSleepUntil                                   build/obj/chthreads.o (symbol from plugin)
chThdSleepUntilWindowed                           build/obj/chthreads.o (symbol from plugin)
chThdStart                                        build/obj/chthreads.o (symbol from plugin)
chThdSuspendS                                     build/obj/chthreads.o (symbol from plugin)
                                                  build/obj/adc.o (symbol from plugin)
chThdSuspendTimeoutS                              build/obj/chthreads.o (symbol from plugin)
chThdTerminate                                    build/obj/chthreads.o (symbol from plugin)
chThdWait                                         build/obj/chthreads.o (symbol from plugin)
chThdYield                                        build/obj/chthreads.o (symbol from plugin)
chVTDoResetI                                      build/obj/chvt.o (symbol from plugin)
                                                  build/obj/chschd.o (symbol from plugin)
chVTDoSetI                                        build/obj/chvt.o (symbol from plugin)
                                                  build/obj/chschd.o (symbol from plugin)
ch_debug                                          build/obj/chregistry.o (symbol from plugin)
                                                  build/obj/chsys.o (symbol from plugin)
dmaInit                                           build/obj/stm32_dma.o (symbol from plugin)
                                                  build/obj/hal_lld.o (symbol from plugin)
dmaStreamAllocate                                 build/obj/stm32_dma.o (symbol from plugin)
                                                  build/obj/adc_lld.o (symbol from plugin)
dmaStreamRelease                                  build/obj/stm32_dma.o (symbol from plugin)
                                                  build/obj/adc_lld.o (symbol from plugin)
halInit                                           build/obj/hal.o (symbol from plugin)
                                                  build/obj/main.o (symbol from plugin)
hal_lld_init                                      build/obj/hal_lld.o (symbol from plugin)
                                                  build/obj/hal.o (symbol from plugin)
main                                              /var/folders/qd/4mxf5pkd0zdf0b9dd1hp39180000gn/T//ccmmtKW1.ltrans0.ltrans.o
                                                  build/obj/main.o (symbol from plugin)
                                                  build/obj/crt0_v6m.o
nvicClearPending                                  build/obj/nvic.o (symbol from plugin)
nvicDisableVector                                 build/obj/nvic.o (symbol from plugin)
                                                  build/obj/stm32_dma.o (symbol from plugin)
nvicEnableVector                                  build/obj/nvic.o (symbol from plugin)
                                                  build/obj/adc_lld.o (symbol from plugin)
                                                  build/obj/st_lld.o (symbol from plugin)
                                                  build/obj/stm32_dma.o (symbol from plugin)
nvicSetSystemHandlerPriority                      build/obj/nvic.o (symbol from plugin)
nx                                                build/obj/main.o (symbol from plugin)
ny                                                build/obj/main.o (symbol from plugin)
palReadBus                                        build/obj/pal.o (symbol from plugin)
palSetBusMode                                     build/obj/pal.o (symbol from plugin)
palWriteBus                                       build/obj/pal.o (symbol from plugin)
pal_default_config                                build/obj/board.o (symbol from plugin)
                                                  build/obj/hal.o (symbol from plugin)
stGetAlarm                                        build/obj/st.o (symbol from plugin)
stInit                                            build/obj/st.o (symbol from plugin)
                                                  build/obj/hal.o (symbol from plugin)
stSetAlarm                                        build/obj/st.o (symbol from plugin)
                                                  build/obj/chvt.o (symbol from plugin)
                                                  build/obj/chsys.o (symbol from plugin)
stStartAlarm                                      build/obj/st.o (symbol from plugin)
                                                  build/obj/chvt.o (symbol from plugin)
stStopAlarm                                       build/obj/st.o (symbol from plugin)
                                                  build/obj/chvt.o (symbol from plugin)
                                                  build/obj/chsys.o (symbol from plugin)
st_lld_init                                       build/obj/st_lld.o (symbol from plugin)
                                                  build/obj/st.o (symbol from plugin)
stm32_clock_init                                  build/obj/hal_lld.o (symbol from plugin)
                                                  build/obj/board.o (symbol from plugin)
