
Discarded input sections

 .data          0x0000000000000000        0x0 build/obj/crt0_v7m.o
 .bss           0x0000000000000000        0x0 build/obj/crt0_v7m.o
 .data          0x0000000000000000        0x0 build/obj/chcoreasm_v7m.o
 .bss           0x0000000000000000        0x0 build/obj/chcoreasm_v7m.o
 .text          0x0000000000000000        0x0 /var/folders/qd/4mxf5pkd0zdf0b9dd1hp39180000gn/T//ccJjcCoa.ltrans0.ltrans.o
 .data          0x0000000000000000        0x0 /var/folders/qd/4mxf5pkd0zdf0b9dd1hp39180000gn/T//ccJjcCoa.ltrans0.ltrans.o
 .bss           0x0000000000000000        0x0 /var/folders/qd/4mxf5pkd0zdf0b9dd1hp39180000gn/T//ccJjcCoa.ltrans0.ltrans.o

Memory Configuration

Name             Origin             Length             Attributes
flash            0x0000000008000000 0x0000000000100000
ram0             0x0000000020000000 0x0000000000020000
ram1             0x0000000020000000 0x000000000001c000
ram2             0x000000002001c000 0x0000000000004000
ram3             0x0000000000000000 0x0000000000000000
ram4             0x0000000010000000 0x0000000000010000
ram5             0x0000000040024000 0x0000000000001000
ram6             0x0000000000000000 0x0000000000000000
ram7             0x0000000000000000 0x0000000000000000
*default*        0x0000000000000000 0xffffffffffffffff

Linker script and memory map

LOAD build/obj/crt0_v7m.o
LOAD build/obj/chcoreasm_v7m.o
LOAD /var/folders/qd/4mxf5pkd0zdf0b9dd1hp39180000gn/T//ccJjcCoa.ltrans0.ltrans.o
                0x0000000020000000                __ram0_start__ = ORIGIN (ram0)
                0x0000000000020000                __ram0_size__ = LENGTH (ram0)
                0x0000000020020000                __ram0_end__ = (__ram0_start__ + __ram0_size__)
                0x0000000020000000                __ram1_start__ = ORIGIN (ram1)
                0x000000000001c000                __ram1_size__ = LENGTH (ram1)
                0x000000002001c000                __ram1_end__ = (__ram1_start__ + __ram1_size__)
                0x000000002001c000                __ram2_start__ = ORIGIN (ram2)
                0x0000000000004000                __ram2_size__ = LENGTH (ram2)
                0x0000000020020000                __ram2_end__ = (__ram2_start__ + __ram2_size__)
                0x0000000000000000                __ram3_start__ = ORIGIN (ram3)
                0x0000000000000000                __ram3_size__ = LENGTH (ram3)
                0x0000000000000000                __ram3_end__ = (__ram3_start__ + __ram3_size__)
                0x0000000010000000                __ram4_start__ = ORIGIN (ram4)
                0x0000000000010000                __ram4_size__ = LENGTH (ram4)
                0x0000000010010000                __ram4_end__ = (__ram4_start__ + __ram4_size__)
                0x0000000040024000                __ram5_start__ = ORIGIN (ram5)
                0x0000000000001000                __ram5_size__ = LENGTH (ram5)
                0x0000000040025000                __ram5_end__ = (__ram5_start__ + __ram5_size__)
                0x0000000000000000                __ram6_start__ = ORIGIN (ram6)
                0x0000000000000000                __ram6_size__ = LENGTH (ram6)
                0x0000000000000000                __ram6_end__ = (__ram6_start__ + __ram6_size__)
                0x0000000000000000                __ram7_start__ = ORIGIN (ram7)
                0x0000000000000000                __ram7_size__ = LENGTH (ram7)
                0x0000000000000000                __ram7_end__ = (__ram7_start__ + __ram7_size__)
                0x0000000000000000                . = 0x0
                0x0000000000000000                _text = .

startup         0x0000000008000000      0x1c0
 *(.vectors)
 .vectors       0x0000000008000000      0x1c0 /var/folders/qd/4mxf5pkd0zdf0b9dd1hp39180000gn/T//ccJjcCoa.ltrans0.ltrans.o
                0x0000000008000000                _vectors

constructors    0x00000000080001c0        0x0
                0x00000000080001c0                PROVIDE (__init_array_start, .)
 *(SORT_BY_NAME(.init_array.*))
 *(.init_array)
                0x00000000080001c0                PROVIDE (__init_array_end, .)

destructors     0x00000000080001c0        0x0
                0x00000000080001c0                PROVIDE (__fini_array_start, .)
 *(.fini_array)
 *(SORT_BY_NAME(.fini_array.*))
                0x00000000080001c0                PROVIDE (__fini_array_end, .)

.text           0x00000000080001c0     0x2290
 *(.text)
 .text          0x00000000080001c0       0xbc build/obj/crt0_v7m.o
                0x00000000080001c0                Reset_Handler
 *fill*         0x000000000800027c        0x4 
 .text          0x0000000008000280       0x40 build/obj/chcoreasm_v7m.o
                0x0000000008000280                _port_switch
                0x0000000008000290                _port_thread_start
                0x00000000080002a8                _port_switch_from_isr
                0x00000000080002bc                _port_exit_from_isr
 *(.text.*)
 .text._idle_thread
                0x00000000080002c0        0x4 /var/folders/qd/4mxf5pkd0zdf0b9dd1hp39180000gn/T//ccJjcCoa.ltrans0.ltrans.o
 *fill*         0x00000000080002c4        0xc 
 .text.error_cb1
                0x00000000080002d0       0x14 /var/folders/qd/4mxf5pkd0zdf0b9dd1hp39180000gn/T//ccJjcCoa.ltrans0.ltrans.o
 *fill*         0x00000000080002e4        0xc 
 .text.end_cb1  0x00000000080002f0       0x54 /var/folders/qd/4mxf5pkd0zdf0b9dd1hp39180000gn/T//ccJjcCoa.ltrans0.ltrans.o
 *fill*         0x0000000008000344        0xc 
 .text.dac_lld_stop_conversion
                0x0000000008000350       0xac /var/folders/qd/4mxf5pkd0zdf0b9dd1hp39180000gn/T//ccJjcCoa.ltrans0.ltrans.o
 *fill*         0x00000000080003fc        0x4 
 .text.stSetAlarm
                0x0000000008000400       0x20 /var/folders/qd/4mxf5pkd0zdf0b9dd1hp39180000gn/T//ccJjcCoa.ltrans0.ltrans.o
 .text._port_irq_epilogue
                0x0000000008000420       0x5c /var/folders/qd/4mxf5pkd0zdf0b9dd1hp39180000gn/T//ccJjcCoa.ltrans0.ltrans.o
 *fill*         0x000000000800047c        0x4 
 .text.SVC_Handler
                0x0000000008000480       0x1c /var/folders/qd/4mxf5pkd0zdf0b9dd1hp39180000gn/T//ccJjcCoa.ltrans0.ltrans.o
 *fill*         0x000000000800049c        0x4 
 .text._stats_increase_irq
                0x00000000080004a0       0x14 /var/folders/qd/4mxf5pkd0zdf0b9dd1hp39180000gn/T//ccJjcCoa.ltrans0.ltrans.o
 *fill*         0x00000000080004b4        0xc 
 .text.chTMChainMeasurementToX
                0x00000000080004c0       0x40 /var/folders/qd/4mxf5pkd0zdf0b9dd1hp39180000gn/T//ccJjcCoa.ltrans0.ltrans.o
 .text.chTMStopMeasurementX
                0x0000000008000500       0x48 /var/folders/qd/4mxf5pkd0zdf0b9dd1hp39180000gn/T//ccJjcCoa.ltrans0.ltrans.o
 *fill*         0x0000000008000548        0x8 
 .text.chTMStartMeasurementX
                0x0000000008000550        0xc /var/folders/qd/4mxf5pkd0zdf0b9dd1hp39180000gn/T//ccJjcCoa.ltrans0.ltrans.o
 *fill*         0x000000000800055c        0x4 
 .text._dbg_trace
                0x0000000008000560       0x34 /var/folders/qd/4mxf5pkd0zdf0b9dd1hp39180000gn/T//ccJjcCoa.ltrans0.ltrans.o
 *fill*         0x0000000008000594        0xc 
 .text.chDbgCheckClassS
                0x00000000080005a0       0x20 /var/folders/qd/4mxf5pkd0zdf0b9dd1hp39180000gn/T//ccJjcCoa.ltrans0.ltrans.o
 .text.chDbgCheckClassI
                0x00000000080005c0       0x20 /var/folders/qd/4mxf5pkd0zdf0b9dd1hp39180000gn/T//ccJjcCoa.ltrans0.ltrans.o
 .text.chSchReadyI
                0x00000000080005e0       0x50 /var/folders/qd/4mxf5pkd0zdf0b9dd1hp39180000gn/T//ccJjcCoa.ltrans0.ltrans.o
 .text._dbg_check_leave_isr
                0x0000000008000630       0x2c /var/folders/qd/4mxf5pkd0zdf0b9dd1hp39180000gn/T//ccJjcCoa.ltrans0.ltrans.o
 *fill*         0x000000000800065c        0x4 
 .text._dbg_check_enter_isr
                0x0000000008000660       0x2c /var/folders/qd/4mxf5pkd0zdf0b9dd1hp39180000gn/T//ccJjcCoa.ltrans0.ltrans.o
 *fill*         0x000000000800068c        0x4 
 .text.Vector118
                0x0000000008000690       0x40 /var/folders/qd/4mxf5pkd0zdf0b9dd1hp39180000gn/T//ccJjcCoa.ltrans0.ltrans.o
 .text.Vector158
                0x00000000080006d0       0x38 /var/folders/qd/4mxf5pkd0zdf0b9dd1hp39180000gn/T//ccJjcCoa.ltrans0.ltrans.o
 *fill*         0x0000000008000708        0x8 
 .text.Vector154
                0x0000000008000710       0x38 /var/folders/qd/4mxf5pkd0zdf0b9dd1hp39180000gn/T//ccJjcCoa.ltrans0.ltrans.o
 *fill*         0x0000000008000748        0x8 
 .text.Vector150
                0x0000000008000750       0x38 /var/folders/qd/4mxf5pkd0zdf0b9dd1hp39180000gn/T//ccJjcCoa.ltrans0.ltrans.o
 *fill*         0x0000000008000788        0x8 
 .text.Vector130
                0x0000000008000790       0x34 /var/folders/qd/4mxf5pkd0zdf0b9dd1hp39180000gn/T//ccJjcCoa.ltrans0.ltrans.o
 *fill*         0x00000000080007c4        0xc 
 .text.Vector12C
                0x00000000080007d0       0x38 /var/folders/qd/4mxf5pkd0zdf0b9dd1hp39180000gn/T//ccJjcCoa.ltrans0.ltrans.o
 *fill*         0x0000000008000808        0x8 
 .text.Vector128
                0x0000000008000810       0x38 /var/folders/qd/4mxf5pkd0zdf0b9dd1hp39180000gn/T//ccJjcCoa.ltrans0.ltrans.o
 *fill*         0x0000000008000848        0x8 
 .text.Vector124
                0x0000000008000850       0x38 /var/folders/qd/4mxf5pkd0zdf0b9dd1hp39180000gn/T//ccJjcCoa.ltrans0.ltrans.o
 *fill*         0x0000000008000888        0x8 
 .text.Vector120
                0x0000000008000890       0x34 /var/folders/qd/4mxf5pkd0zdf0b9dd1hp39180000gn/T//ccJjcCoa.ltrans0.ltrans.o
 *fill*         0x00000000080008c4        0xc 
 .text.VectorFC
                0x00000000080008d0       0x38 /var/folders/qd/4mxf5pkd0zdf0b9dd1hp39180000gn/T//ccJjcCoa.ltrans0.ltrans.o
 *fill*         0x0000000008000908        0x8 
 .text.Vector84
                0x0000000008000910       0x38 /var/folders/qd/4mxf5pkd0zdf0b9dd1hp39180000gn/T//ccJjcCoa.ltrans0.ltrans.o
 *fill*         0x0000000008000948        0x8 
 .text.Vector80
                0x0000000008000950       0x38 /var/folders/qd/4mxf5pkd0zdf0b9dd1hp39180000gn/T//ccJjcCoa.ltrans0.ltrans.o
 *fill*         0x0000000008000988        0x8 
 .text.Vector7C
                0x0000000008000990       0x34 /var/folders/qd/4mxf5pkd0zdf0b9dd1hp39180000gn/T//ccJjcCoa.ltrans0.ltrans.o
 *fill*         0x00000000080009c4        0xc 
 .text.Vector78
                0x00000000080009d0       0x38 /var/folders/qd/4mxf5pkd0zdf0b9dd1hp39180000gn/T//ccJjcCoa.ltrans0.ltrans.o
 *fill*         0x0000000008000a08        0x8 
 .text.Vector74
                0x0000000008000a10       0x38 /var/folders/qd/4mxf5pkd0zdf0b9dd1hp39180000gn/T//ccJjcCoa.ltrans0.ltrans.o
 *fill*         0x0000000008000a48        0x8 
 .text.Vector70
                0x0000000008000a50       0x38 /var/folders/qd/4mxf5pkd0zdf0b9dd1hp39180000gn/T//ccJjcCoa.ltrans0.ltrans.o
 *fill*         0x0000000008000a88        0x8 
 .text.Vector6C
                0x0000000008000a90       0x34 /var/folders/qd/4mxf5pkd0zdf0b9dd1hp39180000gn/T//ccJjcCoa.ltrans0.ltrans.o
 *fill*         0x0000000008000ac4        0xc 
 .text._dbg_check_unlock_from_isr
                0x0000000008000ad0       0x24 /var/folders/qd/4mxf5pkd0zdf0b9dd1hp39180000gn/T//ccJjcCoa.ltrans0.ltrans.o
 *fill*         0x0000000008000af4        0xc 
 .text._dbg_check_lock_from_isr
                0x0000000008000b00       0x24 /var/folders/qd/4mxf5pkd0zdf0b9dd1hp39180000gn/T//ccJjcCoa.ltrans0.ltrans.o
 *fill*         0x0000000008000b24        0xc 
 .text.wakeup   0x0000000008000b30       0x74 /var/folders/qd/4mxf5pkd0zdf0b9dd1hp39180000gn/T//ccJjcCoa.ltrans0.ltrans.o
 *fill*         0x0000000008000ba4        0xc 
 .text.dac_lld_serve_tx_interrupt
                0x0000000008000bb0       0xc4 /var/folders/qd/4mxf5pkd0zdf0b9dd1hp39180000gn/T//ccJjcCoa.ltrans0.ltrans.o
 *fill*         0x0000000008000c74        0xc 
 .text.VectorB0
                0x0000000008000c80       0xf8 /var/folders/qd/4mxf5pkd0zdf0b9dd1hp39180000gn/T//ccJjcCoa.ltrans0.ltrans.o
 *fill*         0x0000000008000d78        0x8 
 .text._unhandled_exception
                0x0000000008000d80       0x14 /var/folders/qd/4mxf5pkd0zdf0b9dd1hp39180000gn/T//ccJjcCoa.ltrans0.ltrans.o
 *fill*         0x0000000008000d94        0xc 
 .text.chSchWakeupS
                0x0000000008000da0       0x70 /var/folders/qd/4mxf5pkd0zdf0b9dd1hp39180000gn/T//ccJjcCoa.ltrans0.ltrans.o
 .text.chSchGoSleepS
                0x0000000008000e10       0x64 /var/folders/qd/4mxf5pkd0zdf0b9dd1hp39180000gn/T//ccJjcCoa.ltrans0.ltrans.o
 *fill*         0x0000000008000e74        0xc 
 .text.__early_init
                0x0000000008000e80       0xdc /var/folders/qd/4mxf5pkd0zdf0b9dd1hp39180000gn/T//ccJjcCoa.ltrans0.ltrans.o
                0x0000000008000e80                __early_init
 *fill*         0x0000000008000f5c        0x4 
 .text._stats_stop_measure_crit_thd
                0x0000000008000f60        0xc /var/folders/qd/4mxf5pkd0zdf0b9dd1hp39180000gn/T//ccJjcCoa.ltrans0.ltrans.o
                0x0000000008000f60                _stats_stop_measure_crit_thd
 *fill*         0x0000000008000f6c        0x4 
 .text._stats_start_measure_crit_thd
                0x0000000008000f70        0xc /var/folders/qd/4mxf5pkd0zdf0b9dd1hp39180000gn/T//ccJjcCoa.ltrans0.ltrans.o
                0x0000000008000f70                _stats_start_measure_crit_thd
 *fill*         0x0000000008000f7c        0x4 
 .text.chSchDoReschedule
                0x0000000008000f80       0x78 /var/folders/qd/4mxf5pkd0zdf0b9dd1hp39180000gn/T//ccJjcCoa.ltrans0.ltrans.o
                0x0000000008000f80                chSchDoReschedule
 *fill*         0x0000000008000ff8        0x8 
 .text._dbg_check_unlock
                0x0000000008001000       0x20 /var/folders/qd/4mxf5pkd0zdf0b9dd1hp39180000gn/T//ccJjcCoa.ltrans0.ltrans.o
                0x0000000008001000                _dbg_check_unlock
 .text.chSysUnlock.lto_priv.32
                0x0000000008001020       0x34 /var/folders/qd/4mxf5pkd0zdf0b9dd1hp39180000gn/T//ccJjcCoa.ltrans0.ltrans.o
 *fill*         0x0000000008001054        0xc 
 .text.chSysUnlock.lto_priv.33
                0x0000000008001060       0x34 /var/folders/qd/4mxf5pkd0zdf0b9dd1hp39180000gn/T//ccJjcCoa.ltrans0.ltrans.o
 *fill*         0x0000000008001094        0xc 
 .text._dbg_check_lock
                0x00000000080010a0       0x20 /var/folders/qd/4mxf5pkd0zdf0b9dd1hp39180000gn/T//ccJjcCoa.ltrans0.ltrans.o
                0x00000000080010a0                _dbg_check_lock
 .text.startup.main
                0x00000000080010c0      0xbfc /var/folders/qd/4mxf5pkd0zdf0b9dd1hp39180000gn/T//ccJjcCoa.ltrans0.ltrans.o
                0x00000000080010c0                main
 *fill*         0x0000000008001cbc        0x4 
 .text.chCoreAlloc
                0x0000000008001cc0       0x6c /var/folders/qd/4mxf5pkd0zdf0b9dd1hp39180000gn/T//ccJjcCoa.ltrans0.ltrans.o
 *fill*         0x0000000008001d2c        0x4 
 .text.chThdExit
                0x0000000008001d30       0x58 /var/folders/qd/4mxf5pkd0zdf0b9dd1hp39180000gn/T//ccJjcCoa.ltrans0.ltrans.o
                0x0000000008001d30                chThdExit
 *fill*         0x0000000008001d88        0x8 
 .text.__default_exit
                0x0000000008001d90        0x4 /var/folders/qd/4mxf5pkd0zdf0b9dd1hp39180000gn/T//ccJjcCoa.ltrans0.ltrans.o
                0x0000000008001d90                __default_exit
 *fill*         0x0000000008001d94        0xc 
 .text.__late_init
                0x0000000008001da0        0x4 /var/folders/qd/4mxf5pkd0zdf0b9dd1hp39180000gn/T//ccJjcCoa.ltrans0.ltrans.o
                0x0000000008001da0                __late_init
 *(.rodata)
 *(.rodata.*)
 *fill*         0x0000000008001da4        0xc 
 .rodata.__func__.5906.lto_priv.34
                0x0000000008001db0        0xc /var/folders/qd/4mxf5pkd0zdf0b9dd1hp39180000gn/T//ccJjcCoa.ltrans0.ltrans.o
 *fill*         0x0000000008001dbc        0x4 
 .rodata.__func__.5906.lto_priv.35
                0x0000000008001dc0        0xc /var/folders/qd/4mxf5pkd0zdf0b9dd1hp39180000gn/T//ccJjcCoa.ltrans0.ltrans.o
 *fill*         0x0000000008001dcc        0x4 
 .rodata.__func__.5906.lto_priv.36
                0x0000000008001dd0        0xc /var/folders/qd/4mxf5pkd0zdf0b9dd1hp39180000gn/T//ccJjcCoa.ltrans0.ltrans.o
 *fill*         0x0000000008001ddc        0x4 
 .rodata.__func__.5906.lto_priv.37
                0x0000000008001de0        0xc /var/folders/qd/4mxf5pkd0zdf0b9dd1hp39180000gn/T//ccJjcCoa.ltrans0.ltrans.o
 *fill*         0x0000000008001dec        0x4 
 .rodata.__func__.5992
                0x0000000008001df0        0xc /var/folders/qd/4mxf5pkd0zdf0b9dd1hp39180000gn/T//ccJjcCoa.ltrans0.ltrans.o
 *fill*         0x0000000008001dfc        0x4 
 .rodata.__func__.6606
                0x0000000008001e00        0xc /var/folders/qd/4mxf5pkd0zdf0b9dd1hp39180000gn/T//ccJjcCoa.ltrans0.ltrans.o
 *fill*         0x0000000008001e0c        0x4 
 .rodata.__func__.6662
                0x0000000008001e10        0xb /var/folders/qd/4mxf5pkd0zdf0b9dd1hp39180000gn/T//ccJjcCoa.ltrans0.ltrans.o
 *fill*         0x0000000008001e1b        0x5 
 .rodata.__func__.6684
                0x0000000008001e20        0xd /var/folders/qd/4mxf5pkd0zdf0b9dd1hp39180000gn/T//ccJjcCoa.ltrans0.ltrans.o
 *fill*         0x0000000008001e2d        0x3 
 .rodata.__func__.6690
                0x0000000008001e30        0xd /var/folders/qd/4mxf5pkd0zdf0b9dd1hp39180000gn/T//ccJjcCoa.ltrans0.ltrans.o
 *fill*         0x0000000008001e3d        0x3 
 .rodata.__func__.7122
                0x0000000008001e40        0xd /var/folders/qd/4mxf5pkd0zdf0b9dd1hp39180000gn/T//ccJjcCoa.ltrans0.ltrans.o
 *fill*         0x0000000008001e4d        0x3 
 .rodata.__func__.7126.lto_priv.40
                0x0000000008001e50        0x9 /var/folders/qd/4mxf5pkd0zdf0b9dd1hp39180000gn/T//ccJjcCoa.ltrans0.ltrans.o
 *fill*         0x0000000008001e59        0x7 
 .rodata.__func__.7126.lto_priv.41
                0x0000000008001e60        0x9 /var/folders/qd/4mxf5pkd0zdf0b9dd1hp39180000gn/T//ccJjcCoa.ltrans0.ltrans.o
 *fill*         0x0000000008001e69        0x7 
 .rodata.__func__.7129
                0x0000000008001e70        0xb /var/folders/qd/4mxf5pkd0zdf0b9dd1hp39180000gn/T//ccJjcCoa.ltrans0.ltrans.o
 *fill*         0x0000000008001e7b        0x5 
 .rodata.__func__.7130
                0x0000000008001e80        0xe /var/folders/qd/4mxf5pkd0zdf0b9dd1hp39180000gn/T//ccJjcCoa.ltrans0.ltrans.o
 *fill*         0x0000000008001e8e        0x2 
 .rodata.__func__.7144
                0x0000000008001e90       0x14 /var/folders/qd/4mxf5pkd0zdf0b9dd1hp39180000gn/T//ccJjcCoa.ltrans0.ltrans.o
 *fill*         0x0000000008001ea4        0xc 
 .rodata.__func__.7149
                0x0000000008001eb0       0x14 /var/folders/qd/4mxf5pkd0zdf0b9dd1hp39180000gn/T//ccJjcCoa.ltrans0.ltrans.o
 *fill*         0x0000000008001ec4        0xc 
 .rodata.__func__.7153.lto_priv.38
                0x0000000008001ed0       0x12 /var/folders/qd/4mxf5pkd0zdf0b9dd1hp39180000gn/T//ccJjcCoa.ltrans0.ltrans.o
 *fill*         0x0000000008001ee2        0xe 
 .rodata.__func__.7153.lto_priv.39
                0x0000000008001ef0       0x19 /var/folders/qd/4mxf5pkd0zdf0b9dd1hp39180000gn/T//ccJjcCoa.ltrans0.ltrans.o
 *fill*         0x0000000008001f09        0x7 
 .rodata.__func__.7160
                0x0000000008001f10        0xe /var/folders/qd/4mxf5pkd0zdf0b9dd1hp39180000gn/T//ccJjcCoa.ltrans0.ltrans.o
 *fill*         0x0000000008001f1e        0x2 
 .rodata.__func__.7200
                0x0000000008001f20       0x12 /var/folders/qd/4mxf5pkd0zdf0b9dd1hp39180000gn/T//ccJjcCoa.ltrans0.ltrans.o
 *fill*         0x0000000008001f32        0xe 
 .rodata.__func__.7207
                0x0000000008001f40       0x11 /var/folders/qd/4mxf5pkd0zdf0b9dd1hp39180000gn/T//ccJjcCoa.ltrans0.ltrans.o
 *fill*         0x0000000008001f51        0xf 
 .rodata._dbg_check_enter_isr.str1.4
                0x0000000008001f60        0x5 /var/folders/qd/4mxf5pkd0zdf0b9dd1hp39180000gn/T//ccJjcCoa.ltrans0.ltrans.o
 *fill*         0x0000000008001f65        0xb 
 .rodata._dbg_check_leave_isr.str1.4
                0x0000000008001f70        0x5 /var/folders/qd/4mxf5pkd0zdf0b9dd1hp39180000gn/T//ccJjcCoa.ltrans0.ltrans.o
 *fill*         0x0000000008001f75        0xb 
 .rodata._dbg_check_lock.str1.4
                0x0000000008001f80        0x5 /var/folders/qd/4mxf5pkd0zdf0b9dd1hp39180000gn/T//ccJjcCoa.ltrans0.ltrans.o
 *fill*         0x0000000008001f85        0xb 
 .rodata._dbg_check_lock_from_isr.str1.4
                0x0000000008001f90        0x5 /var/folders/qd/4mxf5pkd0zdf0b9dd1hp39180000gn/T//ccJjcCoa.ltrans0.ltrans.o
 *fill*         0x0000000008001f95        0xb 
 .rodata._dbg_check_unlock.str1.4
                0x0000000008001fa0        0x5 /var/folders/qd/4mxf5pkd0zdf0b9dd1hp39180000gn/T//ccJjcCoa.ltrans0.ltrans.o
 *fill*         0x0000000008001fa5        0xb 
 .rodata._dbg_check_unlock_from_isr.str1.4
                0x0000000008001fb0        0x5 /var/folders/qd/4mxf5pkd0zdf0b9dd1hp39180000gn/T//ccJjcCoa.ltrans0.ltrans.o
 *fill*         0x0000000008001fb5        0xb 
 .rodata._stm32_dma_streams
                0x0000000008001fc0       0xc0 /var/folders/qd/4mxf5pkd0zdf0b9dd1hp39180000gn/T//ccJjcCoa.ltrans0.ltrans.o
 .rodata._unhandled_exception.str1.4
                0x0000000008002080       0x14 /var/folders/qd/4mxf5pkd0zdf0b9dd1hp39180000gn/T//ccJjcCoa.ltrans0.ltrans.o
 *fill*         0x0000000008002094        0xc 
 .rodata.chDbgCheckClassI.str1.4
                0x00000000080020a0        0x6 /var/folders/qd/4mxf5pkd0zdf0b9dd1hp39180000gn/T//ccJjcCoa.ltrans0.ltrans.o
 *fill*         0x00000000080020a6        0xa 
 .rodata.chDbgCheckClassS.str1.4
                0x00000000080020b0        0x6 /var/folders/qd/4mxf5pkd0zdf0b9dd1hp39180000gn/T//ccJjcCoa.ltrans0.ltrans.o
 *fill*         0x00000000080020b6        0xa 
 .rodata.chSchWakeupS.str1.4
                0x00000000080020c0        0xf /var/folders/qd/4mxf5pkd0zdf0b9dd1hp39180000gn/T//ccJjcCoa.ltrans0.ltrans.o
 *fill*         0x00000000080020cf        0x1 
 .rodata.ch_debug
                0x00000000080020d0       0x16 /var/folders/qd/4mxf5pkd0zdf0b9dd1hp39180000gn/T//ccJjcCoa.ltrans0.ltrans.o
 *fill*         0x00000000080020e6        0xa 
 .rodata.dac1cfg1
                0x00000000080020f0        0x4 /var/folders/qd/4mxf5pkd0zdf0b9dd1hp39180000gn/T//ccJjcCoa.ltrans0.ltrans.o
 *fill*         0x00000000080020f4        0xc 
 .rodata.dac_buffer
                0x0000000008002100      0x2d0 /var/folders/qd/4mxf5pkd0zdf0b9dd1hp39180000gn/T//ccJjcCoa.ltrans0.ltrans.o
 .rodata.dacgrpcfg1
                0x00000000080023d0       0x10 /var/folders/qd/4mxf5pkd0zdf0b9dd1hp39180000gn/T//ccJjcCoa.ltrans0.ltrans.o
 .rodata.dma1_ch1_params
                0x00000000080023e0       0x1c /var/folders/qd/4mxf5pkd0zdf0b9dd1hp39180000gn/T//ccJjcCoa.ltrans0.ltrans.o
 *fill*         0x00000000080023fc        0x4 
 .rodata.dma1_ch2_params
                0x0000000008002400       0x1c /var/folders/qd/4mxf5pkd0zdf0b9dd1hp39180000gn/T//ccJjcCoa.ltrans0.ltrans.o
 *fill*         0x000000000800241c        0x4 
 .rodata.error_cb1.str1.4
                0x0000000008002420        0xc /var/folders/qd/4mxf5pkd0zdf0b9dd1hp39180000gn/T//ccJjcCoa.ltrans0.ltrans.o
 *fill*         0x000000000800242c        0x4 
 .rodata.gpt6cfg1
                0x0000000008002430       0x10 /var/folders/qd/4mxf5pkd0zdf0b9dd1hp39180000gn/T//ccJjcCoa.ltrans0.ltrans.o
 .rodata.main.str1.4
                0x0000000008002440       0x10 /var/folders/qd/4mxf5pkd0zdf0b9dd1hp39180000gn/T//ccJjcCoa.ltrans0.ltrans.o
                                          0xd (size before relaxing)
 *(.glue_7t)
 .glue_7t       0x0000000008002450        0x0 linker stubs
 *(.glue_7)
 .glue_7        0x0000000008002450        0x0 linker stubs
 *(.gcc*)

.vfp11_veneer   0x0000000008002450        0x0
 .vfp11_veneer  0x0000000008002450        0x0 linker stubs

.v4_bx          0x0000000008002450        0x0
 .v4_bx         0x0000000008002450        0x0 linker stubs

.iplt           0x0000000008002450        0x0
 .iplt          0x0000000008002450        0x0 build/obj/crt0_v7m.o

.rel.dyn        0x0000000008002450        0x0
 .rel.iplt      0x0000000008002450        0x0 build/obj/crt0_v7m.o

.ARM.extab
 *(.ARM.extab* .gnu.linkonce.armextab.*)

.ARM.exidx      0x0000000008002450        0x0
                [!provide]                        PROVIDE (__exidx_start, .)
 *(.ARM.exidx* .gnu.linkonce.armexidx.*)
                [!provide]                        PROVIDE (__exidx_end, .)

.eh_frame_hdr
 *(.eh_frame_hdr)

.eh_frame
 *(.eh_frame)

.textalign      0x0000000008002450        0x0
                0x0000000008002450                . = ALIGN (0x8)
                0x0000000008002450                . = ALIGN (0x4)
                0x0000000008002450                _etext = .
                0x0000000008002450                _textdata = _etext

.mstack         0x0000000020000000      0x400
                0x0000000020000000                . = ALIGN (0x8)
                0x0000000020000000                __main_stack_base__ = .
                0x0000000020000400                . = (. + __main_stack_size__)
 *fill*         0x0000000020000000      0x400 
                0x0000000020000400                . = ALIGN (0x8)
                0x0000000020000400                __main_stack_end__ = .

.pstack         0x0000000020000400      0x400
                0x0000000020000400                __process_stack_base__ = .
                0x0000000020000400                __main_thread_stack_base__ = .
                0x0000000020000800                . = (. + __process_stack_size__)
 *fill*         0x0000000020000400      0x400 
                0x0000000020000800                . = ALIGN (0x8)
                0x0000000020000800                __process_stack_end__ = .
                0x0000000020000800                __main_thread_stack_end__ = .

.data           0x0000000020000800        0x0 load address 0x0000000008002450
                0x0000000020000800                . = ALIGN (0x4)
                0x0000000020000800                PROVIDE (_data, .)
 *(.data)
 *(.data.*)
 *(.ramtext)
                0x0000000020000800                . = ALIGN (0x4)
                0x0000000020000800                PROVIDE (_edata, .)

.igot.plt       0x0000000020000800        0x0 load address 0x0000000008002450
 .igot.plt      0x0000000020000800        0x0 build/obj/crt0_v7m.o

.bss            0x0000000020000800      0x6f8 load address 0x0000000008002450
                0x0000000020000800                . = ALIGN (0x4)
                0x0000000020000800                PROVIDE (_bss_start, .)
 *(.bss)
 *(.bss.*)
 .bss.DACD1     0x0000000020000800       0x2c /var/folders/qd/4mxf5pkd0zdf0b9dd1hp39180000gn/T//ccJjcCoa.ltrans0.ltrans.o
 .bss.DACD2     0x000000002000082c       0x2c /var/folders/qd/4mxf5pkd0zdf0b9dd1hp39180000gn/T//ccJjcCoa.ltrans0.ltrans.o
 .bss.GPTD6     0x0000000020000858       0x10 /var/folders/qd/4mxf5pkd0zdf0b9dd1hp39180000gn/T//ccJjcCoa.ltrans0.ltrans.o
 .bss.ch        0x0000000020000868      0x5d8 /var/folders/qd/4mxf5pkd0zdf0b9dd1hp39180000gn/T//ccJjcCoa.ltrans0.ltrans.o
 .bss.default_heap
                0x0000000020000e40       0x20 /var/folders/qd/4mxf5pkd0zdf0b9dd1hp39180000gn/T//ccJjcCoa.ltrans0.ltrans.o
 .bss.dma_isr_redir
                0x0000000020000e60       0x80 /var/folders/qd/4mxf5pkd0zdf0b9dd1hp39180000gn/T//ccJjcCoa.ltrans0.ltrans.o
 .bss.dma_streams_mask
                0x0000000020000ee0        0x4 /var/folders/qd/4mxf5pkd0zdf0b9dd1hp39180000gn/T//ccJjcCoa.ltrans0.ltrans.o
 .bss.endmem    0x0000000020000ee4        0x4 /var/folders/qd/4mxf5pkd0zdf0b9dd1hp39180000gn/T//ccJjcCoa.ltrans0.ltrans.o
 .bss.nextmem   0x0000000020000ee8        0x4 /var/folders/qd/4mxf5pkd0zdf0b9dd1hp39180000gn/T//ccJjcCoa.ltrans0.ltrans.o
 .bss.nx        0x0000000020000eec        0x4 /var/folders/qd/4mxf5pkd0zdf0b9dd1hp39180000gn/T//ccJjcCoa.ltrans0.ltrans.o
 .bss.ny        0x0000000020000ef0        0x4 /var/folders/qd/4mxf5pkd0zdf0b9dd1hp39180000gn/T//ccJjcCoa.ltrans0.ltrans.o
 .bss.nz        0x0000000020000ef4        0x4 /var/folders/qd/4mxf5pkd0zdf0b9dd1hp39180000gn/T//ccJjcCoa.ltrans0.ltrans.o
 *(COMMON)
                0x0000000020000ef8                . = ALIGN (0x4)
                0x0000000020000ef8                PROVIDE (_bss_end, .)
                [!provide]                        PROVIDE (end, .)

.ram0           0x0000000020000ef8        0x0 load address 0x0000000008002450
                0x0000000020000ef8                . = ALIGN (0x4)
 *(.ram0)
 *(.ram0.*)
                0x0000000020000ef8                . = ALIGN (0x4)
                0x0000000020000ef8                __ram0_free__ = .

.ram1           0x0000000020000000        0x0
                0x0000000020000000                . = ALIGN (0x4)
 *(.ram1)
 *(.ram1.*)
                0x0000000020000000                . = ALIGN (0x4)
                0x0000000020000000                __ram1_free__ = .

.ram2           0x000000002001c000        0x0
                0x000000002001c000                . = ALIGN (0x4)
 *(.ram2)
 *(.ram2.*)
                0x000000002001c000                . = ALIGN (0x4)
                0x000000002001c000                __ram2_free__ = .

.ram3           0x0000000000000000        0x0
                0x0000000000000000                . = ALIGN (0x4)
 *(.ram3)
 *(.ram3.*)
                0x0000000000000000                . = ALIGN (0x4)
                0x0000000000000000                __ram3_free__ = .

.ram4           0x0000000010000000        0x0
                0x0000000010000000                . = ALIGN (0x4)
 *(.ram4)
 *(.ram4.*)
                0x0000000010000000                . = ALIGN (0x4)
                0x0000000010000000                __ram4_free__ = .

.ram5           0x0000000040024000        0x0
                0x0000000040024000                . = ALIGN (0x4)
 *(.ram5)
 *(.ram5.*)
                0x0000000040024000                . = ALIGN (0x4)
                0x0000000040024000                __ram5_free__ = .

.ram6           0x0000000000000000        0x0
                0x0000000000000000                . = ALIGN (0x4)
 *(.ram6)
 *(.ram6.*)
                0x0000000000000000                . = ALIGN (0x4)
                0x0000000000000000                __ram6_free__ = .

.ram7           0x0000000000000000        0x0
                0x0000000000000000                . = ALIGN (0x4)
 *(.ram7)
 *(.ram7.*)
                0x0000000000000000                . = ALIGN (0x4)
                0x0000000000000000                __ram7_free__ = .
                0x0000000020000ef8                __heap_base__ = __ram0_free__
                0x0000000020020000                __heap_end__ = __ram0_end__
                0x0000000000000400                __process_stack_size__ = 0x400
                0x0000000000000400                __main_stack_size__ = 0x400
START GROUP
LOAD /Applications/Eclipse_e-puck2.app/Contents/Eclipse_e-puck2/Tools/gcc-arm-none-eabi-7-2017-q4-major/bin/../lib/gcc/arm-none-eabi/7.2.1/thumb/v7e-m/libgcc.a
LOAD /Applications/Eclipse_e-puck2.app/Contents/Eclipse_e-puck2/Tools/gcc-arm-none-eabi-7-2017-q4-major/bin/../lib/gcc/arm-none-eabi/7.2.1/../../../../arm-none-eabi/lib/thumb/v7e-m/libg.a
LOAD /Applications/Eclipse_e-puck2.app/Contents/Eclipse_e-puck2/Tools/gcc-arm-none-eabi-7-2017-q4-major/bin/../lib/gcc/arm-none-eabi/7.2.1/../../../../arm-none-eabi/lib/thumb/v7e-m/libc.a
END GROUP
OUTPUT(build/ch.elf elf32-littlearm)

.ARM.attributes
                0x0000000000000000       0x2d
 .ARM.attributes
                0x0000000000000000       0x21 build/obj/crt0_v7m.o
 .ARM.attributes
                0x0000000000000021       0x21 build/obj/chcoreasm_v7m.o
 .ARM.attributes
                0x0000000000000042       0x31 /var/folders/qd/4mxf5pkd0zdf0b9dd1hp39180000gn/T//ccJjcCoa.ltrans0.ltrans.o

.comment        0x0000000000000000       0x7e
 .comment       0x0000000000000000       0x7e /var/folders/qd/4mxf5pkd0zdf0b9dd1hp39180000gn/T//ccJjcCoa.ltrans0.ltrans.o
                                         0x7f (size before relaxing)

.debug_info     0x0000000000000000     0x6970
 .debug_info    0x0000000000000000     0x6970 /var/folders/qd/4mxf5pkd0zdf0b9dd1hp39180000gn/T//ccJjcCoa.ltrans0.ltrans.o

.debug_abbrev   0x0000000000000000      0x747
 .debug_abbrev  0x0000000000000000      0x747 /var/folders/qd/4mxf5pkd0zdf0b9dd1hp39180000gn/T//ccJjcCoa.ltrans0.ltrans.o

.debug_loc      0x0000000000000000     0x1f10
 .debug_loc     0x0000000000000000     0x1f10 /var/folders/qd/4mxf5pkd0zdf0b9dd1hp39180000gn/T//ccJjcCoa.ltrans0.ltrans.o

.debug_aranges  0x0000000000000000      0x1d0
 .debug_aranges
                0x0000000000000000      0x1d0 /var/folders/qd/4mxf5pkd0zdf0b9dd1hp39180000gn/T//ccJjcCoa.ltrans0.ltrans.o

.debug_ranges   0x0000000000000000     0x1108
 .debug_ranges  0x0000000000000000     0x1108 /var/folders/qd/4mxf5pkd0zdf0b9dd1hp39180000gn/T//ccJjcCoa.ltrans0.ltrans.o

.debug_line     0x0000000000000000     0x1910
 .debug_line    0x0000000000000000     0x1910 /var/folders/qd/4mxf5pkd0zdf0b9dd1hp39180000gn/T//ccJjcCoa.ltrans0.ltrans.o

.debug_str      0x0000000000000000     0x217c
 .debug_str     0x0000000000000000     0x217c /var/folders/qd/4mxf5pkd0zdf0b9dd1hp39180000gn/T//ccJjcCoa.ltrans0.ltrans.o
                                       0x2272 (size before relaxing)

.debug_frame    0x0000000000000000      0x5ac
 .debug_frame   0x0000000000000000      0x5ac /var/folders/qd/4mxf5pkd0zdf0b9dd1hp39180000gn/T//ccJjcCoa.ltrans0.ltrans.o

Cross Reference Table

Symbol                                            File
BusFault_Handler                                  build/obj/vectors.o (symbol from plugin)
DACD1                                             build/obj/dac_lld.o (symbol from plugin)
                                                  build/obj/main.o (symbol from plugin)
DACD2                                             build/obj/dac_lld.o (symbol from plugin)
DebugMon_Handler                                  build/obj/vectors.o (symbol from plugin)
GPTD6                                             build/obj/gpt_lld.o (symbol from plugin)
                                                  build/obj/main.o (symbol from plugin)
HardFault_Handler                                 build/obj/vectors.o (symbol from plugin)
MemManage_Handler                                 build/obj/vectors.o (symbol from plugin)
NMI_Handler                                       build/obj/vectors.o (symbol from plugin)
PendSV_Handler                                    build/obj/vectors.o (symbol from plugin)
Reset_Handler                                     build/obj/crt0_v7m.o
                                                  /var/folders/qd/4mxf5pkd0zdf0b9dd1hp39180000gn/T//ccJjcCoa.ltrans0.ltrans.o
SVC_Handler                                       build/obj/chcore_v7m.o (symbol from plugin)
                                                  build/obj/vectors.o (symbol from plugin)
SysTick_Handler                                   build/obj/vectors.o (symbol from plugin)
SystemCoreClock                                   build/obj/hal_lld.o (symbol from plugin)
UsageFault_Handler                                build/obj/vectors.o (symbol from plugin)
Vector100                                         build/obj/vectors.o (symbol from plugin)
Vector104                                         build/obj/vectors.o (symbol from plugin)
Vector108                                         build/obj/vectors.o (symbol from plugin)
Vector10C                                         build/obj/vectors.o (symbol from plugin)
Vector110                                         build/obj/vectors.o (symbol from plugin)
Vector114                                         build/obj/vectors.o (symbol from plugin)
Vector118                                         build/obj/gpt_lld.o (symbol from plugin)
                                                  build/obj/vectors.o (symbol from plugin)
Vector11C                                         build/obj/vectors.o (symbol from plugin)
Vector120                                         build/obj/stm32_dma.o (symbol from plugin)
                                                  build/obj/vectors.o (symbol from plugin)
Vector124                                         build/obj/stm32_dma.o (symbol from plugin)
                                                  build/obj/vectors.o (symbol from plugin)
Vector128                                         build/obj/stm32_dma.o (symbol from plugin)
                                                  build/obj/vectors.o (symbol from plugin)
Vector12C                                         build/obj/stm32_dma.o (symbol from plugin)
                                                  build/obj/vectors.o (symbol from plugin)
Vector130                                         build/obj/stm32_dma.o (symbol from plugin)
                                                  build/obj/vectors.o (symbol from plugin)
Vector134                                         build/obj/vectors.o (symbol from plugin)
Vector138                                         build/obj/vectors.o (symbol from plugin)
Vector13C                                         build/obj/vectors.o (symbol from plugin)
Vector140                                         build/obj/vectors.o (symbol from plugin)
Vector144                                         build/obj/vectors.o (symbol from plugin)
Vector148                                         build/obj/vectors.o (symbol from plugin)
Vector14C                                         build/obj/vectors.o (symbol from plugin)
Vector150                                         build/obj/stm32_dma.o (symbol from plugin)
                                                  build/obj/vectors.o (symbol from plugin)
Vector154                                         build/obj/stm32_dma.o (symbol from plugin)
                                                  build/obj/vectors.o (symbol from plugin)
Vector158                                         build/obj/stm32_dma.o (symbol from plugin)
                                                  build/obj/vectors.o (symbol from plugin)
Vector15C                                         build/obj/vectors.o (symbol from plugin)
Vector160                                         build/obj/vectors.o (symbol from plugin)
Vector164                                         build/obj/vectors.o (symbol from plugin)
Vector168                                         build/obj/vectors.o (symbol from plugin)
Vector16C                                         build/obj/vectors.o (symbol from plugin)
Vector170                                         build/obj/vectors.o (symbol from plugin)
Vector174                                         build/obj/vectors.o (symbol from plugin)
Vector178                                         build/obj/vectors.o (symbol from plugin)
Vector17C                                         build/obj/vectors.o (symbol from plugin)
Vector180                                         build/obj/vectors.o (symbol from plugin)
Vector184                                         build/obj/vectors.o (symbol from plugin)
Vector188                                         build/obj/vectors.o (symbol from plugin)
Vector18C                                         build/obj/vectors.o (symbol from plugin)
Vector190                                         build/obj/vectors.o (symbol from plugin)
Vector194                                         build/obj/vectors.o (symbol from plugin)
Vector198                                         build/obj/vectors.o (symbol from plugin)
Vector19C                                         build/obj/vectors.o (symbol from plugin)
Vector1A0                                         build/obj/vectors.o (symbol from plugin)
Vector1A4                                         build/obj/vectors.o (symbol from plugin)
Vector1A8                                         build/obj/vectors.o (symbol from plugin)
Vector1AC                                         build/obj/vectors.o (symbol from plugin)
Vector1B0                                         build/obj/vectors.o (symbol from plugin)
Vector1B4                                         build/obj/vectors.o (symbol from plugin)
Vector1B8                                         build/obj/vectors.o (symbol from plugin)
Vector1BC                                         build/obj/vectors.o (symbol from plugin)
Vector1C                                          build/obj/vectors.o (symbol from plugin)
Vector20                                          build/obj/vectors.o (symbol from plugin)
Vector24                                          build/obj/vectors.o (symbol from plugin)
Vector28                                          build/obj/vectors.o (symbol from plugin)
Vector34                                          build/obj/vectors.o (symbol from plugin)
Vector40                                          build/obj/vectors.o (symbol from plugin)
Vector44                                          build/obj/vectors.o (symbol from plugin)
Vector48                                          build/obj/vectors.o (symbol from plugin)
Vector4C                                          build/obj/vectors.o (symbol from plugin)
Vector50                                          build/obj/vectors.o (symbol from plugin)
Vector54                                          build/obj/vectors.o (symbol from plugin)
Vector58                                          build/obj/vectors.o (symbol from plugin)
Vector5C                                          build/obj/vectors.o (symbol from plugin)
Vector60                                          build/obj/vectors.o (symbol from plugin)
Vector64                                          build/obj/vectors.o (symbol from plugin)
Vector68                                          build/obj/vectors.o (symbol from plugin)
Vector6C                                          build/obj/stm32_dma.o (symbol from plugin)
                                                  build/obj/vectors.o (symbol from plugin)
Vector70                                          build/obj/stm32_dma.o (symbol from plugin)
                                                  build/obj/vectors.o (symbol from plugin)
Vector74                                          build/obj/stm32_dma.o (symbol from plugin)
                                                  build/obj/vectors.o (symbol from plugin)
Vector78                                          build/obj/stm32_dma.o (symbol from plugin)
                                                  build/obj/vectors.o (symbol from plugin)
Vector7C                                          build/obj/stm32_dma.o (symbol from plugin)
                                                  build/obj/vectors.o (symbol from plugin)
Vector80                                          build/obj/stm32_dma.o (symbol from plugin)
                                                  build/obj/vectors.o (symbol from plugin)
Vector84                                          build/obj/stm32_dma.o (symbol from plugin)
                                                  build/obj/vectors.o (symbol from plugin)
Vector88                                          build/obj/vectors.o (symbol from plugin)
Vector8C                                          build/obj/vectors.o (symbol from plugin)
Vector90                                          build/obj/vectors.o (symbol from plugin)
Vector94                                          build/obj/vectors.o (symbol from plugin)
Vector98                                          build/obj/vectors.o (symbol from plugin)
Vector9C                                          build/obj/vectors.o (symbol from plugin)
VectorA0                                          build/obj/vectors.o (symbol from plugin)
VectorA4                                          build/obj/vectors.o (symbol from plugin)
VectorA8                                          build/obj/vectors.o (symbol from plugin)
VectorAC                                          build/obj/vectors.o (symbol from plugin)
VectorB0                                          build/obj/st_lld.o (symbol from plugin)
                                                  build/obj/vectors.o (symbol from plugin)
VectorB4                                          build/obj/vectors.o (symbol from plugin)
VectorB8                                          build/obj/vectors.o (symbol from plugin)
VectorBC                                          build/obj/vectors.o (symbol from plugin)
VectorC0                                          build/obj/vectors.o (symbol from plugin)
VectorC4                                          build/obj/vectors.o (symbol from plugin)
VectorC8                                          build/obj/vectors.o (symbol from plugin)
VectorCC                                          build/obj/vectors.o (symbol from plugin)
VectorD0                                          build/obj/vectors.o (symbol from plugin)
VectorD4                                          build/obj/vectors.o (symbol from plugin)
VectorD8                                          build/obj/vectors.o (symbol from plugin)
VectorDC                                          build/obj/vectors.o (symbol from plugin)
VectorE0                                          build/obj/vectors.o (symbol from plugin)
VectorE4                                          build/obj/vectors.o (symbol from plugin)
VectorE8                                          build/obj/vectors.o (symbol from plugin)
VectorEC                                          build/obj/vectors.o (symbol from plugin)
VectorF0                                          build/obj/vectors.o (symbol from plugin)
VectorF4                                          build/obj/vectors.o (symbol from plugin)
VectorF8                                          build/obj/vectors.o (symbol from plugin)
VectorFC                                          build/obj/stm32_dma.o (symbol from plugin)
                                                  build/obj/vectors.o (symbol from plugin)
__default_exit                                    /var/folders/qd/4mxf5pkd0zdf0b9dd1hp39180000gn/T//ccJjcCoa.ltrans0.ltrans.o
                                                  build/obj/crt1.o (symbol from plugin)
                                                  build/obj/crt0_v7m.o
__early_init                                      /var/folders/qd/4mxf5pkd0zdf0b9dd1hp39180000gn/T//ccJjcCoa.ltrans0.ltrans.o
                                                  build/obj/board.o (symbol from plugin)
                                                  build/obj/crt1.o (symbol from plugin)
                                                  build/obj/crt0_v7m.o
__fini_array_end                                  build/obj/crt0_v7m.o
__fini_array_start                                build/obj/crt0_v7m.o
__heap_base__                                     /var/folders/qd/4mxf5pkd0zdf0b9dd1hp39180000gn/T//ccJjcCoa.ltrans0.ltrans.o
                                                  build/obj/chmemcore.o (symbol from plugin)
__heap_end__                                      /var/folders/qd/4mxf5pkd0zdf0b9dd1hp39180000gn/T//ccJjcCoa.ltrans0.ltrans.o
                                                  build/obj/chmemcore.o (symbol from plugin)
__init_array_end                                  build/obj/crt0_v7m.o
__init_array_start                                build/obj/crt0_v7m.o
__late_init                                       /var/folders/qd/4mxf5pkd0zdf0b9dd1hp39180000gn/T//ccJjcCoa.ltrans0.ltrans.o
                                                  build/obj/crt1.o (symbol from plugin)
                                                  build/obj/crt0_v7m.o
__main_stack_base__                               build/obj/crt0_v7m.o
__main_stack_end__                                /var/folders/qd/4mxf5pkd0zdf0b9dd1hp39180000gn/T//ccJjcCoa.ltrans0.ltrans.o
                                                  build/obj/vectors.o (symbol from plugin)
                                                  build/obj/crt0_v7m.o
__main_thread_stack_base__                        /var/folders/qd/4mxf5pkd0zdf0b9dd1hp39180000gn/T//ccJjcCoa.ltrans0.ltrans.o
                                                  build/obj/chsys.o (symbol from plugin)
__process_stack_base__                            build/obj/crt0_v7m.o
__process_stack_end__                             build/obj/crt0_v7m.o
_bss_end                                          build/obj/crt0_v7m.o
_bss_start                                        build/obj/crt0_v7m.o
_core_init                                        build/obj/chmemcore.o (symbol from plugin)
                                                  build/obj/chsys.o (symbol from plugin)
_data                                             build/obj/crt0_v7m.o
_dbg_check_disable                                build/obj/chdebug.o (symbol from plugin)
_dbg_check_enable                                 build/obj/chdebug.o (symbol from plugin)
                                                  build/obj/chsys.o (symbol from plugin)
_dbg_check_enter_isr                              build/obj/chdebug.o (symbol from plugin)
                                                  build/obj/gpt_lld.o (symbol from plugin)
                                                  build/obj/st_lld.o (symbol from plugin)
                                                  build/obj/stm32_dma.o (symbol from plugin)
_dbg_check_leave_isr                              build/obj/chdebug.o (symbol from plugin)
                                                  build/obj/gpt_lld.o (symbol from plugin)
                                                  build/obj/st_lld.o (symbol from plugin)
                                                  build/obj/stm32_dma.o (symbol from plugin)
_dbg_check_lock                                   /var/folders/qd/4mxf5pkd0zdf0b9dd1hp39180000gn/T//ccJjcCoa.ltrans0.ltrans.o
                                                  build/obj/chdebug.o (symbol from plugin)
                                                  build/obj/gpt.o (symbol from plugin)
                                                  build/obj/dac.o (symbol from plugin)
                                                  build/obj/chmempools.o (symbol from plugin)
                                                  build/obj/chmemcore.o (symbol from plugin)
                                                  build/obj/chqueues.o (symbol from plugin)
                                                  build/obj/chmboxes.o (symbol from plugin)
                                                  build/obj/chmsg.o (symbol from plugin)
                                                  build/obj/chevents.o (symbol from plugin)
                                                  build/obj/chcond.o (symbol from plugin)
                                                  build/obj/chmtx.o (symbol from plugin)
                                                  build/obj/chsem.o (symbol from plugin)
                                                  build/obj/chregistry.o (symbol from plugin)
                                                  build/obj/chdynamic.o (symbol from plugin)
                                                  build/obj/chthreads.o (symbol from plugin)
                                                  build/obj/chsys.o (symbol from plugin)
                                                  build/obj/chcoreasm_v7m.o
_dbg_check_lock_from_isr                          build/obj/chdebug.o (symbol from plugin)
                                                  build/obj/dac_lld.o (symbol from plugin)
                                                  build/obj/st_lld.o (symbol from plugin)
                                                  build/obj/chschd.o (symbol from plugin)
                                                  build/obj/chsys.o (symbol from plugin)
_dbg_check_suspend                                build/obj/chdebug.o (symbol from plugin)
_dbg_check_unlock                                 /var/folders/qd/4mxf5pkd0zdf0b9dd1hp39180000gn/T//ccJjcCoa.ltrans0.ltrans.o
                                                  build/obj/chdebug.o (symbol from plugin)
                                                  build/obj/gpt.o (symbol from plugin)
                                                  build/obj/dac.o (symbol from plugin)
                                                  build/obj/chmempools.o (symbol from plugin)
                                                  build/obj/chmemcore.o (symbol from plugin)
                                                  build/obj/chqueues.o (symbol from plugin)
                                                  build/obj/chmboxes.o (symbol from plugin)
                                                  build/obj/chmsg.o (symbol from plugin)
                                                  build/obj/chevents.o (symbol from plugin)
                                                  build/obj/chcond.o (symbol from plugin)
                                                  build/obj/chmtx.o (symbol from plugin)
                                                  build/obj/chsem.o (symbol from plugin)
                                                  build/obj/chregistry.o (symbol from plugin)
                                                  build/obj/chdynamic.o (symbol from plugin)
                                                  build/obj/chthreads.o (symbol from plugin)
                                                  build/obj/chsys.o (symbol from plugin)
                                                  build/obj/chcoreasm_v7m.o
_dbg_check_unlock_from_isr                        build/obj/chdebug.o (symbol from plugin)
                                                  build/obj/dac_lld.o (symbol from plugin)
                                                  build/obj/st_lld.o (symbol from plugin)
                                                  build/obj/chschd.o (symbol from plugin)
                                                  build/obj/chsys.o (symbol from plugin)
_dbg_trace                                        build/obj/chdebug.o (symbol from plugin)
                                                  build/obj/chschd.o (symbol from plugin)
_dbg_trace_init                                   build/obj/chdebug.o (symbol from plugin)
                                                  build/obj/chsys.o (symbol from plugin)
_edata                                            build/obj/crt0_v7m.o
_heap_init                                        build/obj/chheap.o (symbol from plugin)
                                                  build/obj/chsys.o (symbol from plugin)
_pal_lld_init                                     build/obj/pal_lld.o (symbol from plugin)
                                                  build/obj/hal.o (symbol from plugin)
_pal_lld_setgroupmode                             build/obj/pal_lld.o (symbol from plugin)
                                                  build/obj/main.o (symbol from plugin)
                                                  build/obj/pal.o (symbol from plugin)
_port_exit_from_isr                               build/obj/chcoreasm_v7m.o
                                                  /var/folders/qd/4mxf5pkd0zdf0b9dd1hp39180000gn/T//ccJjcCoa.ltrans0.ltrans.o
                                                  build/obj/chcore_v7m.o (symbol from plugin)
_port_irq_epilogue                                build/obj/chcore_v7m.o (symbol from plugin)
                                                  build/obj/gpt_lld.o (symbol from plugin)
                                                  build/obj/st_lld.o (symbol from plugin)
                                                  build/obj/stm32_dma.o (symbol from plugin)
_port_switch                                      build/obj/chcoreasm_v7m.o
                                                  /var/folders/qd/4mxf5pkd0zdf0b9dd1hp39180000gn/T//ccJjcCoa.ltrans0.ltrans.o
                                                  build/obj/chschd.o (symbol from plugin)
_port_switch_from_isr                             build/obj/chcoreasm_v7m.o
                                                  /var/folders/qd/4mxf5pkd0zdf0b9dd1hp39180000gn/T//ccJjcCoa.ltrans0.ltrans.o
                                                  build/obj/chcore_v7m.o (symbol from plugin)
_port_thread_start                                build/obj/chcoreasm_v7m.o
                                                  /var/folders/qd/4mxf5pkd0zdf0b9dd1hp39180000gn/T//ccJjcCoa.ltrans0.ltrans.o
                                                  build/obj/chthreads.o (symbol from plugin)
_scheduler_init                                   build/obj/chschd.o (symbol from plugin)
                                                  build/obj/chsys.o (symbol from plugin)
_stats_ctxswc                                     build/obj/chstats.o (symbol from plugin)
                                                  build/obj/chschd.o (symbol from plugin)
_stats_increase_irq                               build/obj/chstats.o (symbol from plugin)
                                                  build/obj/gpt_lld.o (symbol from plugin)
                                                  build/obj/st_lld.o (symbol from plugin)
                                                  build/obj/stm32_dma.o (symbol from plugin)
_stats_init                                       build/obj/chstats.o (symbol from plugin)
                                                  build/obj/chsys.o (symbol from plugin)
_stats_start_measure_crit_isr                     build/obj/chstats.o (symbol from plugin)
                                                  build/obj/dac_lld.o (symbol from plugin)
                                                  build/obj/st_lld.o (symbol from plugin)
                                                  build/obj/chschd.o (symbol from plugin)
                                                  build/obj/chsys.o (symbol from plugin)
_stats_start_measure_crit_thd                     /var/folders/qd/4mxf5pkd0zdf0b9dd1hp39180000gn/T//ccJjcCoa.ltrans0.ltrans.o
                                                  build/obj/chstats.o (symbol from plugin)
                                                  build/obj/gpt.o (symbol from plugin)
                                                  build/obj/dac.o (symbol from plugin)
                                                  build/obj/chmempools.o (symbol from plugin)
                                                  build/obj/chmemcore.o (symbol from plugin)
                                                  build/obj/chqueues.o (symbol from plugin)
                                                  build/obj/chmboxes.o (symbol from plugin)
                                                  build/obj/chmsg.o (symbol from plugin)
                                                  build/obj/chevents.o (symbol from plugin)
                                                  build/obj/chcond.o (symbol from plugin)
                                                  build/obj/chmtx.o (symbol from plugin)
                                                  build/obj/chsem.o (symbol from plugin)
                                                  build/obj/chregistry.o (symbol from plugin)
                                                  build/obj/chdynamic.o (symbol from plugin)
                                                  build/obj/chthreads.o (symbol from plugin)
                                                  build/obj/chsys.o (symbol from plugin)
                                                  build/obj/chcoreasm_v7m.o
_stats_stop_measure_crit_isr                      build/obj/chstats.o (symbol from plugin)
                                                  build/obj/dac_lld.o (symbol from plugin)
                                                  build/obj/st_lld.o (symbol from plugin)
                                                  build/obj/chschd.o (symbol from plugin)
                                                  build/obj/chsys.o (symbol from plugin)
_stats_stop_measure_crit_thd                      /var/folders/qd/4mxf5pkd0zdf0b9dd1hp39180000gn/T//ccJjcCoa.ltrans0.ltrans.o
                                                  build/obj/chstats.o (symbol from plugin)
                                                  build/obj/gpt.o (symbol from plugin)
                                                  build/obj/dac.o (symbol from plugin)
                                                  build/obj/chmempools.o (symbol from plugin)
                                                  build/obj/chmemcore.o (symbol from plugin)
                                                  build/obj/chqueues.o (symbol from plugin)
                                                  build/obj/chmboxes.o (symbol from plugin)
                                                  build/obj/chmsg.o (symbol from plugin)
                                                  build/obj/chevents.o (symbol from plugin)
                                                  build/obj/chcond.o (symbol from plugin)
                                                  build/obj/chmtx.o (symbol from plugin)
                                                  build/obj/chsem.o (symbol from plugin)
                                                  build/obj/chregistry.o (symbol from plugin)
                                                  build/obj/chdynamic.o (symbol from plugin)
                                                  build/obj/chthreads.o (symbol from plugin)
                                                  build/obj/chsys.o (symbol from plugin)
                                                  build/obj/chcoreasm_v7m.o
_stm32_dma_streams                                build/obj/stm32_dma.o (symbol from plugin)
                                                  build/obj/dac_lld.o (symbol from plugin)
_textdata                                         build/obj/crt0_v7m.o
_thread_init                                      build/obj/chthreads.o (symbol from plugin)
                                                  build/obj/chsys.o (symbol from plugin)
_thread_memfill                                   build/obj/chthreads.o (symbol from plugin)
                                                  build/obj/chdynamic.o (symbol from plugin)
_tm_init                                          build/obj/chtm.o (symbol from plugin)
                                                  build/obj/chsys.o (symbol from plugin)
_unhandled_exception                              build/obj/vectors.o (symbol from plugin)
_vectors                                          /var/folders/qd/4mxf5pkd0zdf0b9dd1hp39180000gn/T//ccJjcCoa.ltrans0.ltrans.o
                                                  build/obj/vectors.o (symbol from plugin)
_vt_init                                          build/obj/chvt.o (symbol from plugin)
                                                  build/obj/chsys.o (symbol from plugin)
boardInit                                         build/obj/board.o (symbol from plugin)
                                                  build/obj/hal.o (symbol from plugin)
ch                                                build/obj/chschd.o (symbol from plugin)
                                                  build/obj/gpt.o (symbol from plugin)
                                                  build/obj/dac.o (symbol from plugin)
                                                  build/obj/chmempools.o (symbol from plugin)
                                                  build/obj/chmemcore.o (symbol from plugin)
                                                  build/obj/chqueues.o (symbol from plugin)
                                                  build/obj/chmboxes.o (symbol from plugin)
                                                  build/obj/chmsg.o (symbol from plugin)
                                                  build/obj/chevents.o (symbol from plugin)
                                                  build/obj/chcond.o (symbol from plugin)
                                                  build/obj/chmtx.o (symbol from plugin)
                                                  build/obj/chsem.o (symbol from plugin)
                                                  build/obj/chregistry.o (symbol from plugin)
                                                  build/obj/chdynamic.o (symbol from plugin)
                                                  build/obj/chstats.o (symbol from plugin)
                                                  build/obj/chtm.o (symbol from plugin)
                                                  build/obj/chthreads.o (symbol from plugin)
                                                  build/obj/chvt.o (symbol from plugin)
                                                  build/obj/chdebug.o (symbol from plugin)
                                                  build/obj/chsys.o (symbol from plugin)
chCondBroadcast                                   build/obj/chcond.o (symbol from plugin)
chCondBroadcastI                                  build/obj/chcond.o (symbol from plugin)
chCondObjectInit                                  build/obj/chcond.o (symbol from plugin)
chCondSignal                                      build/obj/chcond.o (symbol from plugin)
chCondSignalI                                     build/obj/chcond.o (symbol from plugin)
chCondWait                                        build/obj/chcond.o (symbol from plugin)
chCondWaitS                                       build/obj/chcond.o (symbol from plugin)
chCondWaitTimeout                                 build/obj/chcond.o (symbol from plugin)
chCondWaitTimeoutS                                build/obj/chcond.o (symbol from plugin)
chCoreAlloc                                       build/obj/chmemcore.o (symbol from plugin)
                                                  build/obj/chheap.o (symbol from plugin)
chCoreAllocI                                      build/obj/chmemcore.o (symbol from plugin)
chCoreGetStatusX                                  build/obj/chmemcore.o (symbol from plugin)
chDbgCheckClassI                                  build/obj/chdebug.o (symbol from plugin)
                                                  build/obj/gpt.o (symbol from plugin)
                                                  build/obj/dac.o (symbol from plugin)
                                                  build/obj/chmempools.o (symbol from plugin)
                                                  build/obj/chmemcore.o (symbol from plugin)
                                                  build/obj/chqueues.o (symbol from plugin)
                                                  build/obj/chmboxes.o (symbol from plugin)
                                                  build/obj/chmsg.o (symbol from plugin)
                                                  build/obj/chevents.o (symbol from plugin)
                                                  build/obj/chcond.o (symbol from plugin)
                                                  build/obj/chsem.o (symbol from plugin)
                                                  build/obj/chthreads.o (symbol from plugin)
                                                  build/obj/chschd.o (symbol from plugin)
                                                  build/obj/chvt.o (symbol from plugin)
                                                  build/obj/chsys.o (symbol from plugin)
chDbgCheckClassS                                  build/obj/chdebug.o (symbol from plugin)
                                                  build/obj/chmboxes.o (symbol from plugin)
                                                  build/obj/chmsg.o (symbol from plugin)
                                                  build/obj/chcond.o (symbol from plugin)
                                                  build/obj/chmtx.o (symbol from plugin)
                                                  build/obj/chsem.o (symbol from plugin)
                                                  build/obj/chthreads.o (symbol from plugin)
                                                  build/obj/chschd.o (symbol from plugin)
chEvtAddEvents                                    build/obj/chevents.o (symbol from plugin)
chEvtBroadcastFlags                               build/obj/chevents.o (symbol from plugin)
chEvtBroadcastFlagsI                              build/obj/chevents.o (symbol from plugin)
chEvtDispatch                                     build/obj/chevents.o (symbol from plugin)
chEvtGetAndClearEvents                            build/obj/chevents.o (symbol from plugin)
chEvtGetAndClearFlags                             build/obj/chevents.o (symbol from plugin)
chEvtGetAndClearFlagsI                            build/obj/chevents.o (symbol from plugin)
chEvtRegisterMaskWithFlags                        build/obj/chevents.o (symbol from plugin)
chEvtSignal                                       build/obj/chevents.o (symbol from plugin)
chEvtSignalI                                      build/obj/chevents.o (symbol from plugin)
chEvtUnregister                                   build/obj/chevents.o (symbol from plugin)
chEvtWaitAll                                      build/obj/chevents.o (symbol from plugin)
chEvtWaitAllTimeout                               build/obj/chevents.o (symbol from plugin)
chEvtWaitAny                                      build/obj/chevents.o (symbol from plugin)
chEvtWaitAnyTimeout                               build/obj/chevents.o (symbol from plugin)
chEvtWaitOne                                      build/obj/chevents.o (symbol from plugin)
chEvtWaitOneTimeout                               build/obj/chevents.o (symbol from plugin)
chHeapAlloc                                       build/obj/chheap.o (symbol from plugin)
                                                  build/obj/chdynamic.o (symbol from plugin)
chHeapFree                                        build/obj/chheap.o (symbol from plugin)
                                                  build/obj/chdynamic.o (symbol from plugin)
chHeapObjectInit                                  build/obj/chheap.o (symbol from plugin)
chHeapStatus                                      build/obj/chheap.o (symbol from plugin)
chIQGetTimeout                                    build/obj/chqueues.o (symbol from plugin)
chIQObjectInit                                    build/obj/chqueues.o (symbol from plugin)
chIQPutI                                          build/obj/chqueues.o (symbol from plugin)
chIQReadTimeout                                   build/obj/chqueues.o (symbol from plugin)
chIQResetI                                        build/obj/chqueues.o (symbol from plugin)
chMBFetch                                         build/obj/chmboxes.o (symbol from plugin)
chMBFetchI                                        build/obj/chmboxes.o (symbol from plugin)
chMBFetchS                                        build/obj/chmboxes.o (symbol from plugin)
chMBObjectInit                                    build/obj/chmboxes.o (symbol from plugin)
chMBPost                                          build/obj/chmboxes.o (symbol from plugin)
chMBPostAhead                                     build/obj/chmboxes.o (symbol from plugin)
chMBPostAheadI                                    build/obj/chmboxes.o (symbol from plugin)
chMBPostAheadS                                    build/obj/chmboxes.o (symbol from plugin)
chMBPostI                                         build/obj/chmboxes.o (symbol from plugin)
chMBPostS                                         build/obj/chmboxes.o (symbol from plugin)
chMBReset                                         build/obj/chmboxes.o (symbol from plugin)
chMBResetI                                        build/obj/chmboxes.o (symbol from plugin)
chMsgRelease                                      build/obj/chmsg.o (symbol from plugin)
chMsgSend                                         build/obj/chmsg.o (symbol from plugin)
chMsgWait                                         build/obj/chmsg.o (symbol from plugin)
chMtxLock                                         build/obj/chmtx.o (symbol from plugin)
                                                  build/obj/dac.o (symbol from plugin)
                                                  build/obj/chheap.o (symbol from plugin)
chMtxLockS                                        build/obj/chmtx.o (symbol from plugin)
                                                  build/obj/chcond.o (symbol from plugin)
chMtxObjectInit                                   build/obj/chmtx.o (symbol from plugin)
                                                  build/obj/dac.o (symbol from plugin)
                                                  build/obj/chheap.o (symbol from plugin)
chMtxTryLock                                      build/obj/chmtx.o (symbol from plugin)
chMtxTryLockS                                     build/obj/chmtx.o (symbol from plugin)
chMtxUnlock                                       build/obj/chmtx.o (symbol from plugin)
                                                  build/obj/dac.o (symbol from plugin)
                                                  build/obj/chheap.o (symbol from plugin)
chMtxUnlockAll                                    build/obj/chmtx.o (symbol from plugin)
chMtxUnlockS                                      build/obj/chmtx.o (symbol from plugin)
                                                  build/obj/chcond.o (symbol from plugin)
chOQGetI                                          build/obj/chqueues.o (symbol from plugin)
chOQObjectInit                                    build/obj/chqueues.o (symbol from plugin)
chOQPutTimeout                                    build/obj/chqueues.o (symbol from plugin)
chOQResetI                                        build/obj/chqueues.o (symbol from plugin)
chOQWriteTimeout                                  build/obj/chqueues.o (symbol from plugin)
chPoolAlloc                                       build/obj/chmempools.o (symbol from plugin)
                                                  build/obj/chdynamic.o (symbol from plugin)
chPoolAllocI                                      build/obj/chmempools.o (symbol from plugin)
chPoolFree                                        build/obj/chmempools.o (symbol from plugin)
                                                  build/obj/chdynamic.o (symbol from plugin)
chPoolFreeI                                       build/obj/chmempools.o (symbol from plugin)
chPoolLoadArray                                   build/obj/chmempools.o (symbol from plugin)
chPoolObjectInit                                  build/obj/chmempools.o (symbol from plugin)
chRegFirstThread                                  build/obj/chregistry.o (symbol from plugin)
chRegNextThread                                   build/obj/chregistry.o (symbol from plugin)
chSchDoReschedule                                 /var/folders/qd/4mxf5pkd0zdf0b9dd1hp39180000gn/T//ccJjcCoa.ltrans0.ltrans.o
                                                  build/obj/chschd.o (symbol from plugin)
                                                  build/obj/chcoreasm_v7m.o
chSchDoRescheduleAhead                            build/obj/chschd.o (symbol from plugin)
chSchDoRescheduleBehind                           build/obj/chschd.o (symbol from plugin)
                                                  build/obj/chthreads.o (symbol from plugin)
chSchGoSleepS                                     build/obj/chschd.o (symbol from plugin)
                                                  build/obj/chmsg.o (symbol from plugin)
                                                  build/obj/chevents.o (symbol from plugin)
                                                  build/obj/chcond.o (symbol from plugin)
                                                  build/obj/chmtx.o (symbol from plugin)
                                                  build/obj/chsem.o (symbol from plugin)
                                                  build/obj/chthreads.o (symbol from plugin)
chSchGoSleepTimeoutS                              build/obj/chschd.o (symbol from plugin)
                                                  build/obj/chevents.o (symbol from plugin)
                                                  build/obj/chcond.o (symbol from plugin)
                                                  build/obj/chsem.o (symbol from plugin)
                                                  build/obj/chthreads.o (symbol from plugin)
chSchIsPreemptionRequired                         build/obj/chschd.o (symbol from plugin)
                                                  build/obj/chcore_v7m.o (symbol from plugin)
chSchReadyI                                       build/obj/chschd.o (symbol from plugin)
                                                  build/obj/chmsg.o (symbol from plugin)
                                                  build/obj/chevents.o (symbol from plugin)
                                                  build/obj/chcond.o (symbol from plugin)
                                                  build/obj/chmtx.o (symbol from plugin)
                                                  build/obj/chsem.o (symbol from plugin)
                                                  build/obj/chthreads.o (symbol from plugin)
chSchRescheduleS                                  build/obj/chschd.o (symbol from plugin)
                                                  build/obj/chmboxes.o (symbol from plugin)
                                                  build/obj/chevents.o (symbol from plugin)
                                                  build/obj/chcond.o (symbol from plugin)
                                                  build/obj/chmtx.o (symbol from plugin)
                                                  build/obj/chsem.o (symbol from plugin)
                                                  build/obj/chthreads.o (symbol from plugin)
                                                  build/obj/chsys.o (symbol from plugin)
chSchWakeupS                                      build/obj/chschd.o (symbol from plugin)
                                                  build/obj/chmsg.o (symbol from plugin)
                                                  build/obj/chcond.o (symbol from plugin)
                                                  build/obj/chmtx.o (symbol from plugin)
                                                  build/obj/chsem.o (symbol from plugin)
                                                  build/obj/chdynamic.o (symbol from plugin)
                                                  build/obj/chthreads.o (symbol from plugin)
chSemAddCounterI                                  build/obj/chsem.o (symbol from plugin)
chSemObjectInit                                   build/obj/chsem.o (symbol from plugin)
                                                  build/obj/chmboxes.o (symbol from plugin)
chSemReset                                        build/obj/chsem.o (symbol from plugin)
chSemResetI                                       build/obj/chsem.o (symbol from plugin)
                                                  build/obj/chmboxes.o (symbol from plugin)
chSemSignal                                       build/obj/chsem.o (symbol from plugin)
chSemSignalI                                      build/obj/chsem.o (symbol from plugin)
                                                  build/obj/chmboxes.o (symbol from plugin)
chSemSignalWait                                   build/obj/chsem.o (symbol from plugin)
chSemWait                                         build/obj/chsem.o (symbol from plugin)
chSemWaitS                                        build/obj/chsem.o (symbol from plugin)
chSemWaitTimeout                                  build/obj/chsem.o (symbol from plugin)
chSemWaitTimeoutS                                 build/obj/chsem.o (symbol from plugin)
                                                  build/obj/chmboxes.o (symbol from plugin)
chSysGetStatusAndLockX                            build/obj/chsys.o (symbol from plugin)
chSysHalt                                         build/obj/chsys.o (symbol from plugin)
                                                  build/obj/main.o (symbol from plugin)
                                                  build/obj/gpt_lld.o (symbol from plugin)
                                                  build/obj/dac_lld.o (symbol from plugin)
                                                  build/obj/stm32_dma.o (symbol from plugin)
                                                  build/obj/nvic.o (symbol from plugin)
                                                  build/obj/pal.o (symbol from plugin)
                                                  build/obj/gpt.o (symbol from plugin)
                                                  build/obj/dac.o (symbol from plugin)
                                                  build/obj/st.o (symbol from plugin)
                                                  build/obj/chmempools.o (symbol from plugin)
                                                  build/obj/chheap.o (symbol from plugin)
                                                  build/obj/chmemcore.o (symbol from plugin)
                                                  build/obj/chqueues.o (symbol from plugin)
                                                  build/obj/chmboxes.o (symbol from plugin)
                                                  build/obj/chmsg.o (symbol from plugin)
                                                  build/obj/chevents.o (symbol from plugin)
                                                  build/obj/chcond.o (symbol from plugin)
                                                  build/obj/chmtx.o (symbol from plugin)
                                                  build/obj/chsem.o (symbol from plugin)
                                                  build/obj/chregistry.o (symbol from plugin)
                                                  build/obj/chdynamic.o (symbol from plugin)
                                                  build/obj/chthreads.o (symbol from plugin)
                                                  build/obj/chschd.o (symbol from plugin)
                                                  build/obj/chvt.o (symbol from plugin)
                                                  build/obj/chdebug.o (symbol from plugin)
                                                  build/obj/vectors.o (symbol from plugin)
chSysInit                                         build/obj/chsys.o (symbol from plugin)
                                                  build/obj/main.o (symbol from plugin)
chSysIntegrityCheckI                              build/obj/chsys.o (symbol from plugin)
chSysIsCounterWithinX                             build/obj/chsys.o (symbol from plugin)
chSysPolledDelayX                                 build/obj/chsys.o (symbol from plugin)
chSysRestoreStatusX                               build/obj/chsys.o (symbol from plugin)
chSysTimerHandlerI                                build/obj/chsys.o (symbol from plugin)
                                                  build/obj/st_lld.o (symbol from plugin)
chTMChainMeasurementToX                           build/obj/chtm.o (symbol from plugin)
                                                  build/obj/chstats.o (symbol from plugin)
chTMObjectInit                                    build/obj/chtm.o (symbol from plugin)
                                                  build/obj/chstats.o (symbol from plugin)
                                                  build/obj/chthreads.o (symbol from plugin)
chTMStartMeasurementX                             build/obj/chtm.o (symbol from plugin)
                                                  build/obj/chstats.o (symbol from plugin)
                                                  build/obj/chthreads.o (symbol from plugin)
chTMStopMeasurementX                              build/obj/chtm.o (symbol from plugin)
                                                  build/obj/chstats.o (symbol from plugin)
chThdAddRef                                       build/obj/chdynamic.o (symbol from plugin)
chThdCreateFromHeap                               build/obj/chdynamic.o (symbol from plugin)
chThdCreateFromMemoryPool                         build/obj/chdynamic.o (symbol from plugin)
chThdCreateI                                      build/obj/chthreads.o (symbol from plugin)
                                                  build/obj/chdynamic.o (symbol from plugin)
chThdCreateStatic                                 build/obj/chthreads.o (symbol from plugin)
                                                  build/obj/chsys.o (symbol from plugin)
chThdDequeueAllI                                  build/obj/chthreads.o (symbol from plugin)
                                                  build/obj/chqueues.o (symbol from plugin)
chThdDequeueNextI                                 build/obj/chthreads.o (symbol from plugin)
                                                  build/obj/chqueues.o (symbol from plugin)
chThdEnqueueTimeoutS                              build/obj/chthreads.o (symbol from plugin)
                                                  build/obj/chqueues.o (symbol from plugin)
chThdExit                                         /var/folders/qd/4mxf5pkd0zdf0b9dd1hp39180000gn/T//ccJjcCoa.ltrans0.ltrans.o
                                                  build/obj/chthreads.o (symbol from plugin)
                                                  build/obj/chcoreasm_v7m.o
chThdExitS                                        build/obj/chthreads.o (symbol from plugin)
chThdRelease                                      build/obj/chdynamic.o (symbol from plugin)
                                                  build/obj/chregistry.o (symbol from plugin)
                                                  build/obj/chthreads.o (symbol from plugin)
chThdResume                                       build/obj/chthreads.o (symbol from plugin)
chThdResumeI                                      build/obj/chthreads.o (symbol from plugin)
                                                  build/obj/dac_lld.o (symbol from plugin)
                                                  build/obj/dac.o (symbol from plugin)
chThdResumeS                                      build/obj/chthreads.o (symbol from plugin)
                                                  build/obj/dac.o (symbol from plugin)
chThdSetPriority                                  build/obj/chthreads.o (symbol from plugin)
chThdSleep                                        build/obj/chthreads.o (symbol from plugin)
                                                  build/obj/main.o (symbol from plugin)
chThdSleepUntil                                   build/obj/chthreads.o (symbol from plugin)
chThdSleepUntilWindowed                           build/obj/chthreads.o (symbol from plugin)
chThdStart                                        build/obj/chthreads.o (symbol from plugin)
chThdSuspendS                                     build/obj/chthreads.o (symbol from plugin)
                                                  build/obj/dac.o (symbol from plugin)
chThdSuspendTimeoutS                              build/obj/chthreads.o (symbol from plugin)
chThdTerminate                                    build/obj/chthreads.o (symbol from plugin)
chThdWait                                         build/obj/chthreads.o (symbol from plugin)
chThdYield                                        build/obj/chthreads.o (symbol from plugin)
chVTDoResetI                                      build/obj/chvt.o (symbol from plugin)
                                                  build/obj/chschd.o (symbol from plugin)
chVTDoSetI                                        build/obj/chvt.o (symbol from plugin)
                                                  build/obj/chschd.o (symbol from plugin)
ch_debug                                          build/obj/chregistry.o (symbol from plugin)
                                                  build/obj/chsys.o (symbol from plugin)
dacAcquireBus                                     build/obj/dac.o (symbol from plugin)
dacConvert                                        build/obj/dac.o (symbol from plugin)
dacInit                                           build/obj/dac.o (symbol from plugin)
                                                  build/obj/hal.o (symbol from plugin)
dacObjectInit                                     build/obj/dac.o (symbol from plugin)
                                                  build/obj/dac_lld.o (symbol from plugin)
dacPutChannelX                                    build/obj/dac.o (symbol from plugin)
dacReleaseBus                                     build/obj/dac.o (symbol from plugin)
dacStart                                          build/obj/dac.o (symbol from plugin)
                                                  build/obj/main.o (symbol from plugin)
dacStartConversion                                build/obj/dac.o (symbol from plugin)
                                                  build/obj/main.o (symbol from plugin)
dacStartConversionI                               build/obj/dac.o (symbol from plugin)
dacStop                                           build/obj/dac.o (symbol from plugin)
dacStopConversion                                 build/obj/dac.o (symbol from plugin)
                                                  build/obj/main.o (symbol from plugin)
dacStopConversionI                                build/obj/dac.o (symbol from plugin)
dac_lld_init                                      build/obj/dac_lld.o (symbol from plugin)
                                                  build/obj/dac.o (symbol from plugin)
dac_lld_put_channel                               build/obj/dac_lld.o (symbol from plugin)
                                                  build/obj/dac.o (symbol from plugin)
dac_lld_start                                     build/obj/dac_lld.o (symbol from plugin)
                                                  build/obj/dac.o (symbol from plugin)
dac_lld_start_conversion                          build/obj/dac_lld.o (symbol from plugin)
                                                  build/obj/dac.o (symbol from plugin)
dac_lld_stop                                      build/obj/dac_lld.o (symbol from plugin)
                                                  build/obj/dac.o (symbol from plugin)
dac_lld_stop_conversion                           build/obj/dac_lld.o (symbol from plugin)
                                                  build/obj/dac.o (symbol from plugin)
dmaInit                                           build/obj/stm32_dma.o (symbol from plugin)
                                                  build/obj/hal_lld.o (symbol from plugin)
dmaStreamAllocate                                 build/obj/stm32_dma.o (symbol from plugin)
                                                  build/obj/dac_lld.o (symbol from plugin)
dmaStreamRelease                                  build/obj/stm32_dma.o (symbol from plugin)
                                                  build/obj/dac_lld.o (symbol from plugin)
gptChangeInterval                                 build/obj/gpt.o (symbol from plugin)
gptInit                                           build/obj/gpt.o (symbol from plugin)
                                                  build/obj/hal.o (symbol from plugin)
gptObjectInit                                     build/obj/gpt.o (symbol from plugin)
                                                  build/obj/gpt_lld.o (symbol from plugin)
gptPolledDelay                                    build/obj/gpt.o (symbol from plugin)
gptStart                                          build/obj/gpt.o (symbol from plugin)
                                                  build/obj/main.o (symbol from plugin)
gptStartContinuous                                build/obj/gpt.o (symbol from plugin)
                                                  build/obj/main.o (symbol from plugin)
gptStartContinuousI                               build/obj/gpt.o (symbol from plugin)
gptStartOneShot                                   build/obj/gpt.o (symbol from plugin)
gptStartOneShotI                                  build/obj/gpt.o (symbol from plugin)
gptStop                                           build/obj/gpt.o (symbol from plugin)
gptStopTimer                                      build/obj/gpt.o (symbol from plugin)
                                                  build/obj/main.o (symbol from plugin)
gptStopTimerI                                     build/obj/gpt.o (symbol from plugin)
gpt_lld_init                                      build/obj/gpt_lld.o (symbol from plugin)
                                                  build/obj/gpt.o (symbol from plugin)
gpt_lld_polled_delay                              build/obj/gpt_lld.o (symbol from plugin)
                                                  build/obj/gpt.o (symbol from plugin)
gpt_lld_start                                     build/obj/gpt_lld.o (symbol from plugin)
                                                  build/obj/gpt.o (symbol from plugin)
gpt_lld_start_timer                               build/obj/gpt_lld.o (symbol from plugin)
                                                  build/obj/gpt.o (symbol from plugin)
gpt_lld_stop                                      build/obj/gpt_lld.o (symbol from plugin)
                                                  build/obj/gpt.o (symbol from plugin)
gpt_lld_stop_timer                                build/obj/gpt_lld.o (symbol from plugin)
                                                  build/obj/gpt.o (symbol from plugin)
halInit                                           build/obj/hal.o (symbol from plugin)
                                                  build/obj/main.o (symbol from plugin)
hal_lld_init                                      build/obj/hal_lld.o (symbol from plugin)
                                                  build/obj/hal.o (symbol from plugin)
main                                              /var/folders/qd/4mxf5pkd0zdf0b9dd1hp39180000gn/T//ccJjcCoa.ltrans0.ltrans.o
                                                  build/obj/main.o (symbol from plugin)
                                                  build/obj/crt0_v7m.o
nvicClearPending                                  build/obj/nvic.o (symbol from plugin)
nvicDisableVector                                 build/obj/nvic.o (symbol from plugin)
                                                  build/obj/gpt_lld.o (symbol from plugin)
                                                  build/obj/stm32_dma.o (symbol from plugin)
nvicEnableVector                                  build/obj/nvic.o (symbol from plugin)
                                                  build/obj/gpt_lld.o (symbol from plugin)
                                                  build/obj/st_lld.o (symbol from plugin)
                                                  build/obj/stm32_dma.o (symbol from plugin)
nvicSetSystemHandlerPriority                      build/obj/nvic.o (symbol from plugin)
nx                                                build/obj/main.o (symbol from plugin)
ny                                                build/obj/main.o (symbol from plugin)
nz                                                build/obj/main.o (symbol from plugin)
palReadBus                                        build/obj/pal.o (symbol from plugin)
palSetBusMode                                     build/obj/pal.o (symbol from plugin)
palWriteBus                                       build/obj/pal.o (symbol from plugin)
pal_default_config                                build/obj/board.o (symbol from plugin)
                                                  build/obj/hal.o (symbol from plugin)
stGetAlarm                                        build/obj/st.o (symbol from plugin)
stInit                                            build/obj/st.o (symbol from plugin)
                                                  build/obj/hal.o (symbol from plugin)
stSetAlarm                                        build/obj/st.o (symbol from plugin)
                                                  build/obj/chvt.o (symbol from plugin)
                                                  build/obj/chsys.o (symbol from plugin)
stStartAlarm                                      build/obj/st.o (symbol from plugin)
                                                  build/obj/chvt.o (symbol from plugin)
stStopAlarm                                       build/obj/st.o (symbol from plugin)
                                                  build/obj/chvt.o (symbol from plugin)
                                                  build/obj/chsys.o (symbol from plugin)
st_lld_init                                       build/obj/st_lld.o (symbol from plugin)
                                                  build/obj/st.o (symbol from plugin)
stm32_clock_init                                  build/obj/hal_lld.o (symbol from plugin)
                                                  build/obj/board.o (symbol from plugin)
