Archive member included to satisfy reference by file (symbol)

/Applications/Eclipse_e-puck2.app/Contents/Eclipse_e-puck2/Tools/gcc-arm-none-eabi-7-2017-q4-major/bin/../lib/gcc/arm-none-eabi/7.2.1/thumb/v6-m/libgcc.a(_udivsi3.o)
                              /var/folders/qd/4mxf5pkd0zdf0b9dd1hp39180000gn/T//ccbvkP0m.ltrans0.ltrans.o (__aeabi_uidiv)
/Applications/Eclipse_e-puck2.app/Contents/Eclipse_e-puck2/Tools/gcc-arm-none-eabi-7-2017-q4-major/bin/../lib/gcc/arm-none-eabi/7.2.1/thumb/v6-m/libgcc.a(_dvmd_tls.o)
                              /Applications/Eclipse_e-puck2.app/Contents/Eclipse_e-puck2/Tools/gcc-arm-none-eabi-7-2017-q4-major/bin/../lib/gcc/arm-none-eabi/7.2.1/thumb/v6-m/libgcc.a(_udivsi3.o) (__aeabi_idiv0)

Discarded input sections

 .data          0x0000000000000000        0x0 build/obj/crt0_v6m.o
 .bss           0x0000000000000000        0x0 build/obj/crt0_v6m.o
 .data          0x0000000000000000        0x0 build/obj/chcoreasm_v6m.o
 .bss           0x0000000000000000        0x0 build/obj/chcoreasm_v6m.o
 .text          0x0000000000000000        0x0 /var/folders/qd/4mxf5pkd0zdf0b9dd1hp39180000gn/T//ccbvkP0m.ltrans0.ltrans.o
 .data          0x0000000000000000        0x0 /var/folders/qd/4mxf5pkd0zdf0b9dd1hp39180000gn/T//ccbvkP0m.ltrans0.ltrans.o
 .bss           0x0000000000000000        0x0 /var/folders/qd/4mxf5pkd0zdf0b9dd1hp39180000gn/T//ccbvkP0m.ltrans0.ltrans.o
 .data          0x0000000000000000        0x0 /Applications/Eclipse_e-puck2.app/Contents/Eclipse_e-puck2/Tools/gcc-arm-none-eabi-7-2017-q4-major/bin/../lib/gcc/arm-none-eabi/7.2.1/thumb/v6-m/libgcc.a(_udivsi3.o)
 .bss           0x0000000000000000        0x0 /Applications/Eclipse_e-puck2.app/Contents/Eclipse_e-puck2/Tools/gcc-arm-none-eabi-7-2017-q4-major/bin/../lib/gcc/arm-none-eabi/7.2.1/thumb/v6-m/libgcc.a(_udivsi3.o)
 .data          0x0000000000000000        0x0 /Applications/Eclipse_e-puck2.app/Contents/Eclipse_e-puck2/Tools/gcc-arm-none-eabi-7-2017-q4-major/bin/../lib/gcc/arm-none-eabi/7.2.1/thumb/v6-m/libgcc.a(_dvmd_tls.o)
 .bss           0x0000000000000000        0x0 /Applications/Eclipse_e-puck2.app/Contents/Eclipse_e-puck2/Tools/gcc-arm-none-eabi-7-2017-q4-major/bin/../lib/gcc/arm-none-eabi/7.2.1/thumb/v6-m/libgcc.a(_dvmd_tls.o)

Memory Configuration

Name             Origin             Length             Attributes
flash            0x0000000008000000 0x0000000000010000
ram0             0x0000000020000000 0x0000000000002000
ram1             0x0000000000000000 0x0000000000000000
ram2             0x0000000000000000 0x0000000000000000
ram3             0x0000000000000000 0x0000000000000000
ram4             0x0000000000000000 0x0000000000000000
ram5             0x0000000000000000 0x0000000000000000
ram6             0x0000000000000000 0x0000000000000000
ram7             0x0000000000000000 0x0000000000000000
*default*        0x0000000000000000 0xffffffffffffffff

Linker script and memory map

LOAD build/obj/crt0_v6m.o
LOAD build/obj/chcoreasm_v6m.o
LOAD /var/folders/qd/4mxf5pkd0zdf0b9dd1hp39180000gn/T//ccbvkP0m.ltrans0.ltrans.o
                0x0000000020000000                __ram0_start__ = ORIGIN (ram0)
                0x0000000000002000                __ram0_size__ = LENGTH (ram0)
                0x0000000020002000                __ram0_end__ = (__ram0_start__ + __ram0_size__)
                0x0000000000000000                __ram1_start__ = ORIGIN (ram1)
                0x0000000000000000                __ram1_size__ = LENGTH (ram1)
                0x0000000000000000                __ram1_end__ = (__ram1_start__ + __ram1_size__)
                0x0000000000000000                __ram2_start__ = ORIGIN (ram2)
                0x0000000000000000                __ram2_size__ = LENGTH (ram2)
                0x0000000000000000                __ram2_end__ = (__ram2_start__ + __ram2_size__)
                0x0000000000000000                __ram3_start__ = ORIGIN (ram3)
                0x0000000000000000                __ram3_size__ = LENGTH (ram3)
                0x0000000000000000                __ram3_end__ = (__ram3_start__ + __ram3_size__)
                0x0000000000000000                __ram4_start__ = ORIGIN (ram4)
                0x0000000000000000                __ram4_size__ = LENGTH (ram4)
                0x0000000000000000                __ram4_end__ = (__ram4_start__ + __ram4_size__)
                0x0000000000000000                __ram5_start__ = ORIGIN (ram5)
                0x0000000000000000                __ram5_size__ = LENGTH (ram5)
                0x0000000000000000                __ram5_end__ = (__ram5_start__ + __ram5_size__)
                0x0000000000000000                __ram6_start__ = ORIGIN (ram6)
                0x0000000000000000                __ram6_size__ = LENGTH (ram6)
                0x0000000000000000                __ram6_end__ = (__ram6_start__ + __ram6_size__)
                0x0000000000000000                __ram7_start__ = ORIGIN (ram7)
                0x0000000000000000                __ram7_size__ = LENGTH (ram7)
                0x0000000000000000                __ram7_end__ = (__ram7_start__ + __ram7_size__)
                0x0000000000000000                . = 0x0
                0x0000000000000000                _text = .

startup         0x0000000008000000       0xc0
 *(.vectors)
 .vectors       0x0000000008000000       0xc0 /var/folders/qd/4mxf5pkd0zdf0b9dd1hp39180000gn/T//ccbvkP0m.ltrans0.ltrans.o
                0x0000000008000000                _vectors

constructors    0x00000000080000c0        0x0
                0x00000000080000c0                PROVIDE (__init_array_start, .)
 *(SORT_BY_NAME(.init_array.*))
 *(.init_array)
                0x00000000080000c0                PROVIDE (__init_array_end, .)

destructors     0x00000000080000c0        0x0
                0x00000000080000c0                PROVIDE (__fini_array_start, .)
 *(.fini_array)
 *(SORT_BY_NAME(.fini_array.*))
                0x00000000080000c0                PROVIDE (__fini_array_end, .)

.text           0x00000000080000c0     0x6244
 *(.text)
 .text          0x00000000080000c0       0xc0 build/obj/crt0_v6m.o
                0x00000000080000c0                Reset_Handler
 .text          0x0000000008000180       0x40 build/obj/chcoreasm_v6m.o
                0x0000000008000180                _port_switch
                0x00000000080001a0                _port_thread_start
                0x00000000080001ac                _port_switch_from_isr
                0x00000000080001b0                _port_exit_from_isr
 .text          0x00000000080001c0      0x114 /Applications/Eclipse_e-puck2.app/Contents/Eclipse_e-puck2/Tools/gcc-arm-none-eabi-7-2017-q4-major/bin/../lib/gcc/arm-none-eabi/7.2.1/thumb/v6-m/libgcc.a(_udivsi3.o)
                0x00000000080001c0                __udivsi3
                0x00000000080001c0                __aeabi_uidiv
                0x00000000080002cc                __aeabi_uidivmod
 *fill*         0x00000000080002d4        0xc 
 .text          0x00000000080002e0        0x4 /Applications/Eclipse_e-puck2.app/Contents/Eclipse_e-puck2/Tools/gcc-arm-none-eabi-7-2017-q4-major/bin/../lib/gcc/arm-none-eabi/7.2.1/thumb/v6-m/libgcc.a(_dvmd_tls.o)
                0x00000000080002e0                __aeabi_ldiv0
                0x00000000080002e0                __aeabi_idiv0
 *(.text.*)
 *fill*         0x00000000080002e4        0xc 
 .text.chEvtGetAndClearEvents.constprop.35
                0x00000000080002f0       0x14 /var/folders/qd/4mxf5pkd0zdf0b9dd1hp39180000gn/T//ccbvkP0m.ltrans0.ltrans.o
 *fill*         0x0000000008000304        0xc 
 .text.tmr      0x0000000008000310        0xc /var/folders/qd/4mxf5pkd0zdf0b9dd1hp39180000gn/T//ccbvkP0m.ltrans0.ltrans.o
 *fill*         0x000000000800031c        0x4 
 .text._idle_thread
                0x0000000008000320        0x4 /var/folders/qd/4mxf5pkd0zdf0b9dd1hp39180000gn/T//ccbvkP0m.ltrans0.ltrans.o
 *fill*         0x0000000008000324        0xc 
 .text.chCoreAlloc
                0x0000000008000330       0x2c /var/folders/qd/4mxf5pkd0zdf0b9dd1hp39180000gn/T//ccbvkP0m.ltrans0.ltrans.o
 *fill*         0x000000000800035c        0x4 
 .text.notify2  0x0000000008000360       0x10 /var/folders/qd/4mxf5pkd0zdf0b9dd1hp39180000gn/T//ccbvkP0m.ltrans0.ltrans.o
 .text.bmk12_setup
                0x0000000008000370       0x10 /var/folders/qd/4mxf5pkd0zdf0b9dd1hp39180000gn/T//ccbvkP0m.ltrans0.ltrans.o
 .text.bmk11_setup
                0x0000000008000380       0x10 /var/folders/qd/4mxf5pkd0zdf0b9dd1hp39180000gn/T//ccbvkP0m.ltrans0.ltrans.o
 .text.notify   0x0000000008000390        0x4 /var/folders/qd/4mxf5pkd0zdf0b9dd1hp39180000gn/T//ccbvkP0m.ltrans0.ltrans.o
 *fill*         0x0000000008000394        0xc 
 .text.tmo      0x00000000080003a0        0x4 /var/folders/qd/4mxf5pkd0zdf0b9dd1hp39180000gn/T//ccbvkP0m.ltrans0.ltrans.o
 *fill*         0x00000000080003a4        0xc 
 .text.bmk7_setup
                0x00000000080003b0       0x10 /var/folders/qd/4mxf5pkd0zdf0b9dd1hp39180000gn/T//ccbvkP0m.ltrans0.ltrans.o
 .text.sys2_execute
                0x00000000080003c0        0xc /var/folders/qd/4mxf5pkd0zdf0b9dd1hp39180000gn/T//ccbvkP0m.ltrans0.ltrans.o
 *fill*         0x00000000080003cc        0x4 
 .text.queues2_setup
                0x00000000080003d0       0x2c /var/folders/qd/4mxf5pkd0zdf0b9dd1hp39180000gn/T//ccbvkP0m.ltrans0.ltrans.o
 *fill*         0x00000000080003fc        0x4 
 .text.queues1_setup
                0x0000000008000400       0x2c /var/folders/qd/4mxf5pkd0zdf0b9dd1hp39180000gn/T//ccbvkP0m.ltrans0.ltrans.o
 *fill*         0x000000000800042c        0x4 
 .text.dyn2_setup
                0x0000000008000430       0x14 /var/folders/qd/4mxf5pkd0zdf0b9dd1hp39180000gn/T//ccbvkP0m.ltrans0.ltrans.o
 *fill*         0x0000000008000444        0xc 
 .text.dyn1_setup
                0x0000000008000450       0x28 /var/folders/qd/4mxf5pkd0zdf0b9dd1hp39180000gn/T//ccbvkP0m.ltrans0.ltrans.o
 *fill*         0x0000000008000478        0x8 
 .text.dyn3_setup
                0x0000000008000480        0x8 /var/folders/qd/4mxf5pkd0zdf0b9dd1hp39180000gn/T//ccbvkP0m.ltrans0.ltrans.o
 *fill*         0x0000000008000488        0x8 
 .text.null_provider
                0x0000000008000490        0x4 /var/folders/qd/4mxf5pkd0zdf0b9dd1hp39180000gn/T//ccbvkP0m.ltrans0.ltrans.o
 *fill*         0x0000000008000494        0xc 
 .text.pools1_setup
                0x00000000080004a0       0x14 /var/folders/qd/4mxf5pkd0zdf0b9dd1hp39180000gn/T//ccbvkP0m.ltrans0.ltrans.o
 *fill*         0x00000000080004b4        0xc 
 .text.heap1_setup
                0x00000000080004c0       0x28 /var/folders/qd/4mxf5pkd0zdf0b9dd1hp39180000gn/T//ccbvkP0m.ltrans0.ltrans.o
 *fill*         0x00000000080004e8        0x8 
 .text.evt1_setup
                0x00000000080004f0        0x8 /var/folders/qd/4mxf5pkd0zdf0b9dd1hp39180000gn/T//ccbvkP0m.ltrans0.ltrans.o
 *fill*         0x00000000080004f8        0x8 
 .text.evt3_setup
                0x0000000008000500        0x8 /var/folders/qd/4mxf5pkd0zdf0b9dd1hp39180000gn/T//ccbvkP0m.ltrans0.ltrans.o
 *fill*         0x0000000008000508        0x8 
 .text.evt2_setup
                0x0000000008000510        0x8 /var/folders/qd/4mxf5pkd0zdf0b9dd1hp39180000gn/T//ccbvkP0m.ltrans0.ltrans.o
 *fill*         0x0000000008000518        0x8 
 .text.mbox1_setup
                0x0000000008000520       0x30 /var/folders/qd/4mxf5pkd0zdf0b9dd1hp39180000gn/T//ccbvkP0m.ltrans0.ltrans.o
 .text.mtx8_setup
                0x0000000008000550       0x28 /var/folders/qd/4mxf5pkd0zdf0b9dd1hp39180000gn/T//ccbvkP0m.ltrans0.ltrans.o
 *fill*         0x0000000008000578        0x8 
 .text.mtx6_setup
                0x0000000008000580       0x1c /var/folders/qd/4mxf5pkd0zdf0b9dd1hp39180000gn/T//ccbvkP0m.ltrans0.ltrans.o
 *fill*         0x000000000800059c        0x4 
 .text.mtx7_setup
                0x00000000080005a0        0x8 /var/folders/qd/4mxf5pkd0zdf0b9dd1hp39180000gn/T//ccbvkP0m.ltrans0.ltrans.o
 *fill*         0x00000000080005a8        0x8 
 .text.mtx4_setup
                0x00000000080005b0       0x1c /var/folders/qd/4mxf5pkd0zdf0b9dd1hp39180000gn/T//ccbvkP0m.ltrans0.ltrans.o
 *fill*         0x00000000080005cc        0x4 
 .text.mtx1_setup
                0x00000000080005d0       0x10 /var/folders/qd/4mxf5pkd0zdf0b9dd1hp39180000gn/T//ccbvkP0m.ltrans0.ltrans.o
 .text.mtx5_setup
                0x00000000080005e0        0x8 /var/folders/qd/4mxf5pkd0zdf0b9dd1hp39180000gn/T//ccbvkP0m.ltrans0.ltrans.o
 *fill*         0x00000000080005e8        0x8 
 .text.sem1_setup
                0x00000000080005f0       0x10 /var/folders/qd/4mxf5pkd0zdf0b9dd1hp39180000gn/T//ccbvkP0m.ltrans0.ltrans.o
 .text.sem3_setup
                0x0000000008000600        0x8 /var/folders/qd/4mxf5pkd0zdf0b9dd1hp39180000gn/T//ccbvkP0m.ltrans0.ltrans.o
 *fill*         0x0000000008000608        0x8 
 .text.sem2_setup
                0x0000000008000610        0x8 /var/folders/qd/4mxf5pkd0zdf0b9dd1hp39180000gn/T//ccbvkP0m.ltrans0.ltrans.o
 *fill*         0x0000000008000618        0x8 
 .text.test_printn.part.1
                0x0000000008000620       0x5c /var/folders/qd/4mxf5pkd0zdf0b9dd1hp39180000gn/T//ccbvkP0m.ltrans0.ltrans.o
 *fill*         0x000000000800067c        0x4 
 .text.test_printn
                0x0000000008000680       0x20 /var/folders/qd/4mxf5pkd0zdf0b9dd1hp39180000gn/T//ccbvkP0m.ltrans0.ltrans.o
 .text.print_line
                0x00000000080006a0       0x2c /var/folders/qd/4mxf5pkd0zdf0b9dd1hp39180000gn/T//ccbvkP0m.ltrans0.ltrans.o
 *fill*         0x00000000080006cc        0x4 
 .text.test_terminate_threads
                0x00000000080006d0       0x28 /var/folders/qd/4mxf5pkd0zdf0b9dd1hp39180000gn/T//ccbvkP0m.ltrans0.ltrans.o
 *fill*         0x00000000080006f8        0x8 
 .text._test_assert_time_window
                0x0000000008000700       0x3c /var/folders/qd/4mxf5pkd0zdf0b9dd1hp39180000gn/T//ccbvkP0m.ltrans0.ltrans.o
 *fill*         0x000000000800073c        0x4 
 .text._test_assert_sequence
                0x0000000008000740       0x50 /var/folders/qd/4mxf5pkd0zdf0b9dd1hp39180000gn/T//ccbvkP0m.ltrans0.ltrans.o
 .text._test_assert
                0x0000000008000790       0x28 /var/folders/qd/4mxf5pkd0zdf0b9dd1hp39180000gn/T//ccbvkP0m.ltrans0.ltrans.o
 *fill*         0x00000000080007b8        0x8 
 .text.test_emit_token
                0x00000000080007c0       0x14 /var/folders/qd/4mxf5pkd0zdf0b9dd1hp39180000gn/T//ccbvkP0m.ltrans0.ltrans.o
 *fill*         0x00000000080007d4        0xc 
 .text.h3       0x00000000080007e0        0xc /var/folders/qd/4mxf5pkd0zdf0b9dd1hp39180000gn/T//ccbvkP0m.ltrans0.ltrans.o
 *fill*         0x00000000080007ec        0x4 
 .text.h2       0x00000000080007f0        0xc /var/folders/qd/4mxf5pkd0zdf0b9dd1hp39180000gn/T//ccbvkP0m.ltrans0.ltrans.o
 *fill*         0x00000000080007fc        0x4 
 .text.h1       0x0000000008000800        0xc /var/folders/qd/4mxf5pkd0zdf0b9dd1hp39180000gn/T//ccbvkP0m.ltrans0.ltrans.o
 *fill*         0x000000000800080c        0x4 
 .text.thread.lto_priv.57
                0x0000000008000810        0xc /var/folders/qd/4mxf5pkd0zdf0b9dd1hp39180000gn/T//ccbvkP0m.ltrans0.ltrans.o
 *fill*         0x000000000800081c        0x4 
 .text.thread   0x0000000008000820        0x8 /var/folders/qd/4mxf5pkd0zdf0b9dd1hp39180000gn/T//ccbvkP0m.ltrans0.ltrans.o
 *fill*         0x0000000008000828        0x8 
 .text.test_println
                0x0000000008000830       0x34 /var/folders/qd/4mxf5pkd0zdf0b9dd1hp39180000gn/T//ccbvkP0m.ltrans0.ltrans.o
 *fill*         0x0000000008000864        0xc 
 .text.test_print
                0x0000000008000870       0x24 /var/folders/qd/4mxf5pkd0zdf0b9dd1hp39180000gn/T//ccbvkP0m.ltrans0.ltrans.o
 *fill*         0x0000000008000894        0xc 
 .text._port_irq_epilogue.part.0
                0x00000000080008a0       0x40 /var/folders/qd/4mxf5pkd0zdf0b9dd1hp39180000gn/T//ccbvkP0m.ltrans0.ltrans.o
 .text.NMI_Handler
                0x00000000080008e0       0x14 /var/folders/qd/4mxf5pkd0zdf0b9dd1hp39180000gn/T//ccbvkP0m.ltrans0.ltrans.o
 *fill*         0x00000000080008f4        0xc 
 .text.chPoolAlloc
                0x0000000008000900       0x20 /var/folders/qd/4mxf5pkd0zdf0b9dd1hp39180000gn/T//ccbvkP0m.ltrans0.ltrans.o
 .text.pools1_execute
                0x0000000008000920       0xd0 /var/folders/qd/4mxf5pkd0zdf0b9dd1hp39180000gn/T//ccbvkP0m.ltrans0.ltrans.o
 .text.chEvtUnregister
                0x00000000080009f0       0x1c /var/folders/qd/4mxf5pkd0zdf0b9dd1hp39180000gn/T//ccbvkP0m.ltrans0.ltrans.o
 *fill*         0x0000000008000a0c        0x4 
 .text.evt1_execute
                0x0000000008000a10       0xd4 /var/folders/qd/4mxf5pkd0zdf0b9dd1hp39180000gn/T//ccbvkP0m.ltrans0.ltrans.o
 *fill*         0x0000000008000ae4        0xc 
 .text.wakeup   0x0000000008000af0       0x58 /var/folders/qd/4mxf5pkd0zdf0b9dd1hp39180000gn/T//ccbvkP0m.ltrans0.ltrans.o
 *fill*         0x0000000008000b48        0x8 
 .text.chSchReadyI
                0x0000000008000b50       0x20 /var/folders/qd/4mxf5pkd0zdf0b9dd1hp39180000gn/T//ccbvkP0m.ltrans0.ltrans.o
 .text.chCondSignalI.constprop.42
                0x0000000008000b70       0x20 /var/folders/qd/4mxf5pkd0zdf0b9dd1hp39180000gn/T//ccbvkP0m.ltrans0.ltrans.o
 .text.chIQPutI
                0x0000000008000b90       0x48 /var/folders/qd/4mxf5pkd0zdf0b9dd1hp39180000gn/T//ccbvkP0m.ltrans0.ltrans.o
 *fill*         0x0000000008000bd8        0x8 
 .text.chOQGetI
                0x0000000008000be0       0x48 /var/folders/qd/4mxf5pkd0zdf0b9dd1hp39180000gn/T//ccbvkP0m.ltrans0.ltrans.o
 *fill*         0x0000000008000c28        0x8 
 .text.chEvtSignalI
                0x0000000008000c30       0x38 /var/folders/qd/4mxf5pkd0zdf0b9dd1hp39180000gn/T//ccbvkP0m.ltrans0.ltrans.o
 *fill*         0x0000000008000c68        0x8 
 .text.chEvtBroadcastFlagsI
                0x0000000008000c70       0x2c /var/folders/qd/4mxf5pkd0zdf0b9dd1hp39180000gn/T//ccbvkP0m.ltrans0.ltrans.o
 *fill*         0x0000000008000c9c        0x4 
 .text.chMtxUnlockS
                0x0000000008000ca0       0x4c /var/folders/qd/4mxf5pkd0zdf0b9dd1hp39180000gn/T//ccbvkP0m.ltrans0.ltrans.o
 *fill*         0x0000000008000cec        0x4 
 .text.chSemSignalI
                0x0000000008000cf0       0x24 /var/folders/qd/4mxf5pkd0zdf0b9dd1hp39180000gn/T//ccbvkP0m.ltrans0.ltrans.o
 *fill*         0x0000000008000d14        0xc 
 .text.chMBPostI.constprop.18
                0x0000000008000d20       0x38 /var/folders/qd/4mxf5pkd0zdf0b9dd1hp39180000gn/T//ccbvkP0m.ltrans0.ltrans.o
 *fill*         0x0000000008000d58        0x8 
 .text.chMBPostAheadI.constprop.16
                0x0000000008000d60       0x3c /var/folders/qd/4mxf5pkd0zdf0b9dd1hp39180000gn/T//ccbvkP0m.ltrans0.ltrans.o
 *fill*         0x0000000008000d9c        0x4 
 .text.unlikely.chMBFetchI.constprop.14
                0x0000000008000da0       0x38 /var/folders/qd/4mxf5pkd0zdf0b9dd1hp39180000gn/T//ccbvkP0m.ltrans0.ltrans.o
 *fill*         0x0000000008000dd8        0x8 
 .text.chSemResetI
                0x0000000008000de0       0x28 /var/folders/qd/4mxf5pkd0zdf0b9dd1hp39180000gn/T//ccbvkP0m.ltrans0.ltrans.o
 *fill*         0x0000000008000e08        0x8 
 .text.chVTDoResetI
                0x0000000008000e10       0x78 /var/folders/qd/4mxf5pkd0zdf0b9dd1hp39180000gn/T//ccbvkP0m.ltrans0.ltrans.o
 *fill*         0x0000000008000e88        0x8 
 .text.chVTDoSetI
                0x0000000008000e90       0x80 /var/folders/qd/4mxf5pkd0zdf0b9dd1hp39180000gn/T//ccbvkP0m.ltrans0.ltrans.o
 .text.test_start_timer.constprop.1
                0x0000000008000f10       0x38 /var/folders/qd/4mxf5pkd0zdf0b9dd1hp39180000gn/T//ccbvkP0m.ltrans0.ltrans.o
 *fill*         0x0000000008000f48        0x8 
 .text.chSysGetStatusAndLockX
                0x0000000008000f50       0x10 /var/folders/qd/4mxf5pkd0zdf0b9dd1hp39180000gn/T//ccbvkP0m.ltrans0.ltrans.o
 .text.chSysIntegrityCheckI
                0x0000000008000f60       0xa8 /var/folders/qd/4mxf5pkd0zdf0b9dd1hp39180000gn/T//ccbvkP0m.ltrans0.ltrans.o
 *fill*         0x0000000008001008        0x8 
 .text.sys3_execute
                0x0000000008001010       0x64 /var/folders/qd/4mxf5pkd0zdf0b9dd1hp39180000gn/T//ccbvkP0m.ltrans0.ltrans.o
 *fill*         0x0000000008001074        0xc 
 .text._unhandled_exception
                0x0000000008001080       0x14 /var/folders/qd/4mxf5pkd0zdf0b9dd1hp39180000gn/T//ccbvkP0m.ltrans0.ltrans.o
 *fill*         0x0000000008001094        0xc 
 .text.bmk13_execute
                0x00000000080010a0       0xe8 /var/folders/qd/4mxf5pkd0zdf0b9dd1hp39180000gn/T//ccbvkP0m.ltrans0.ltrans.o
 *fill*         0x0000000008001188        0x8 
 .text.VectorB0
                0x0000000008001190      0x108 /var/folders/qd/4mxf5pkd0zdf0b9dd1hp39180000gn/T//ccbvkP0m.ltrans0.ltrans.o
 *fill*         0x0000000008001298        0x8 
 .text.Vector80
                0x00000000080012a0       0xa8 /var/folders/qd/4mxf5pkd0zdf0b9dd1hp39180000gn/T//ccbvkP0m.ltrans0.ltrans.o
 *fill*         0x0000000008001348        0x8 
 .text.chThdYield
                0x0000000008001350       0x44 /var/folders/qd/4mxf5pkd0zdf0b9dd1hp39180000gn/T//ccbvkP0m.ltrans0.ltrans.o
 *fill*         0x0000000008001394        0xc 
 .text.thread8  0x00000000080013a0       0x2c /var/folders/qd/4mxf5pkd0zdf0b9dd1hp39180000gn/T//ccbvkP0m.ltrans0.ltrans.o
 *fill*         0x00000000080013cc        0x4 
 .text.chSchDoRescheduleAhead
                0x00000000080013d0       0x38 /var/folders/qd/4mxf5pkd0zdf0b9dd1hp39180000gn/T//ccbvkP0m.ltrans0.ltrans.o
 *fill*         0x0000000008001408        0x8 
 .text.chSchRescheduleS
                0x0000000008001410       0x1c /var/folders/qd/4mxf5pkd0zdf0b9dd1hp39180000gn/T//ccbvkP0m.ltrans0.ltrans.o
 *fill*         0x000000000800142c        0x4 
 .text.thread4.lto_priv.71
                0x0000000008001430       0x18 /var/folders/qd/4mxf5pkd0zdf0b9dd1hp39180000gn/T//ccbvkP0m.ltrans0.ltrans.o
 *fill*         0x0000000008001448        0x8 
 .text.chMtxUnlockAll
                0x0000000008001450       0x4c /var/folders/qd/4mxf5pkd0zdf0b9dd1hp39180000gn/T//ccbvkP0m.ltrans0.ltrans.o
 *fill*         0x000000000800149c        0x4 
 .text.chThdSetPriority
                0x00000000080014a0       0x28 /var/folders/qd/4mxf5pkd0zdf0b9dd1hp39180000gn/T//ccbvkP0m.ltrans0.ltrans.o
 *fill*         0x00000000080014c8        0x8 
 .text.thd3_execute
                0x00000000080014d0      0x12c /var/folders/qd/4mxf5pkd0zdf0b9dd1hp39180000gn/T//ccbvkP0m.ltrans0.ltrans.o
 *fill*         0x00000000080015fc        0x4 
 .text.chSysRestoreStatusX.part.3
                0x0000000008001600       0x14 /var/folders/qd/4mxf5pkd0zdf0b9dd1hp39180000gn/T//ccbvkP0m.ltrans0.ltrans.o
 *fill*         0x0000000008001614        0xc 
 .text.vtcb     0x0000000008001620       0x18 /var/folders/qd/4mxf5pkd0zdf0b9dd1hp39180000gn/T//ccbvkP0m.ltrans0.ltrans.o
 *fill*         0x0000000008001638        0x8 
 .text.chSchWakeupS
                0x0000000008001640       0x50 /var/folders/qd/4mxf5pkd0zdf0b9dd1hp39180000gn/T//ccbvkP0m.ltrans0.ltrans.o
 .text.chThdCreateFromMemoryPool.constprop.51
                0x0000000008001690       0x74 /var/folders/qd/4mxf5pkd0zdf0b9dd1hp39180000gn/T//ccbvkP0m.ltrans0.ltrans.o
 *fill*         0x0000000008001704        0xc 
 .text.chCondSignal.constprop.43
                0x0000000008001710       0x20 /var/folders/qd/4mxf5pkd0zdf0b9dd1hp39180000gn/T//ccbvkP0m.ltrans0.ltrans.o
 .text.chMtxUnlock
                0x0000000008001730       0x54 /var/folders/qd/4mxf5pkd0zdf0b9dd1hp39180000gn/T//ccbvkP0m.ltrans0.ltrans.o
 *fill*         0x0000000008001784        0xc 
 .text.chSemSignal
                0x0000000008001790       0x24 /var/folders/qd/4mxf5pkd0zdf0b9dd1hp39180000gn/T//ccbvkP0m.ltrans0.ltrans.o
 *fill*         0x00000000080017b4        0xc 
 .text.chThdCreateStatic
                0x00000000080017c0       0x58 /var/folders/qd/4mxf5pkd0zdf0b9dd1hp39180000gn/T//ccbvkP0m.ltrans0.ltrans.o
 *fill*         0x0000000008001818        0x8 
 .text.chSchGoSleepS
                0x0000000008001820       0x20 /var/folders/qd/4mxf5pkd0zdf0b9dd1hp39180000gn/T//ccbvkP0m.ltrans0.ltrans.o
 .text.chSemSignalWait.constprop.47
                0x0000000008001840       0x58 /var/folders/qd/4mxf5pkd0zdf0b9dd1hp39180000gn/T//ccbvkP0m.ltrans0.ltrans.o
 *fill*         0x0000000008001898        0x8 
 .text.sem3_execute
                0x00000000080018a0       0x8c /var/folders/qd/4mxf5pkd0zdf0b9dd1hp39180000gn/T//ccbvkP0m.ltrans0.ltrans.o
 *fill*         0x000000000800192c        0x4 
 .text.chEvtWaitOne.constprop.31
                0x0000000008001930       0x2c /var/folders/qd/4mxf5pkd0zdf0b9dd1hp39180000gn/T//ccbvkP0m.ltrans0.ltrans.o
 *fill*         0x000000000800195c        0x4 
 .text.chEvtWaitAny.constprop.30
                0x0000000008001960       0x28 /var/folders/qd/4mxf5pkd0zdf0b9dd1hp39180000gn/T//ccbvkP0m.ltrans0.ltrans.o
 *fill*         0x0000000008001988        0x8 
 .text.thread4.lto_priv.72
                0x0000000008001990       0x1c /var/folders/qd/4mxf5pkd0zdf0b9dd1hp39180000gn/T//ccbvkP0m.ltrans0.ltrans.o
 *fill*         0x00000000080019ac        0x4 
 .text.chSchGoSleepTimeoutS
                0x00000000080019b0       0x48 /var/folders/qd/4mxf5pkd0zdf0b9dd1hp39180000gn/T//ccbvkP0m.ltrans0.ltrans.o
 *fill*         0x00000000080019f8        0x8 
 .text.chSemWaitTimeout.constprop.49
                0x0000000008001a00       0x44 /var/folders/qd/4mxf5pkd0zdf0b9dd1hp39180000gn/T//ccbvkP0m.ltrans0.ltrans.o
 *fill*         0x0000000008001a44        0xc 
 .text.evt3_execute
                0x0000000008001a50      0x124 /var/folders/qd/4mxf5pkd0zdf0b9dd1hp39180000gn/T//ccbvkP0m.ltrans0.ltrans.o
 *fill*         0x0000000008001b74        0xc 
 .text.chSemWaitTimeoutS
                0x0000000008001b80       0x2c /var/folders/qd/4mxf5pkd0zdf0b9dd1hp39180000gn/T//ccbvkP0m.ltrans0.ltrans.o
 *fill*         0x0000000008001bac        0x4 
 .text.chMBPost.constprop.19
                0x0000000008001bb0       0x40 /var/folders/qd/4mxf5pkd0zdf0b9dd1hp39180000gn/T//ccbvkP0m.ltrans0.ltrans.o
 .text.chMBPostAhead.constprop.17
                0x0000000008001bf0       0x40 /var/folders/qd/4mxf5pkd0zdf0b9dd1hp39180000gn/T//ccbvkP0m.ltrans0.ltrans.o
 .text.unlikely.chMBFetch.constprop.15
                0x0000000008001c30       0x40 /var/folders/qd/4mxf5pkd0zdf0b9dd1hp39180000gn/T//ccbvkP0m.ltrans0.ltrans.o
 .text.mbox1_execute
                0x0000000008001c70      0x508 /var/folders/qd/4mxf5pkd0zdf0b9dd1hp39180000gn/T//ccbvkP0m.ltrans0.ltrans.o
 *fill*         0x0000000008002178        0x8 
 .text.chThdEnqueueTimeoutS
                0x0000000008002180       0x28 /var/folders/qd/4mxf5pkd0zdf0b9dd1hp39180000gn/T//ccbvkP0m.ltrans0.ltrans.o
 *fill*         0x00000000080021a8        0x8 
 .text.chOQWriteTimeout
                0x00000000080021b0       0x78 /var/folders/qd/4mxf5pkd0zdf0b9dd1hp39180000gn/T//ccbvkP0m.ltrans0.ltrans.o
 *fill*         0x0000000008002228        0x8 
 .text.writet   0x0000000008002230        0xc /var/folders/qd/4mxf5pkd0zdf0b9dd1hp39180000gn/T//ccbvkP0m.ltrans0.ltrans.o
 *fill*         0x000000000800223c        0x4 
 .text.write    0x0000000008002240       0x10 /var/folders/qd/4mxf5pkd0zdf0b9dd1hp39180000gn/T//ccbvkP0m.ltrans0.ltrans.o
 .text.chOQPutTimeout
                0x0000000008002250       0x4c /var/folders/qd/4mxf5pkd0zdf0b9dd1hp39180000gn/T//ccbvkP0m.ltrans0.ltrans.o
 *fill*         0x000000000800229c        0x4 
 .text.thread2.lto_priv.75
                0x00000000080022a0       0x14 /var/folders/qd/4mxf5pkd0zdf0b9dd1hp39180000gn/T//ccbvkP0m.ltrans0.ltrans.o
 *fill*         0x00000000080022b4        0xc 
 .text.putt     0x00000000080022c0        0xc /var/folders/qd/4mxf5pkd0zdf0b9dd1hp39180000gn/T//ccbvkP0m.ltrans0.ltrans.o
 *fill*         0x00000000080022cc        0x4 
 .text.put      0x00000000080022d0       0x10 /var/folders/qd/4mxf5pkd0zdf0b9dd1hp39180000gn/T//ccbvkP0m.ltrans0.ltrans.o
 .text.chIQReadTimeout
                0x00000000080022e0       0x68 /var/folders/qd/4mxf5pkd0zdf0b9dd1hp39180000gn/T//ccbvkP0m.ltrans0.ltrans.o
 *fill*         0x0000000008002348        0x8 
 .text.readt    0x0000000008002350        0xc /var/folders/qd/4mxf5pkd0zdf0b9dd1hp39180000gn/T//ccbvkP0m.ltrans0.ltrans.o
 *fill*         0x000000000800235c        0x4 
 .text.read     0x0000000008002360       0x10 /var/folders/qd/4mxf5pkd0zdf0b9dd1hp39180000gn/T//ccbvkP0m.ltrans0.ltrans.o
 .text.chIQGetTimeout
                0x0000000008002370       0x40 /var/folders/qd/4mxf5pkd0zdf0b9dd1hp39180000gn/T//ccbvkP0m.ltrans0.ltrans.o
 .text.thread1.lto_priv.69
                0x00000000080023b0       0x10 /var/folders/qd/4mxf5pkd0zdf0b9dd1hp39180000gn/T//ccbvkP0m.ltrans0.ltrans.o
 .text.gett     0x00000000080023c0        0xc /var/folders/qd/4mxf5pkd0zdf0b9dd1hp39180000gn/T//ccbvkP0m.ltrans0.ltrans.o
 *fill*         0x00000000080023cc        0x4 
 .text.get      0x00000000080023d0       0x10 /var/folders/qd/4mxf5pkd0zdf0b9dd1hp39180000gn/T//ccbvkP0m.ltrans0.ltrans.o
 .text.chThdSleep
                0x00000000080023e0       0x10 /var/folders/qd/4mxf5pkd0zdf0b9dd1hp39180000gn/T//ccbvkP0m.ltrans0.ltrans.o
 .text.Thread1  0x00000000080023f0       0x30 /var/folders/qd/4mxf5pkd0zdf0b9dd1hp39180000gn/T//ccbvkP0m.ltrans0.ltrans.o
 .text.sys1_execute
                0x0000000008002420       0x8c /var/folders/qd/4mxf5pkd0zdf0b9dd1hp39180000gn/T//ccbvkP0m.ltrans0.ltrans.o
 *fill*         0x00000000080024ac        0x4 
 .text.thread1.lto_priv.68
                0x00000000080024b0       0x1c /var/folders/qd/4mxf5pkd0zdf0b9dd1hp39180000gn/T//ccbvkP0m.ltrans0.ltrans.o
 *fill*         0x00000000080024cc        0x4 
 .text.thread2.lto_priv.74
                0x00000000080024d0       0x34 /var/folders/qd/4mxf5pkd0zdf0b9dd1hp39180000gn/T//ccbvkP0m.ltrans0.ltrans.o
 *fill*         0x0000000008002504        0xc 
 .text.thread2.lto_priv.73
                0x0000000008002510       0x1c /var/folders/qd/4mxf5pkd0zdf0b9dd1hp39180000gn/T//ccbvkP0m.ltrans0.ltrans.o
 *fill*         0x000000000800252c        0x4 
 .text.test_wait_tick
                0x0000000008002530       0x18 /var/folders/qd/4mxf5pkd0zdf0b9dd1hp39180000gn/T//ccbvkP0m.ltrans0.ltrans.o
 *fill*         0x0000000008002548        0x8 
 .text.bmk10_execute
                0x0000000008002550       0x80 /var/folders/qd/4mxf5pkd0zdf0b9dd1hp39180000gn/T//ccbvkP0m.ltrans0.ltrans.o
 .text.bmk9_execute
                0x00000000080025d0       0xa0 /var/folders/qd/4mxf5pkd0zdf0b9dd1hp39180000gn/T//ccbvkP0m.ltrans0.ltrans.o
 .text.bmk6_execute
                0x0000000008002670       0x74 /var/folders/qd/4mxf5pkd0zdf0b9dd1hp39180000gn/T//ccbvkP0m.ltrans0.ltrans.o
 *fill*         0x00000000080026e4        0xc 
 .text.thd4_execute
                0x00000000080026f0       0xb0 /var/folders/qd/4mxf5pkd0zdf0b9dd1hp39180000gn/T//ccbvkP0m.ltrans0.ltrans.o
 .text.chMsgWait
                0x00000000080027a0       0x34 /var/folders/qd/4mxf5pkd0zdf0b9dd1hp39180000gn/T//ccbvkP0m.ltrans0.ltrans.o
 *fill*         0x00000000080027d4        0xc 
 .text.thread2.lto_priv.76
                0x00000000080027e0       0x18 /var/folders/qd/4mxf5pkd0zdf0b9dd1hp39180000gn/T//ccbvkP0m.ltrans0.ltrans.o
 *fill*         0x00000000080027f8        0x8 
 .text.msg1_execute
                0x0000000008002800       0x80 /var/folders/qd/4mxf5pkd0zdf0b9dd1hp39180000gn/T//ccbvkP0m.ltrans0.ltrans.o
 .text.chMsgSend
                0x0000000008002880       0x38 /var/folders/qd/4mxf5pkd0zdf0b9dd1hp39180000gn/T//ccbvkP0m.ltrans0.ltrans.o
 *fill*         0x00000000080028b8        0x8 
 .text.msg_loop_test
                0x00000000080028c0       0x30 /var/folders/qd/4mxf5pkd0zdf0b9dd1hp39180000gn/T//ccbvkP0m.ltrans0.ltrans.o
 .text.thread.lto_priv.58
                0x00000000080028f0       0x1c /var/folders/qd/4mxf5pkd0zdf0b9dd1hp39180000gn/T//ccbvkP0m.ltrans0.ltrans.o
 *fill*         0x000000000800290c        0x4 
 .text.chMtxLockS
                0x0000000008002910       0xe0 /var/folders/qd/4mxf5pkd0zdf0b9dd1hp39180000gn/T//ccbvkP0m.ltrans0.ltrans.o
 .text.chMtxLock
                0x00000000080029f0        0xc /var/folders/qd/4mxf5pkd0zdf0b9dd1hp39180000gn/T//ccbvkP0m.ltrans0.ltrans.o
 *fill*         0x00000000080029fc        0x4 
 .text.bmk12_execute
                0x0000000008002a00       0x6c /var/folders/qd/4mxf5pkd0zdf0b9dd1hp39180000gn/T//ccbvkP0m.ltrans0.ltrans.o
 *fill*         0x0000000008002a6c        0x4 
 .text.thread11
                0x0000000008002a70       0x8c /var/folders/qd/4mxf5pkd0zdf0b9dd1hp39180000gn/T//ccbvkP0m.ltrans0.ltrans.o
 *fill*         0x0000000008002afc        0x4 
 .text.thread10
                0x0000000008002b00       0x64 /var/folders/qd/4mxf5pkd0zdf0b9dd1hp39180000gn/T//ccbvkP0m.ltrans0.ltrans.o
 *fill*         0x0000000008002b64        0xc 
 .text.thread12
                0x0000000008002b70       0x20 /var/folders/qd/4mxf5pkd0zdf0b9dd1hp39180000gn/T//ccbvkP0m.ltrans0.ltrans.o
 .text.mtx5_execute
                0x0000000008002b90       0xd0 /var/folders/qd/4mxf5pkd0zdf0b9dd1hp39180000gn/T//ccbvkP0m.ltrans0.ltrans.o
 .text.thread4a
                0x0000000008002c60       0x1c /var/folders/qd/4mxf5pkd0zdf0b9dd1hp39180000gn/T//ccbvkP0m.ltrans0.ltrans.o
 *fill*         0x0000000008002c7c        0x4 
 .text.thread4b
                0x0000000008002c80       0x1c /var/folders/qd/4mxf5pkd0zdf0b9dd1hp39180000gn/T//ccbvkP0m.ltrans0.ltrans.o
 *fill*         0x0000000008002c9c        0x4 
 .text.thread1.lto_priv.67
                0x0000000008002ca0       0x20 /var/folders/qd/4mxf5pkd0zdf0b9dd1hp39180000gn/T//ccbvkP0m.ltrans0.ltrans.o
 .text.chHeapStatus
                0x0000000008002cc0       0x40 /var/folders/qd/4mxf5pkd0zdf0b9dd1hp39180000gn/T//ccbvkP0m.ltrans0.ltrans.o
 .text.chHeapFree
                0x0000000008002d00       0x78 /var/folders/qd/4mxf5pkd0zdf0b9dd1hp39180000gn/T//ccbvkP0m.ltrans0.ltrans.o
 *fill*         0x0000000008002d78        0x8 
 .text.chThdRelease
                0x0000000008002d80       0x50 /var/folders/qd/4mxf5pkd0zdf0b9dd1hp39180000gn/T//ccbvkP0m.ltrans0.ltrans.o
 .text.regfind  0x0000000008002dd0       0x58 /var/folders/qd/4mxf5pkd0zdf0b9dd1hp39180000gn/T//ccbvkP0m.ltrans0.ltrans.o
 *fill*         0x0000000008002e28        0x8 
 .text.chHeapAlloc
                0x0000000008002e30       0x8c /var/folders/qd/4mxf5pkd0zdf0b9dd1hp39180000gn/T//ccbvkP0m.ltrans0.ltrans.o
 *fill*         0x0000000008002ebc        0x4 
 .text.chThdCreateFromHeap.constprop.52
                0x0000000008002ec0       0x74 /var/folders/qd/4mxf5pkd0zdf0b9dd1hp39180000gn/T//ccbvkP0m.ltrans0.ltrans.o
 *fill*         0x0000000008002f34        0xc 
 .text.dyn3_execute
                0x0000000008002f40      0x11c /var/folders/qd/4mxf5pkd0zdf0b9dd1hp39180000gn/T//ccbvkP0m.ltrans0.ltrans.o
 *fill*         0x000000000800305c        0x4 
 .text.heap1_execute
                0x0000000008003060      0x244 /var/folders/qd/4mxf5pkd0zdf0b9dd1hp39180000gn/T//ccbvkP0m.ltrans0.ltrans.o
 *fill*         0x00000000080032a4        0xc 
 .text.chSemWait
                0x00000000080032b0       0x38 /var/folders/qd/4mxf5pkd0zdf0b9dd1hp39180000gn/T//ccbvkP0m.ltrans0.ltrans.o
 *fill*         0x00000000080032e8        0x8 
 .text.bmk11_execute
                0x00000000080032f0       0x6c /var/folders/qd/4mxf5pkd0zdf0b9dd1hp39180000gn/T//ccbvkP0m.ltrans0.ltrans.o
 *fill*         0x000000000800335c        0x4 
 .text.thread3.lto_priv.65
                0x0000000008003360       0x28 /var/folders/qd/4mxf5pkd0zdf0b9dd1hp39180000gn/T//ccbvkP0m.ltrans0.ltrans.o
 *fill*         0x0000000008003388        0x8 
 .text.sem4_execute
                0x0000000008003390      0x104 /var/folders/qd/4mxf5pkd0zdf0b9dd1hp39180000gn/T//ccbvkP0m.ltrans0.ltrans.o
 *fill*         0x0000000008003494        0xc 
 .text.thread3.lto_priv.64
                0x00000000080034a0       0x18 /var/folders/qd/4mxf5pkd0zdf0b9dd1hp39180000gn/T//ccbvkP0m.ltrans0.ltrans.o
 *fill*         0x00000000080034b8        0x8 
 .text.thread1.lto_priv.66
                0x00000000080034c0       0x18 /var/folders/qd/4mxf5pkd0zdf0b9dd1hp39180000gn/T//ccbvkP0m.ltrans0.ltrans.o
 *fill*         0x00000000080034d8        0x8 
 .text.chThdWait
                0x00000000080034e0       0x30 /var/folders/qd/4mxf5pkd0zdf0b9dd1hp39180000gn/T//ccbvkP0m.ltrans0.ltrans.o
 .text.bmk5_execute
                0x0000000008003510       0x78 /var/folders/qd/4mxf5pkd0zdf0b9dd1hp39180000gn/T//ccbvkP0m.ltrans0.ltrans.o
 *fill*         0x0000000008003588        0x8 
 .text.test_wait_threads
                0x0000000008003590       0x24 /var/folders/qd/4mxf5pkd0zdf0b9dd1hp39180000gn/T//ccbvkP0m.ltrans0.ltrans.o
 *fill*         0x00000000080035b4        0xc 
 .text.bmk8_execute
                0x00000000080035c0       0xe0 /var/folders/qd/4mxf5pkd0zdf0b9dd1hp39180000gn/T//ccbvkP0m.ltrans0.ltrans.o
 .text.bmk7_execute
                0x00000000080036a0      0x128 /var/folders/qd/4mxf5pkd0zdf0b9dd1hp39180000gn/T//ccbvkP0m.ltrans0.ltrans.o
 *fill*         0x00000000080037c8        0x8 
 .text.bmk4_execute
                0x00000000080037d0       0xa0 /var/folders/qd/4mxf5pkd0zdf0b9dd1hp39180000gn/T//ccbvkP0m.ltrans0.ltrans.o
 .text.bmk3_execute
                0x0000000008003870       0xe8 /var/folders/qd/4mxf5pkd0zdf0b9dd1hp39180000gn/T//ccbvkP0m.ltrans0.ltrans.o
 *fill*         0x0000000008003958        0x8 
 .text.bmk2_execute
                0x0000000008003960       0x68 /var/folders/qd/4mxf5pkd0zdf0b9dd1hp39180000gn/T//ccbvkP0m.ltrans0.ltrans.o
 *fill*         0x00000000080039c8        0x8 
 .text.bmk1_execute
                0x00000000080039d0       0x68 /var/folders/qd/4mxf5pkd0zdf0b9dd1hp39180000gn/T//ccbvkP0m.ltrans0.ltrans.o
 *fill*         0x0000000008003a38        0x8 
 .text.queues2_execute
                0x0000000008003a40      0x208 /var/folders/qd/4mxf5pkd0zdf0b9dd1hp39180000gn/T//ccbvkP0m.ltrans0.ltrans.o
 *fill*         0x0000000008003c48        0x8 
 .text.queues1_execute
                0x0000000008003c50      0x25c /var/folders/qd/4mxf5pkd0zdf0b9dd1hp39180000gn/T//ccbvkP0m.ltrans0.ltrans.o
 *fill*         0x0000000008003eac        0x4 
 .text.dyn2_execute
                0x0000000008003eb0       0xfc /var/folders/qd/4mxf5pkd0zdf0b9dd1hp39180000gn/T//ccbvkP0m.ltrans0.ltrans.o
 *fill*         0x0000000008003fac        0x4 
 .text.dyn1_execute
                0x0000000008003fb0       0xdc /var/folders/qd/4mxf5pkd0zdf0b9dd1hp39180000gn/T//ccbvkP0m.ltrans0.ltrans.o
 *fill*         0x000000000800408c        0x4 
 .text.evt2_execute
                0x0000000008004090      0x2dc /var/folders/qd/4mxf5pkd0zdf0b9dd1hp39180000gn/T//ccbvkP0m.ltrans0.ltrans.o
 *fill*         0x000000000800436c        0x4 
 .text.mtx8_execute
                0x0000000008004370       0x8c /var/folders/qd/4mxf5pkd0zdf0b9dd1hp39180000gn/T//ccbvkP0m.ltrans0.ltrans.o
 *fill*         0x00000000080043fc        0x4 
 .text.mtx7_execute
                0x0000000008004400       0xe8 /var/folders/qd/4mxf5pkd0zdf0b9dd1hp39180000gn/T//ccbvkP0m.ltrans0.ltrans.o
 *fill*         0x00000000080044e8        0x8 
 .text.mtx6_execute
                0x00000000080044f0       0xd8 /var/folders/qd/4mxf5pkd0zdf0b9dd1hp39180000gn/T//ccbvkP0m.ltrans0.ltrans.o
 *fill*         0x00000000080045c8        0x8 
 .text.mtx4_execute
                0x00000000080045d0      0x270 /var/folders/qd/4mxf5pkd0zdf0b9dd1hp39180000gn/T//ccbvkP0m.ltrans0.ltrans.o
 .text.mtx1_execute
                0x0000000008004840       0xf8 /var/folders/qd/4mxf5pkd0zdf0b9dd1hp39180000gn/T//ccbvkP0m.ltrans0.ltrans.o
 *fill*         0x0000000008004938        0x8 
 .text.sem2_execute
                0x0000000008004940      0x144 /var/folders/qd/4mxf5pkd0zdf0b9dd1hp39180000gn/T//ccbvkP0m.ltrans0.ltrans.o
 *fill*         0x0000000008004a84        0xc 
 .text.sem1_execute
                0x0000000008004a90      0x170 /var/folders/qd/4mxf5pkd0zdf0b9dd1hp39180000gn/T//ccbvkP0m.ltrans0.ltrans.o
 .text.thd2_execute
                0x0000000008004c00      0x14c /var/folders/qd/4mxf5pkd0zdf0b9dd1hp39180000gn/T//ccbvkP0m.ltrans0.ltrans.o
 *fill*         0x0000000008004d4c        0x4 
 .text.thd1_execute
                0x0000000008004d50       0xd4 /var/folders/qd/4mxf5pkd0zdf0b9dd1hp39180000gn/T//ccbvkP0m.ltrans0.ltrans.o
 *fill*         0x0000000008004e24        0xc 
 .text.startup.main
                0x0000000008004e30      0x64c /var/folders/qd/4mxf5pkd0zdf0b9dd1hp39180000gn/T//ccbvkP0m.ltrans0.ltrans.o
                0x0000000008004e30                main
 *fill*         0x000000000800547c        0x4 
 .text.__early_init
                0x0000000008005480       0xa4 /var/folders/qd/4mxf5pkd0zdf0b9dd1hp39180000gn/T//ccbvkP0m.ltrans0.ltrans.o
                0x0000000008005480                __early_init
 *fill*         0x0000000008005524        0xc 
 .text.chThdExit
                0x0000000008005530       0x40 /var/folders/qd/4mxf5pkd0zdf0b9dd1hp39180000gn/T//ccbvkP0m.ltrans0.ltrans.o
                0x0000000008005530                chThdExit
 .text.thread1.lto_priv.70
                0x0000000008005570        0x8 /var/folders/qd/4mxf5pkd0zdf0b9dd1hp39180000gn/T//ccbvkP0m.ltrans0.ltrans.o
 *fill*         0x0000000008005578        0x8 
 .text.chSchDoReschedule
                0x0000000008005580        0x8 /var/folders/qd/4mxf5pkd0zdf0b9dd1hp39180000gn/T//ccbvkP0m.ltrans0.ltrans.o
                0x0000000008005580                chSchDoReschedule
 *fill*         0x0000000008005588        0x8 
 .text.__default_exit
                0x0000000008005590        0x4 /var/folders/qd/4mxf5pkd0zdf0b9dd1hp39180000gn/T//ccbvkP0m.ltrans0.ltrans.o
                0x0000000008005590                __default_exit
 *fill*         0x0000000008005594        0xc 
 .text.__late_init
                0x00000000080055a0        0x4 /var/folders/qd/4mxf5pkd0zdf0b9dd1hp39180000gn/T//ccbvkP0m.ltrans0.ltrans.o
                0x00000000080055a0                __late_init
 *(.rodata)
 *(.rodata.*)
 *fill*         0x00000000080055a4        0xc 
 .rodata.wakeup
                0x00000000080055b0       0x20 /var/folders/qd/4mxf5pkd0zdf0b9dd1hp39180000gn/T//ccbvkP0m.ltrans0.ltrans.o
 .rodata.Thread1.str1.4
                0x00000000080055d0        0x8 /var/folders/qd/4mxf5pkd0zdf0b9dd1hp39180000gn/T//ccbvkP0m.ltrans0.ltrans.o
 *fill*         0x00000000080055d8        0x8 
 .rodata._unhandled_exception.str1.4
                0x00000000080055e0       0x14 /var/folders/qd/4mxf5pkd0zdf0b9dd1hp39180000gn/T//ccbvkP0m.ltrans0.ltrans.o
 *fill*         0x00000000080055f4        0xc 
 .rodata.bmk10_execute.str1.4
                0x0000000008005600       0x1a /var/folders/qd/4mxf5pkd0zdf0b9dd1hp39180000gn/T//ccbvkP0m.ltrans0.ltrans.o
 *fill*         0x000000000800561a        0x6 
 .rodata.bmk11_execute.str1.4
                0x0000000008005620        0xf /var/folders/qd/4mxf5pkd0zdf0b9dd1hp39180000gn/T//ccbvkP0m.ltrans0.ltrans.o
 *fill*         0x000000000800562f        0x1 
 .rodata.bmk12_execute.str1.4
                0x0000000008005630        0xf /var/folders/qd/4mxf5pkd0zdf0b9dd1hp39180000gn/T//ccbvkP0m.ltrans0.ltrans.o
 *fill*         0x000000000800563f        0x1 
 .rodata.bmk13_execute.str1.4
                0x0000000008005640       0xa5 /var/folders/qd/4mxf5pkd0zdf0b9dd1hp39180000gn/T//ccbvkP0m.ltrans0.ltrans.o
 *fill*         0x00000000080056e5        0xb 
 .rodata.bmk3_execute.str1.4
                0x00000000080056f0        0xa /var/folders/qd/4mxf5pkd0zdf0b9dd1hp39180000gn/T//ccbvkP0m.ltrans0.ltrans.o
 *fill*         0x00000000080056fa        0x6 
 .rodata.bmk6_execute.str1.4
                0x0000000008005700        0xb /var/folders/qd/4mxf5pkd0zdf0b9dd1hp39180000gn/T//ccbvkP0m.ltrans0.ltrans.o
 *fill*         0x000000000800570b        0x5 
 .rodata.bmk7_execute.str1.4
                0x0000000008005710       0x11 /var/folders/qd/4mxf5pkd0zdf0b9dd1hp39180000gn/T//ccbvkP0m.ltrans0.ltrans.o
 *fill*         0x0000000008005721        0xf 
 .rodata.bmk8_execute.str1.4
                0x0000000008005730        0xa /var/folders/qd/4mxf5pkd0zdf0b9dd1hp39180000gn/T//ccbvkP0m.ltrans0.ltrans.o
 *fill*         0x000000000800573a        0x6 
 .rodata.bmk9_execute.str1.4
                0x0000000008005740        0x9 /var/folders/qd/4mxf5pkd0zdf0b9dd1hp39180000gn/T//ccbvkP0m.ltrans0.ltrans.o
 *fill*         0x0000000008005749        0x7 
 .rodata.ch_debug
                0x0000000008005750       0x16 /var/folders/qd/4mxf5pkd0zdf0b9dd1hp39180000gn/T//ccbvkP0m.ltrans0.ltrans.o
 *fill*         0x0000000008005766        0xa 
 .rodata.dyn1_execute.str1.4
                0x0000000008005770        0x3 /var/folders/qd/4mxf5pkd0zdf0b9dd1hp39180000gn/T//ccbvkP0m.ltrans0.ltrans.o
 *fill*         0x0000000008005773        0xd 
 .rodata.dyn2_execute.str1.4
                0x0000000008005780        0xa /var/folders/qd/4mxf5pkd0zdf0b9dd1hp39180000gn/T//ccbvkP0m.ltrans0.ltrans.o
                                          0xe (size before relaxing)
 *fill*         0x000000000800578a        0x6 
 .rodata.dyn3_execute.str1.4
                0x0000000008005790        0x2 /var/folders/qd/4mxf5pkd0zdf0b9dd1hp39180000gn/T//ccbvkP0m.ltrans0.ltrans.o
 *fill*         0x0000000008005792        0xe 
 .rodata.evhndl
                0x00000000080057a0        0xc /var/folders/qd/4mxf5pkd0zdf0b9dd1hp39180000gn/T//ccbvkP0m.ltrans0.ltrans.o
 *fill*         0x00000000080057ac        0x4 
 .rodata.evt1_execute.str1.4
                0x00000000080057b0        0x4 /var/folders/qd/4mxf5pkd0zdf0b9dd1hp39180000gn/T//ccbvkP0m.ltrans0.ltrans.o
 *fill*         0x00000000080057b4        0xc 
 .rodata.main.str1.4
                0x00000000080057c0      0x210 /var/folders/qd/4mxf5pkd0zdf0b9dd1hp39180000gn/T//ccbvkP0m.ltrans0.ltrans.o
                                        0x21c (size before relaxing)
 .rodata.mbox1_execute.str1.4
                0x00000000080059d0        0x6 /var/folders/qd/4mxf5pkd0zdf0b9dd1hp39180000gn/T//ccbvkP0m.ltrans0.ltrans.o
 *fill*         0x00000000080059d6        0xa 
 .rodata.patternbmk
                0x00000000080059e0       0x38 /var/folders/qd/4mxf5pkd0zdf0b9dd1hp39180000gn/T//ccbvkP0m.ltrans0.ltrans.o
 *fill*         0x0000000008005a18        0x8 
 .rodata.patterndyn
                0x0000000008005a20       0x10 /var/folders/qd/4mxf5pkd0zdf0b9dd1hp39180000gn/T//ccbvkP0m.ltrans0.ltrans.o
 .rodata.patternevt
                0x0000000008005a30       0x10 /var/folders/qd/4mxf5pkd0zdf0b9dd1hp39180000gn/T//ccbvkP0m.ltrans0.ltrans.o
 .rodata.patternheap
                0x0000000008005a40        0x8 /var/folders/qd/4mxf5pkd0zdf0b9dd1hp39180000gn/T//ccbvkP0m.ltrans0.ltrans.o
 *fill*         0x0000000008005a48        0x8 
 .rodata.patternmbox
                0x0000000008005a50        0x8 /var/folders/qd/4mxf5pkd0zdf0b9dd1hp39180000gn/T//ccbvkP0m.ltrans0.ltrans.o
 *fill*         0x0000000008005a58        0x8 
 .rodata.patternmsg
                0x0000000008005a60        0x8 /var/folders/qd/4mxf5pkd0zdf0b9dd1hp39180000gn/T//ccbvkP0m.ltrans0.ltrans.o
 *fill*         0x0000000008005a68        0x8 
 .rodata.patternmtx
                0x0000000008005a70       0x1c /var/folders/qd/4mxf5pkd0zdf0b9dd1hp39180000gn/T//ccbvkP0m.ltrans0.ltrans.o
 *fill*         0x0000000008005a8c        0x4 
 .rodata.patternpools
                0x0000000008005a90        0x8 /var/folders/qd/4mxf5pkd0zdf0b9dd1hp39180000gn/T//ccbvkP0m.ltrans0.ltrans.o
 *fill*         0x0000000008005a98        0x8 
 .rodata.patternqueues
                0x0000000008005aa0        0xc /var/folders/qd/4mxf5pkd0zdf0b9dd1hp39180000gn/T//ccbvkP0m.ltrans0.ltrans.o
 *fill*         0x0000000008005aac        0x4 
 .rodata.patterns
                0x0000000008005ab0       0x34 /var/folders/qd/4mxf5pkd0zdf0b9dd1hp39180000gn/T//ccbvkP0m.ltrans0.ltrans.o
 *fill*         0x0000000008005ae4        0xc 
 .rodata.patternsem
                0x0000000008005af0       0x14 /var/folders/qd/4mxf5pkd0zdf0b9dd1hp39180000gn/T//ccbvkP0m.ltrans0.ltrans.o
 *fill*         0x0000000008005b04        0xc 
 .rodata.patternsys
                0x0000000008005b10       0x10 /var/folders/qd/4mxf5pkd0zdf0b9dd1hp39180000gn/T//ccbvkP0m.ltrans0.ltrans.o
 .rodata.patternthd
                0x0000000008005b20       0x14 /var/folders/qd/4mxf5pkd0zdf0b9dd1hp39180000gn/T//ccbvkP0m.ltrans0.ltrans.o
 *fill*         0x0000000008005b34        0xc 
 .rodata.print_line.str1.4
                0x0000000008005b40        0x3 /var/folders/qd/4mxf5pkd0zdf0b9dd1hp39180000gn/T//ccbvkP0m.ltrans0.ltrans.o
 *fill*         0x0000000008005b43        0xd 
 .rodata.queues2_execute.str1.4
                0x0000000008005b50        0x5 /var/folders/qd/4mxf5pkd0zdf0b9dd1hp39180000gn/T//ccbvkP0m.ltrans0.ltrans.o
 *fill*         0x0000000008005b55        0xb 
 .rodata.str1.4
                0x0000000008005b60      0x4cc /var/folders/qd/4mxf5pkd0zdf0b9dd1hp39180000gn/T//ccbvkP0m.ltrans0.ltrans.o
                                        0x4cb (size before relaxing)
 *fill*         0x000000000800602c        0x4 
 .rodata.testbmk1
                0x0000000008006030       0x10 /var/folders/qd/4mxf5pkd0zdf0b9dd1hp39180000gn/T//ccbvkP0m.ltrans0.ltrans.o
 .rodata.testbmk10
                0x0000000008006040       0x10 /var/folders/qd/4mxf5pkd0zdf0b9dd1hp39180000gn/T//ccbvkP0m.ltrans0.ltrans.o
 .rodata.testbmk11
                0x0000000008006050       0x10 /var/folders/qd/4mxf5pkd0zdf0b9dd1hp39180000gn/T//ccbvkP0m.ltrans0.ltrans.o
 .rodata.testbmk12
                0x0000000008006060       0x10 /var/folders/qd/4mxf5pkd0zdf0b9dd1hp39180000gn/T//ccbvkP0m.ltrans0.ltrans.o
 .rodata.testbmk13
                0x0000000008006070       0x10 /var/folders/qd/4mxf5pkd0zdf0b9dd1hp39180000gn/T//ccbvkP0m.ltrans0.ltrans.o
 .rodata.testbmk2
                0x0000000008006080       0x10 /var/folders/qd/4mxf5pkd0zdf0b9dd1hp39180000gn/T//ccbvkP0m.ltrans0.ltrans.o
 .rodata.testbmk3
                0x0000000008006090       0x10 /var/folders/qd/4mxf5pkd0zdf0b9dd1hp39180000gn/T//ccbvkP0m.ltrans0.ltrans.o
 .rodata.testbmk4
                0x00000000080060a0       0x10 /var/folders/qd/4mxf5pkd0zdf0b9dd1hp39180000gn/T//ccbvkP0m.ltrans0.ltrans.o
 .rodata.testbmk5
                0x00000000080060b0       0x10 /var/folders/qd/4mxf5pkd0zdf0b9dd1hp39180000gn/T//ccbvkP0m.ltrans0.ltrans.o
 .rodata.testbmk6
                0x00000000080060c0       0x10 /var/folders/qd/4mxf5pkd0zdf0b9dd1hp39180000gn/T//ccbvkP0m.ltrans0.ltrans.o
 .rodata.testbmk7
                0x00000000080060d0       0x10 /var/folders/qd/4mxf5pkd0zdf0b9dd1hp39180000gn/T//ccbvkP0m.ltrans0.ltrans.o
 .rodata.testbmk8
                0x00000000080060e0       0x10 /var/folders/qd/4mxf5pkd0zdf0b9dd1hp39180000gn/T//ccbvkP0m.ltrans0.ltrans.o
 .rodata.testbmk9
                0x00000000080060f0       0x10 /var/folders/qd/4mxf5pkd0zdf0b9dd1hp39180000gn/T//ccbvkP0m.ltrans0.ltrans.o
 .rodata.testdyn1
                0x0000000008006100       0x10 /var/folders/qd/4mxf5pkd0zdf0b9dd1hp39180000gn/T//ccbvkP0m.ltrans0.ltrans.o
 .rodata.testdyn2
                0x0000000008006110       0x10 /var/folders/qd/4mxf5pkd0zdf0b9dd1hp39180000gn/T//ccbvkP0m.ltrans0.ltrans.o
 .rodata.testdyn3
                0x0000000008006120       0x10 /var/folders/qd/4mxf5pkd0zdf0b9dd1hp39180000gn/T//ccbvkP0m.ltrans0.ltrans.o
 .rodata.testevt1
                0x0000000008006130       0x10 /var/folders/qd/4mxf5pkd0zdf0b9dd1hp39180000gn/T//ccbvkP0m.ltrans0.ltrans.o
 .rodata.testevt2
                0x0000000008006140       0x10 /var/folders/qd/4mxf5pkd0zdf0b9dd1hp39180000gn/T//ccbvkP0m.ltrans0.ltrans.o
 .rodata.testevt3
                0x0000000008006150       0x10 /var/folders/qd/4mxf5pkd0zdf0b9dd1hp39180000gn/T//ccbvkP0m.ltrans0.ltrans.o
 .rodata.testheap1
                0x0000000008006160       0x10 /var/folders/qd/4mxf5pkd0zdf0b9dd1hp39180000gn/T//ccbvkP0m.ltrans0.ltrans.o
 .rodata.testmbox1
                0x0000000008006170       0x10 /var/folders/qd/4mxf5pkd0zdf0b9dd1hp39180000gn/T//ccbvkP0m.ltrans0.ltrans.o
 .rodata.testmsg1
                0x0000000008006180       0x10 /var/folders/qd/4mxf5pkd0zdf0b9dd1hp39180000gn/T//ccbvkP0m.ltrans0.ltrans.o
 .rodata.testmtx1
                0x0000000008006190       0x10 /var/folders/qd/4mxf5pkd0zdf0b9dd1hp39180000gn/T//ccbvkP0m.ltrans0.ltrans.o
 .rodata.testmtx4
                0x00000000080061a0       0x10 /var/folders/qd/4mxf5pkd0zdf0b9dd1hp39180000gn/T//ccbvkP0m.ltrans0.ltrans.o
 .rodata.testmtx5
                0x00000000080061b0       0x10 /var/folders/qd/4mxf5pkd0zdf0b9dd1hp39180000gn/T//ccbvkP0m.ltrans0.ltrans.o
 .rodata.testmtx6
                0x00000000080061c0       0x10 /var/folders/qd/4mxf5pkd0zdf0b9dd1hp39180000gn/T//ccbvkP0m.ltrans0.ltrans.o
 .rodata.testmtx7
                0x00000000080061d0       0x10 /var/folders/qd/4mxf5pkd0zdf0b9dd1hp39180000gn/T//ccbvkP0m.ltrans0.ltrans.o
 .rodata.testmtx8
                0x00000000080061e0       0x10 /var/folders/qd/4mxf5pkd0zdf0b9dd1hp39180000gn/T//ccbvkP0m.ltrans0.ltrans.o
 .rodata.testpools1
                0x00000000080061f0       0x10 /var/folders/qd/4mxf5pkd0zdf0b9dd1hp39180000gn/T//ccbvkP0m.ltrans0.ltrans.o
 .rodata.testqueues1
                0x0000000008006200       0x10 /var/folders/qd/4mxf5pkd0zdf0b9dd1hp39180000gn/T//ccbvkP0m.ltrans0.ltrans.o
 .rodata.testqueues2
                0x0000000008006210       0x10 /var/folders/qd/4mxf5pkd0zdf0b9dd1hp39180000gn/T//ccbvkP0m.ltrans0.ltrans.o
 .rodata.testsem1
                0x0000000008006220       0x10 /var/folders/qd/4mxf5pkd0zdf0b9dd1hp39180000gn/T//ccbvkP0m.ltrans0.ltrans.o
 .rodata.testsem2
                0x0000000008006230       0x10 /var/folders/qd/4mxf5pkd0zdf0b9dd1hp39180000gn/T//ccbvkP0m.ltrans0.ltrans.o
 .rodata.testsem3
                0x0000000008006240       0x10 /var/folders/qd/4mxf5pkd0zdf0b9dd1hp39180000gn/T//ccbvkP0m.ltrans0.ltrans.o
 .rodata.testsem4
                0x0000000008006250       0x10 /var/folders/qd/4mxf5pkd0zdf0b9dd1hp39180000gn/T//ccbvkP0m.ltrans0.ltrans.o
 .rodata.testsys1
                0x0000000008006260       0x10 /var/folders/qd/4mxf5pkd0zdf0b9dd1hp39180000gn/T//ccbvkP0m.ltrans0.ltrans.o
 .rodata.testsys2
                0x0000000008006270       0x10 /var/folders/qd/4mxf5pkd0zdf0b9dd1hp39180000gn/T//ccbvkP0m.ltrans0.ltrans.o
 .rodata.testsys3
                0x0000000008006280       0x10 /var/folders/qd/4mxf5pkd0zdf0b9dd1hp39180000gn/T//ccbvkP0m.ltrans0.ltrans.o
 .rodata.testthd1
                0x0000000008006290       0x10 /var/folders/qd/4mxf5pkd0zdf0b9dd1hp39180000gn/T//ccbvkP0m.ltrans0.ltrans.o
 .rodata.testthd2
                0x00000000080062a0       0x10 /var/folders/qd/4mxf5pkd0zdf0b9dd1hp39180000gn/T//ccbvkP0m.ltrans0.ltrans.o
 .rodata.testthd3
                0x00000000080062b0       0x10 /var/folders/qd/4mxf5pkd0zdf0b9dd1hp39180000gn/T//ccbvkP0m.ltrans0.ltrans.o
 .rodata.testthd4
                0x00000000080062c0       0x10 /var/folders/qd/4mxf5pkd0zdf0b9dd1hp39180000gn/T//ccbvkP0m.ltrans0.ltrans.o
 .rodata.vmt    0x00000000080062d0       0x20 /var/folders/qd/4mxf5pkd0zdf0b9dd1hp39180000gn/T//ccbvkP0m.ltrans0.ltrans.o
 .rodata.wa     0x00000000080062f0       0x14 /var/folders/qd/4mxf5pkd0zdf0b9dd1hp39180000gn/T//ccbvkP0m.ltrans0.ltrans.o
 *(.glue_7t)
 .glue_7t       0x0000000008006304        0x0 linker stubs
 *(.glue_7)
 .glue_7        0x0000000008006304        0x0 linker stubs
 *(.gcc*)

.vfp11_veneer   0x0000000008006304        0x0
 .vfp11_veneer  0x0000000008006304        0x0 linker stubs

.v4_bx          0x0000000008006304        0x0
 .v4_bx         0x0000000008006304        0x0 linker stubs

.iplt           0x0000000008006304        0x0
 .iplt          0x0000000008006304        0x0 build/obj/crt0_v6m.o

.rel.dyn        0x0000000008006304        0x0
 .rel.iplt      0x0000000008006304        0x0 build/obj/crt0_v6m.o

.ARM.extab
 *(.ARM.extab* .gnu.linkonce.armextab.*)

.ARM.exidx      0x0000000008006304        0x0
                [!provide]                        PROVIDE (__exidx_start, .)
 *(.ARM.exidx* .gnu.linkonce.armexidx.*)
                [!provide]                        PROVIDE (__exidx_end, .)

.eh_frame_hdr
 *(.eh_frame_hdr)

.eh_frame
 *(.eh_frame)

.textalign      0x0000000008006304        0x4
                0x0000000008006308                . = ALIGN (0x8)
 *fill*         0x0000000008006304        0x4 
                0x0000000008006308                . = ALIGN (0x4)
                0x0000000008006308                _etext = .
                0x0000000008006308                _textdata = _etext

.mstack         0x0000000020000000      0x400
                0x0000000020000000                . = ALIGN (0x8)
                0x0000000020000000                __main_stack_base__ = .
                0x0000000020000400                . = (. + __main_stack_size__)
 *fill*         0x0000000020000000      0x400 
                0x0000000020000400                . = ALIGN (0x8)
                0x0000000020000400                __main_stack_end__ = .

.pstack         0x0000000020000400      0x200
                0x0000000020000400                __process_stack_base__ = .
                0x0000000020000400                __main_thread_stack_base__ = .
                0x0000000020000600                . = (. + __process_stack_size__)
 *fill*         0x0000000020000400      0x200 
                0x0000000020000600                . = ALIGN (0x8)
                0x0000000020000600                __process_stack_end__ = .
                0x0000000020000600                __main_thread_stack_end__ = .

.data           0x0000000020000600       0xb8 load address 0x0000000008006308
                0x0000000020000600                . = ALIGN (0x4)
                0x0000000020000600                PROVIDE (_data, .)
 *(.data)
 *(.data.*)
 .data.c1       0x0000000020000600        0x8 /var/folders/qd/4mxf5pkd0zdf0b9dd1hp39180000gn/T//ccbvkP0m.ltrans0.ltrans.o
 .data.es1      0x0000000020000608        0x4 /var/folders/qd/4mxf5pkd0zdf0b9dd1hp39180000gn/T//ccbvkP0m.ltrans0.ltrans.o
 .data.es2      0x000000002000060c        0x4 /var/folders/qd/4mxf5pkd0zdf0b9dd1hp39180000gn/T//ccbvkP0m.ltrans0.ltrans.o
 .data.iq       0x0000000020000610       0x24 /var/folders/qd/4mxf5pkd0zdf0b9dd1hp39180000gn/T//ccbvkP0m.ltrans0.ltrans.o
 .data.m1       0x0000000020000634       0x10 /var/folders/qd/4mxf5pkd0zdf0b9dd1hp39180000gn/T//ccbvkP0m.ltrans0.ltrans.o
 .data.m2       0x0000000020000644       0x10 /var/folders/qd/4mxf5pkd0zdf0b9dd1hp39180000gn/T//ccbvkP0m.ltrans0.ltrans.o
 .data.mb1      0x0000000020000654       0x28 /var/folders/qd/4mxf5pkd0zdf0b9dd1hp39180000gn/T//ccbvkP0m.ltrans0.ltrans.o
 .data.mp1.lto_priv.60
                0x000000002000067c        0xc /var/folders/qd/4mxf5pkd0zdf0b9dd1hp39180000gn/T//ccbvkP0m.ltrans0.ltrans.o
 .data.oq       0x0000000020000688       0x24 /var/folders/qd/4mxf5pkd0zdf0b9dd1hp39180000gn/T//ccbvkP0m.ltrans0.ltrans.o
 .data.sem1.lto_priv.62
                0x00000000200006ac        0xc /var/folders/qd/4mxf5pkd0zdf0b9dd1hp39180000gn/T//ccbvkP0m.ltrans0.ltrans.o
 *(.ramtext)
                0x00000000200006b8                . = ALIGN (0x4)
                0x00000000200006b8                PROVIDE (_edata, .)

.igot.plt       0x00000000200006b8        0x0 load address 0x00000000080063c0
 .igot.plt      0x00000000200006b8        0x0 build/obj/crt0_v6m.o

.bss            0x00000000200006b8      0xac0 load address 0x00000000080063c0
                0x00000000200006b8                . = ALIGN (0x4)
                0x00000000200006b8                PROVIDE (_bss_start, .)
 *(.bss)
 *(.bss.*)
 .bss.SD2       0x00000000200006b8       0x7c /var/folders/qd/4mxf5pkd0zdf0b9dd1hp39180000gn/T//ccbvkP0m.ltrans0.ltrans.o
 *fill*         0x0000000020000734        0x4 
 .bss.ch        0x0000000020000738      0x148 /var/folders/qd/4mxf5pkd0zdf0b9dd1hp39180000gn/T//ccbvkP0m.ltrans0.ltrans.o
 .bss.chp       0x0000000020000880        0x4 /var/folders/qd/4mxf5pkd0zdf0b9dd1hp39180000gn/T//ccbvkP0m.ltrans0.ltrans.o
 *fill*         0x0000000020000884        0x4 
 .bss.default_heap
                0x0000000020000888       0x20 /var/folders/qd/4mxf5pkd0zdf0b9dd1hp39180000gn/T//ccbvkP0m.ltrans0.ltrans.o
 .bss.endmem    0x00000000200008a8        0x4 /var/folders/qd/4mxf5pkd0zdf0b9dd1hp39180000gn/T//ccbvkP0m.ltrans0.ltrans.o
 .bss.failpoint
                0x00000000200008ac        0x4 /var/folders/qd/4mxf5pkd0zdf0b9dd1hp39180000gn/T//ccbvkP0m.ltrans0.ltrans.o
 .bss.heap1     0x00000000200008b0       0x20 /var/folders/qd/4mxf5pkd0zdf0b9dd1hp39180000gn/T//ccbvkP0m.ltrans0.ltrans.o
 .bss.ib.5803   0x00000000200008d0       0x10 /var/folders/qd/4mxf5pkd0zdf0b9dd1hp39180000gn/T//ccbvkP0m.ltrans0.ltrans.o
 .bss.iq.5804   0x00000000200008e0       0x24 /var/folders/qd/4mxf5pkd0zdf0b9dd1hp39180000gn/T//ccbvkP0m.ltrans0.ltrans.o
 .bss.local_fail
                0x0000000020000904        0x1 /var/folders/qd/4mxf5pkd0zdf0b9dd1hp39180000gn/T//ccbvkP0m.ltrans0.ltrans.o
 *fill*         0x0000000020000905        0x3 
 .bss.mp1.lto_priv.61
                0x0000000020000908        0xc /var/folders/qd/4mxf5pkd0zdf0b9dd1hp39180000gn/T//ccbvkP0m.ltrans0.ltrans.o
 .bss.mtx1      0x0000000020000914       0x10 /var/folders/qd/4mxf5pkd0zdf0b9dd1hp39180000gn/T//ccbvkP0m.ltrans0.ltrans.o
 .bss.nextmem   0x0000000020000924        0x4 /var/folders/qd/4mxf5pkd0zdf0b9dd1hp39180000gn/T//ccbvkP0m.ltrans0.ltrans.o
 .bss.sem1.lto_priv.63
                0x0000000020000928        0xc /var/folders/qd/4mxf5pkd0zdf0b9dd1hp39180000gn/T//ccbvkP0m.ltrans0.ltrans.o
 *fill*         0x0000000020000934        0x4 
 .bss.test      0x0000000020000938      0x668 /var/folders/qd/4mxf5pkd0zdf0b9dd1hp39180000gn/T//ccbvkP0m.ltrans0.ltrans.o
 .bss.test_global_fail
                0x0000000020000fa0        0x1 /var/folders/qd/4mxf5pkd0zdf0b9dd1hp39180000gn/T//ccbvkP0m.ltrans0.ltrans.o
 *fill*         0x0000000020000fa1        0x7 
 .bss.test_heap
                0x0000000020000fa8       0x20 /var/folders/qd/4mxf5pkd0zdf0b9dd1hp39180000gn/T//ccbvkP0m.ltrans0.ltrans.o
 .bss.test_timer_done
                0x0000000020000fc8        0x1 /var/folders/qd/4mxf5pkd0zdf0b9dd1hp39180000gn/T//ccbvkP0m.ltrans0.ltrans.o
 *fill*         0x0000000020000fc9        0x3 
 .bss.threads   0x0000000020000fcc       0x14 /var/folders/qd/4mxf5pkd0zdf0b9dd1hp39180000gn/T//ccbvkP0m.ltrans0.ltrans.o
 .bss.tokens_buffer
                0x0000000020000fe0       0x10 /var/folders/qd/4mxf5pkd0zdf0b9dd1hp39180000gn/T//ccbvkP0m.ltrans0.ltrans.o
 .bss.tokp      0x0000000020000ff0        0x4 /var/folders/qd/4mxf5pkd0zdf0b9dd1hp39180000gn/T//ccbvkP0m.ltrans0.ltrans.o
 .bss.vt        0x0000000020000ff4       0x14 /var/folders/qd/4mxf5pkd0zdf0b9dd1hp39180000gn/T//ccbvkP0m.ltrans0.ltrans.o
 .bss.vt1.5814  0x0000000020001008       0x14 /var/folders/qd/4mxf5pkd0zdf0b9dd1hp39180000gn/T//ccbvkP0m.ltrans0.ltrans.o
 .bss.vt2.5815  0x000000002000101c       0x14 /var/folders/qd/4mxf5pkd0zdf0b9dd1hp39180000gn/T//ccbvkP0m.ltrans0.ltrans.o
 .bss.waThread1
                0x0000000020001030      0x148 /var/folders/qd/4mxf5pkd0zdf0b9dd1hp39180000gn/T//ccbvkP0m.ltrans0.ltrans.o
 *(COMMON)
                0x0000000020001178                . = ALIGN (0x4)
                0x0000000020001178                PROVIDE (_bss_end, .)
                [!provide]                        PROVIDE (end, .)

.ram0           0x0000000020001178        0x0 load address 0x00000000080063c0
                0x0000000020001178                . = ALIGN (0x4)
 *(.ram0)
 *(.ram0.*)
                0x0000000020001178                . = ALIGN (0x4)
                0x0000000020001178                __ram0_free__ = .

.ram1           0x0000000000000000        0x0
                0x0000000000000000                . = ALIGN (0x4)
 *(.ram1)
 *(.ram1.*)
                0x0000000000000000                . = ALIGN (0x4)
                0x0000000000000000                __ram1_free__ = .

.ram2           0x0000000000000000        0x0
                0x0000000000000000                . = ALIGN (0x4)
 *(.ram2)
 *(.ram2.*)
                0x0000000000000000                . = ALIGN (0x4)
                0x0000000000000000                __ram2_free__ = .

.ram3           0x0000000000000000        0x0
                0x0000000000000000                . = ALIGN (0x4)
 *(.ram3)
 *(.ram3.*)
                0x0000000000000000                . = ALIGN (0x4)
                0x0000000000000000                __ram3_free__ = .

.ram4           0x0000000000000000        0x0
                0x0000000000000000                . = ALIGN (0x4)
 *(.ram4)
 *(.ram4.*)
                0x0000000000000000                . = ALIGN (0x4)
                0x0000000000000000                __ram4_free__ = .

.ram5           0x0000000000000000        0x0
                0x0000000000000000                . = ALIGN (0x4)
 *(.ram5)
 *(.ram5.*)
                0x0000000000000000                . = ALIGN (0x4)
                0x0000000000000000                __ram5_free__ = .

.ram6           0x0000000000000000        0x0
                0x0000000000000000                . = ALIGN (0x4)
 *(.ram6)
 *(.ram6.*)
                0x0000000000000000                . = ALIGN (0x4)
                0x0000000000000000                __ram6_free__ = .

.ram7           0x0000000000000000        0x0
                0x0000000000000000                . = ALIGN (0x4)
 *(.ram7)
 *(.ram7.*)
                0x0000000000000000                . = ALIGN (0x4)
                0x0000000000000000                __ram7_free__ = .
                0x0000000020001178                __heap_base__ = __ram0_free__
                0x0000000020002000                __heap_end__ = __ram0_end__
                0x0000000000000200                __process_stack_size__ = 0x200
                0x0000000000000400                __main_stack_size__ = 0x400
START GROUP
LOAD /Applications/Eclipse_e-puck2.app/Contents/Eclipse_e-puck2/Tools/gcc-arm-none-eabi-7-2017-q4-major/bin/../lib/gcc/arm-none-eabi/7.2.1/thumb/v6-m/libgcc.a
LOAD /Applications/Eclipse_e-puck2.app/Contents/Eclipse_e-puck2/Tools/gcc-arm-none-eabi-7-2017-q4-major/bin/../lib/gcc/arm-none-eabi/7.2.1/../../../../arm-none-eabi/lib/thumb/v6-m/libg.a
LOAD /Applications/Eclipse_e-puck2.app/Contents/Eclipse_e-puck2/Tools/gcc-arm-none-eabi-7-2017-q4-major/bin/../lib/gcc/arm-none-eabi/7.2.1/../../../../arm-none-eabi/lib/thumb/v6-m/libc.a
END GROUP
OUTPUT(build/ch.elf elf32-littlearm)

.ARM.attributes
                0x0000000000000000       0x2b
 .ARM.attributes
                0x0000000000000000       0x21 build/obj/crt0_v6m.o
 .ARM.attributes
                0x0000000000000021       0x21 build/obj/chcoreasm_v6m.o
 .ARM.attributes
                0x0000000000000042       0x2f /var/folders/qd/4mxf5pkd0zdf0b9dd1hp39180000gn/T//ccbvkP0m.ltrans0.ltrans.o
 .ARM.attributes
                0x0000000000000071       0x1e /Applications/Eclipse_e-puck2.app/Contents/Eclipse_e-puck2/Tools/gcc-arm-none-eabi-7-2017-q4-major/bin/../lib/gcc/arm-none-eabi/7.2.1/thumb/v6-m/libgcc.a(_udivsi3.o)
 .ARM.attributes
                0x000000000000008f       0x1e /Applications/Eclipse_e-puck2.app/Contents/Eclipse_e-puck2/Tools/gcc-arm-none-eabi-7-2017-q4-major/bin/../lib/gcc/arm-none-eabi/7.2.1/thumb/v6-m/libgcc.a(_dvmd_tls.o)

.comment        0x0000000000000000       0x7e
 .comment       0x0000000000000000       0x7e /var/folders/qd/4mxf5pkd0zdf0b9dd1hp39180000gn/T//ccbvkP0m.ltrans0.ltrans.o
                                         0x7f (size before relaxing)

.debug_info     0x0000000000000000    0x13f06
 .debug_info    0x0000000000000000    0x13f06 /var/folders/qd/4mxf5pkd0zdf0b9dd1hp39180000gn/T//ccbvkP0m.ltrans0.ltrans.o

.debug_abbrev   0x0000000000000000      0x800
 .debug_abbrev  0x0000000000000000      0x800 /var/folders/qd/4mxf5pkd0zdf0b9dd1hp39180000gn/T//ccbvkP0m.ltrans0.ltrans.o

.debug_loc      0x0000000000000000     0x63a2
 .debug_loc     0x0000000000000000     0x63a2 /var/folders/qd/4mxf5pkd0zdf0b9dd1hp39180000gn/T//ccbvkP0m.ltrans0.ltrans.o

.debug_aranges  0x0000000000000000      0x5d0
 .debug_aranges
                0x0000000000000000      0x5d0 /var/folders/qd/4mxf5pkd0zdf0b9dd1hp39180000gn/T//ccbvkP0m.ltrans0.ltrans.o

.debug_ranges   0x0000000000000000     0x1e40
 .debug_ranges  0x0000000000000000     0x1e40 /var/folders/qd/4mxf5pkd0zdf0b9dd1hp39180000gn/T//ccbvkP0m.ltrans0.ltrans.o

.debug_line     0x0000000000000000     0x3fc4
 .debug_line    0x0000000000000000     0x3fc4 /var/folders/qd/4mxf5pkd0zdf0b9dd1hp39180000gn/T//ccbvkP0m.ltrans0.ltrans.o

.debug_str      0x0000000000000000     0x2734
 .debug_str     0x0000000000000000     0x2734 /var/folders/qd/4mxf5pkd0zdf0b9dd1hp39180000gn/T//ccbvkP0m.ltrans0.ltrans.o
                                       0x286f (size before relaxing)

.debug_frame    0x0000000000000000     0x13a0
 .debug_frame   0x0000000000000000     0x1380 /var/folders/qd/4mxf5pkd0zdf0b9dd1hp39180000gn/T//ccbvkP0m.ltrans0.ltrans.o
 .debug_frame   0x0000000000001380       0x20 /Applications/Eclipse_e-puck2.app/Contents/Eclipse_e-puck2/Tools/gcc-arm-none-eabi-7-2017-q4-major/bin/../lib/gcc/arm-none-eabi/7.2.1/thumb/v6-m/libgcc.a(_udivsi3.o)

Cross Reference Table

Symbol                                            File
BusFault_Handler                                  build/obj/vectors.o (symbol from plugin)
DebugMon_Handler                                  build/obj/vectors.o (symbol from plugin)
HardFault_Handler                                 build/obj/vectors.o (symbol from plugin)
MemManage_Handler                                 build/obj/vectors.o (symbol from plugin)
NMI_Handler                                       build/obj/chcore_v6m.o (symbol from plugin)
                                                  build/obj/vectors.o (symbol from plugin)
PendSV_Handler                                    build/obj/vectors.o (symbol from plugin)
Reset_Handler                                     build/obj/crt0_v6m.o
                                                  /var/folders/qd/4mxf5pkd0zdf0b9dd1hp39180000gn/T//ccbvkP0m.ltrans0.ltrans.o
SD2                                               build/obj/serial_lld.o (symbol from plugin)
                                                  build/obj/main.o (symbol from plugin)
SVC_Handler                                       build/obj/vectors.o (symbol from plugin)
SysTick_Handler                                   build/obj/vectors.o (symbol from plugin)
SystemCoreClock                                   build/obj/hal_lld.o (symbol from plugin)
TestThread                                        build/obj/test.o (symbol from plugin)
                                                  build/obj/main.o (symbol from plugin)
UsageFault_Handler                                build/obj/vectors.o (symbol from plugin)
Vector1C                                          build/obj/vectors.o (symbol from plugin)
Vector20                                          build/obj/vectors.o (symbol from plugin)
Vector24                                          build/obj/vectors.o (symbol from plugin)
Vector28                                          build/obj/vectors.o (symbol from plugin)
Vector34                                          build/obj/vectors.o (symbol from plugin)
Vector40                                          build/obj/vectors.o (symbol from plugin)
Vector44                                          build/obj/vectors.o (symbol from plugin)
Vector48                                          build/obj/vectors.o (symbol from plugin)
Vector4C                                          build/obj/vectors.o (symbol from plugin)
Vector50                                          build/obj/vectors.o (symbol from plugin)
Vector54                                          build/obj/vectors.o (symbol from plugin)
Vector58                                          build/obj/vectors.o (symbol from plugin)
Vector5C                                          build/obj/vectors.o (symbol from plugin)
Vector60                                          build/obj/vectors.o (symbol from plugin)
Vector64                                          build/obj/vectors.o (symbol from plugin)
Vector68                                          build/obj/vectors.o (symbol from plugin)
Vector6C                                          build/obj/vectors.o (symbol from plugin)
Vector70                                          build/obj/vectors.o (symbol from plugin)
Vector74                                          build/obj/vectors.o (symbol from plugin)
Vector78                                          build/obj/vectors.o (symbol from plugin)
Vector7C                                          build/obj/vectors.o (symbol from plugin)
Vector80                                          build/obj/st_lld.o (symbol from plugin)
                                                  build/obj/vectors.o (symbol from plugin)
Vector84                                          build/obj/vectors.o (symbol from plugin)
Vector88                                          build/obj/vectors.o (symbol from plugin)
Vector8C                                          build/obj/vectors.o (symbol from plugin)
Vector90                                          build/obj/vectors.o (symbol from plugin)
Vector94                                          build/obj/vectors.o (symbol from plugin)
Vector98                                          build/obj/vectors.o (symbol from plugin)
Vector9C                                          build/obj/vectors.o (symbol from plugin)
VectorA0                                          build/obj/vectors.o (symbol from plugin)
VectorA4                                          build/obj/vectors.o (symbol from plugin)
VectorA8                                          build/obj/vectors.o (symbol from plugin)
VectorAC                                          build/obj/vectors.o (symbol from plugin)
VectorB0                                          build/obj/serial_lld.o (symbol from plugin)
                                                  build/obj/vectors.o (symbol from plugin)
VectorB4                                          build/obj/vectors.o (symbol from plugin)
VectorB8                                          build/obj/vectors.o (symbol from plugin)
VectorBC                                          build/obj/vectors.o (symbol from plugin)
__aeabi_idiv0                                     /Applications/Eclipse_e-puck2.app/Contents/Eclipse_e-puck2/Tools/gcc-arm-none-eabi-7-2017-q4-major/bin/../lib/gcc/arm-none-eabi/7.2.1/thumb/v6-m/libgcc.a(_dvmd_tls.o)
                                                  /Applications/Eclipse_e-puck2.app/Contents/Eclipse_e-puck2/Tools/gcc-arm-none-eabi-7-2017-q4-major/bin/../lib/gcc/arm-none-eabi/7.2.1/thumb/v6-m/libgcc.a(_udivsi3.o)
__aeabi_ldiv0                                     /Applications/Eclipse_e-puck2.app/Contents/Eclipse_e-puck2/Tools/gcc-arm-none-eabi-7-2017-q4-major/bin/../lib/gcc/arm-none-eabi/7.2.1/thumb/v6-m/libgcc.a(_dvmd_tls.o)
__aeabi_uidiv                                     /Applications/Eclipse_e-puck2.app/Contents/Eclipse_e-puck2/Tools/gcc-arm-none-eabi-7-2017-q4-major/bin/../lib/gcc/arm-none-eabi/7.2.1/thumb/v6-m/libgcc.a(_udivsi3.o)
                                                  /var/folders/qd/4mxf5pkd0zdf0b9dd1hp39180000gn/T//ccbvkP0m.ltrans0.ltrans.o
__aeabi_uidivmod                                  /Applications/Eclipse_e-puck2.app/Contents/Eclipse_e-puck2/Tools/gcc-arm-none-eabi-7-2017-q4-major/bin/../lib/gcc/arm-none-eabi/7.2.1/thumb/v6-m/libgcc.a(_udivsi3.o)
                                                  /var/folders/qd/4mxf5pkd0zdf0b9dd1hp39180000gn/T//ccbvkP0m.ltrans0.ltrans.o
__default_exit                                    /var/folders/qd/4mxf5pkd0zdf0b9dd1hp39180000gn/T//ccbvkP0m.ltrans0.ltrans.o
                                                  build/obj/crt1.o (symbol from plugin)
                                                  build/obj/crt0_v6m.o
__early_init                                      /var/folders/qd/4mxf5pkd0zdf0b9dd1hp39180000gn/T//ccbvkP0m.ltrans0.ltrans.o
                                                  build/obj/board.o (symbol from plugin)
                                                  build/obj/crt1.o (symbol from plugin)
                                                  build/obj/crt0_v6m.o
__fini_array_end                                  build/obj/crt0_v6m.o
__fini_array_start                                build/obj/crt0_v6m.o
__heap_base__                                     /var/folders/qd/4mxf5pkd0zdf0b9dd1hp39180000gn/T//ccbvkP0m.ltrans0.ltrans.o
                                                  build/obj/chmemcore.o (symbol from plugin)
__heap_end__                                      /var/folders/qd/4mxf5pkd0zdf0b9dd1hp39180000gn/T//ccbvkP0m.ltrans0.ltrans.o
                                                  build/obj/chmemcore.o (symbol from plugin)
__init_array_end                                  build/obj/crt0_v6m.o
__init_array_start                                build/obj/crt0_v6m.o
__late_init                                       /var/folders/qd/4mxf5pkd0zdf0b9dd1hp39180000gn/T//ccbvkP0m.ltrans0.ltrans.o
                                                  build/obj/crt1.o (symbol from plugin)
                                                  build/obj/crt0_v6m.o
__main_stack_base__                               build/obj/crt0_v6m.o
__main_stack_end__                                /var/folders/qd/4mxf5pkd0zdf0b9dd1hp39180000gn/T//ccbvkP0m.ltrans0.ltrans.o
                                                  build/obj/vectors.o (symbol from plugin)
                                                  build/obj/crt0_v6m.o
__process_stack_base__                            build/obj/crt0_v6m.o
__process_stack_end__                             build/obj/crt0_v6m.o
__udivsi3                                         /Applications/Eclipse_e-puck2.app/Contents/Eclipse_e-puck2/Tools/gcc-arm-none-eabi-7-2017-q4-major/bin/../lib/gcc/arm-none-eabi/7.2.1/thumb/v6-m/libgcc.a(_udivsi3.o)
_bss_end                                          build/obj/crt0_v6m.o
_bss_start                                        build/obj/crt0_v6m.o
_core_init                                        build/obj/chmemcore.o (symbol from plugin)
                                                  build/obj/chsys.o (symbol from plugin)
_data                                             build/obj/crt0_v6m.o
_edata                                            build/obj/crt0_v6m.o
_heap_init                                        build/obj/chheap.o (symbol from plugin)
                                                  build/obj/chsys.o (symbol from plugin)
_pal_lld_init                                     build/obj/pal_lld.o (symbol from plugin)
                                                  build/obj/hal.o (symbol from plugin)
_pal_lld_setgroupmode                             build/obj/pal_lld.o (symbol from plugin)
                                                  build/obj/pal.o (symbol from plugin)
_port_exit_from_isr                               build/obj/chcoreasm_v6m.o
                                                  /var/folders/qd/4mxf5pkd0zdf0b9dd1hp39180000gn/T//ccbvkP0m.ltrans0.ltrans.o
                                                  build/obj/chcore_v6m.o (symbol from plugin)
_port_irq_epilogue                                build/obj/chcore_v6m.o (symbol from plugin)
                                                  build/obj/serial_lld.o (symbol from plugin)
                                                  build/obj/st_lld.o (symbol from plugin)
_port_switch                                      build/obj/chcoreasm_v6m.o
                                                  /var/folders/qd/4mxf5pkd0zdf0b9dd1hp39180000gn/T//ccbvkP0m.ltrans0.ltrans.o
                                                  build/obj/chschd.o (symbol from plugin)
_port_switch_from_isr                             build/obj/chcoreasm_v6m.o
                                                  /var/folders/qd/4mxf5pkd0zdf0b9dd1hp39180000gn/T//ccbvkP0m.ltrans0.ltrans.o
                                                  build/obj/chcore_v6m.o (symbol from plugin)
[...]
chThdRelease                                      build/obj/chdynamic.o (symbol from plugin)
                                                  build/obj/testdyn.o (symbol from plugin)
                                                  build/obj/chregistry.o (symbol from plugin)
                                                  build/obj/chthreads.o (symbol from plugin)
chThdResume                                       build/obj/chthreads.o (symbol from plugin)
chThdResumeI                                      build/obj/chthreads.o (symbol from plugin)
chThdResumeS                                      build/obj/chthreads.o (symbol from plugin)
chThdSetPriority                                  build/obj/chthreads.o (symbol from plugin)
                                                  build/obj/testthd.o (symbol from plugin)
chThdSleep                                        build/obj/chthreads.o (symbol from plugin)
                                                  build/obj/main.o (symbol from plugin)
                                                  build/obj/testbmk.o (symbol from plugin)
                                                  build/obj/testsys.o (symbol from plugin)
                                                  build/obj/testdyn.o (symbol from plugin)
                                                  build/obj/testevt.o (symbol from plugin)
                                                  build/obj/testmtx.o (symbol from plugin)
                                                  build/obj/testsem.o (symbol from plugin)
                                                  build/obj/testthd.o (symbol from plugin)
                                                  build/obj/test.o (symbol from plugin)
chThdSleepUntil                                   build/obj/chthreads.o (symbol from plugin)
                                                  build/obj/testthd.o (symbol from plugin)
chThdSleepUntilWindowed                           build/obj/chthreads.o (symbol from plugin)
chThdStart                                        build/obj/chthreads.o (symbol from plugin)
                                                  build/obj/testthd.o (symbol from plugin)
chThdSuspendS                                     build/obj/chthreads.o (symbol from plugin)
chThdSuspendTimeoutS                              build/obj/chthreads.o (symbol from plugin)
chThdTerminate                                    build/obj/chthreads.o (symbol from plugin)
                                                  build/obj/test.o (symbol from plugin)
chThdWait                                         build/obj/chthreads.o (symbol from plugin)
                                                  build/obj/testbmk.o (symbol from plugin)
                                                  build/obj/test.o (symbol from plugin)
chThdYield                                        build/obj/chthreads.o (symbol from plugin)
                                                  build/obj/testbmk.o (symbol from plugin)
chVTDoResetI                                      build/obj/chvt.o (symbol from plugin)
                                                  build/obj/testbmk.o (symbol from plugin)
                                                  build/obj/testsys.o (symbol from plugin)
                                                  build/obj/test.o (symbol from plugin)
                                                  build/obj/chschd.o (symbol from plugin)
chVTDoSetI                                        build/obj/chvt.o (symbol from plugin)
                                                  build/obj/testbmk.o (symbol from plugin)
                                                  build/obj/testsys.o (symbol from plugin)
                                                  build/obj/test.o (symbol from plugin)
                                                  build/obj/chschd.o (symbol from plugin)
ch_debug                                          build/obj/chregistry.o (symbol from plugin)
                                                  build/obj/chsys.o (symbol from plugin)
halInit                                           build/obj/hal.o (symbol from plugin)
                                                  build/obj/main.o (symbol from plugin)
hal_lld_init                                      build/obj/hal_lld.o (symbol from plugin)
                                                  build/obj/hal.o (symbol from plugin)
main                                              /var/folders/qd/4mxf5pkd0zdf0b9dd1hp39180000gn/T//ccbvkP0m.ltrans0.ltrans.o
                                                  build/obj/main.o (symbol from plugin)
                                                  build/obj/crt0_v6m.o
nvicClearPending                                  build/obj/nvic.o (symbol from plugin)
nvicDisableVector                                 build/obj/nvic.o (symbol from plugin)
                                                  build/obj/serial_lld.o (symbol from plugin)
nvicEnableVector                                  build/obj/nvic.o (symbol from plugin)
                                                  build/obj/serial_lld.o (symbol from plugin)
                                                  build/obj/st_lld.o (symbol from plugin)
nvicSetSystemHandlerPriority                      build/obj/nvic.o (symbol from plugin)
palReadBus                                        build/obj/pal.o (symbol from plugin)
palSetBusMode                                     build/obj/pal.o (symbol from plugin)
palWriteBus                                       build/obj/pal.o (symbol from plugin)
pal_default_config                                build/obj/board.o (symbol from plugin)
                                                  build/obj/hal.o (symbol from plugin)
patternbmk                                        build/obj/testbmk.o (symbol from plugin)
                                                  build/obj/test.o (symbol from plugin)
patterndyn                                        build/obj/testdyn.o (symbol from plugin)
                                                  build/obj/test.o (symbol from plugin)
patternevt                                        build/obj/testevt.o (symbol from plugin)
                                                  build/obj/test.o (symbol from plugin)
patternheap                                       build/obj/testheap.o (symbol from plugin)
                                                  build/obj/test.o (symbol from plugin)
patternmbox                                       build/obj/testmbox.o (symbol from plugin)
                                                  build/obj/test.o (symbol from plugin)
patternmsg                                        build/obj/testmsg.o (symbol from plugin)
                                                  build/obj/test.o (symbol from plugin)
patternmtx                                        build/obj/testmtx.o (symbol from plugin)
                                                  build/obj/test.o (symbol from plugin)
patternpools                                      build/obj/testpools.o (symbol from plugin)
                                                  build/obj/test.o (symbol from plugin)
patternqueues                                     build/obj/testqueues.o (symbol from plugin)
                                                  build/obj/test.o (symbol from plugin)
patternsem                                        build/obj/testsem.o (symbol from plugin)
                                                  build/obj/test.o (symbol from plugin)
patternsys                                        build/obj/testsys.o (symbol from plugin)
                                                  build/obj/test.o (symbol from plugin)
patternthd                                        build/obj/testthd.o (symbol from plugin)
                                                  build/obj/test.o (symbol from plugin)
sdIncomingDataI                                   build/obj/serial.o (symbol from plugin)
                                                  build/obj/serial_lld.o (symbol from plugin)
sdInit                                            build/obj/serial.o (symbol from plugin)
                                                  build/obj/hal.o (symbol from plugin)
sdObjectInit                                      build/obj/serial.o (symbol from plugin)
                                                  build/obj/serial_lld.o (symbol from plugin)
sdRequestDataI                                    build/obj/serial.o (symbol from plugin)
sdStart                                           build/obj/serial.o (symbol from plugin)
                                                  build/obj/main.o (symbol from plugin)
sdStop                                            build/obj/serial.o (symbol from plugin)
sd_lld_init                                       build/obj/serial_lld.o (symbol from plugin)
                                                  build/obj/serial.o (symbol from plugin)
sd_lld_start                                      build/obj/serial_lld.o (symbol from plugin)
                                                  build/obj/serial.o (symbol from plugin)
sd_lld_stop                                       build/obj/serial_lld.o (symbol from plugin)
                                                  build/obj/serial.o (symbol from plugin)
stGetAlarm                                        build/obj/st.o (symbol from plugin)
stInit                                            build/obj/st.o (symbol from plugin)
                                                  build/obj/hal.o (symbol from plugin)
stSetAlarm                                        build/obj/st.o (symbol from plugin)
                                                  build/obj/chvt.o (symbol from plugin)
                                                  build/obj/chsys.o (symbol from plugin)
stStartAlarm                                      build/obj/st.o (symbol from plugin)
                                                  build/obj/chvt.o (symbol from plugin)
stStopAlarm                                       build/obj/st.o (symbol from plugin)
                                                  build/obj/chvt.o (symbol from plugin)
                                                  build/obj/chsys.o (symbol from plugin)
st_lld_init                                       build/obj/st_lld.o (symbol from plugin)
                                                  build/obj/st.o (symbol from plugin)
stm32_clock_init                                  build/obj/hal_lld.o (symbol from plugin)
                                                  build/obj/board.o (symbol from plugin)
test                                              build/obj/test.o (symbol from plugin)
                                                  build/obj/testqueues.o (symbol from plugin)
                                                  build/obj/testdyn.o (symbol from plugin)
                                                  build/obj/testheap.o (symbol from plugin)
                                                  build/obj/testmbox.o (symbol from plugin)
test_emit_token                                   build/obj/test.o (symbol from plugin)
                                                  build/obj/testqueues.o (symbol from plugin)
                                                  build/obj/testdyn.o (symbol from plugin)
                                                  build/obj/testevt.o (symbol from plugin)
                                                  build/obj/testmbox.o (symbol from plugin)
                                                  build/obj/testmsg.o (symbol from plugin)
                                                  build/obj/testmtx.o (symbol from plugin)
                                                  build/obj/testsem.o (symbol from plugin)
                                                  build/obj/testthd.o (symbol from plugin)
test_global_fail                                  build/obj/test.o (symbol from plugin)
test_print                                        build/obj/test.o (symbol from plugin)
                                                  build/obj/testbmk.o (symbol from plugin)
test_println                                      build/obj/test.o (symbol from plugin)
                                                  build/obj/testbmk.o (symbol from plugin)
test_printn                                       build/obj/test.o (symbol from plugin)
                                                  build/obj/testbmk.o (symbol from plugin)
test_start_timer                                  build/obj/test.o (symbol from plugin)
                                                  build/obj/testbmk.o (symbol from plugin)
test_terminate_threads                            build/obj/test.o (symbol from plugin)
                                                  build/obj/testbmk.o (symbol from plugin)
test_timer_done                                   build/obj/test.o (symbol from plugin)
                                                  build/obj/testbmk.o (symbol from plugin)
test_wait_threads                                 build/obj/test.o (symbol from plugin)
                                                  build/obj/testbmk.o (symbol from plugin)
                                                  build/obj/testqueues.o (symbol from plugin)
                                                  build/obj/testdyn.o (symbol from plugin)
                                                  build/obj/testevt.o (symbol from plugin)
                                                  build/obj/testmtx.o (symbol from plugin)
                                                  build/obj/testsem.o (symbol from plugin)
                                                  build/obj/testthd.o (symbol from plugin)
test_wait_tick                                    build/obj/test.o (symbol from plugin)
                                                  build/obj/testbmk.o (symbol from plugin)
                                                  build/obj/testevt.o (symbol from plugin)
                                                  build/obj/testsem.o (symbol from plugin)
                                                  build/obj/testthd.o (symbol from plugin)
testbmk1                                          build/obj/testbmk.o (symbol from plugin)
testbmk10                                         build/obj/testbmk.o (symbol from plugin)
testbmk11                                         build/obj/testbmk.o (symbol from plugin)
testbmk12                                         build/obj/testbmk.o (symbol from plugin)
testbmk13                                         build/obj/testbmk.o (symbol from plugin)
testbmk2                                          build/obj/testbmk.o (symbol from plugin)
testbmk3                                          build/obj/testbmk.o (symbol from plugin)
testbmk4                                          build/obj/testbmk.o (symbol from plugin)
testbmk5                                          build/obj/testbmk.o (symbol from plugin)
testbmk6                                          build/obj/testbmk.o (symbol from plugin)
testbmk7                                          build/obj/testbmk.o (symbol from plugin)
testbmk8                                          build/obj/testbmk.o (symbol from plugin)
testbmk9                                          build/obj/testbmk.o (symbol from plugin)
testdyn1                                          build/obj/testdyn.o (symbol from plugin)
testdyn2                                          build/obj/testdyn.o (symbol from plugin)
testdyn3                                          build/obj/testdyn.o (symbol from plugin)
testevt1                                          build/obj/testevt.o (symbol from plugin)
testevt2                                          build/obj/testevt.o (symbol from plugin)
testevt3                                          build/obj/testevt.o (symbol from plugin)
testheap1                                         build/obj/testheap.o (symbol from plugin)
testmbox1                                         build/obj/testmbox.o (symbol from plugin)
testmsg1                                          build/obj/testmsg.o (symbol from plugin)
testmtx1                                          build/obj/testmtx.o (symbol from plugin)
testmtx4                                          build/obj/testmtx.o (symbol from plugin)
testmtx5                                          build/obj/testmtx.o (symbol from plugin)
testmtx6                                          build/obj/testmtx.o (symbol from plugin)
testmtx7                                          build/obj/testmtx.o (symbol from plugin)
testmtx8                                          build/obj/testmtx.o (symbol from plugin)
testpools1                                        build/obj/testpools.o (symbol from plugin)
testqueues1                                       build/obj/testqueues.o (symbol from plugin)
testqueues2                                       build/obj/testqueues.o (symbol from plugin)
testsem1                                          build/obj/testsem.o (symbol from plugin)
testsem2                                          build/obj/testsem.o (symbol from plugin)
testsem3                                          build/obj/testsem.o (symbol from plugin)
testsem4                                          build/obj/testsem.o (symbol from plugin)
testsys1                                          build/obj/testsys.o (symbol from plugin)
testsys2                                          build/obj/testsys.o (symbol from plugin)
testsys3                                          build/obj/testsys.o (symbol from plugin)
testthd1                                          build/obj/testthd.o (symbol from plugin)
testthd2                                          build/obj/testthd.o (symbol from plugin)
testthd3                                          build/obj/testthd.o (symbol from plugin)
testthd4                                          build/obj/testthd.o (symbol from plugin)
threads                                           build/obj/test.o (symbol from plugin)
                                                  build/obj/testbmk.o (symbol from plugin)
                                                  build/obj/testqueues.o (symbol from plugin)
                                                  build/obj/testdyn.o (symbol from plugin)
                                                  build/obj/testevt.o (symbol from plugin)
                                                  build/obj/testmsg.o (symbol from plugin)
                                                  build/obj/testmtx.o (symbol from plugin)
                                                  build/obj/testsem.o (symbol from plugin)
                                                  build/obj/testthd.o (symbol from plugin)
wa                                                build/obj/test.o (symbol from plugin)
                                                  build/obj/testbmk.o (symbol from plugin)
                                                  build/obj/testqueues.o (symbol from plugin)
                                                  build/obj/testdyn.o (symbol from plugin)
                                                  build/obj/testpools.o (symbol from plugin)
                                                  build/obj/testevt.o (symbol from plugin)
                                                  build/obj/testmsg.o (symbol from plugin)
                                                  build/obj/testmtx.o (symbol from plugin)
                                                  build/obj/testsem.o (symbol from plugin)
                                                  build/obj/testthd.o (symbol from plugin)
